Archive member included to satisfy reference by file (symbol)

wifi/libwifi_lib.a(wifi.c.obj)
                              src/CMakeFiles/car.dir/main.c.obj (wifi_start)
c:/progra~1/raspbe~1/picosd~1.1/gcc-ar~1/bin/../lib/gcc/arm-none-eabi/10.3.1/thumb/v6-m/nofp\libgcc.a(_dvmd_tls.o)
                              src/CMakeFiles/car.dir/C_/Program_Files/Raspberry_Pi/Pico_SDK_v1.5.1/pico-sdk/src/rp2_common/pico_divider/divider.S.obj (__aeabi_idiv0)
c:/progra~1/raspbe~1/picosd~1.1/gcc-ar~1/bin/../lib/gcc/arm-none-eabi/10.3.1/../../../../arm-none-eabi/lib/thumb/v6-m/nofp\libg.a(lib_a-atoi.o)
                              src/CMakeFiles/car.dir/C_/Program_Files/Raspberry_Pi/Pico_SDK_v1.5.1/pico-sdk/lib/lwip/src/core/netif.c.obj (atoi)
c:/progra~1/raspbe~1/picosd~1.1/gcc-ar~1/bin/../lib/gcc/arm-none-eabi/10.3.1/../../../../arm-none-eabi/lib/thumb/v6-m/nofp\libg.a(lib_a-calloc.o)
                              src/CMakeFiles/car.dir/C_/Program_Files/Raspberry_Pi/Pico_SDK_v1.5.1/pico-sdk/src/rp2_common/pico_malloc/pico_malloc.c.obj (calloc)
c:/progra~1/raspbe~1/picosd~1.1/gcc-ar~1/bin/../lib/gcc/arm-none-eabi/10.3.1/../../../../arm-none-eabi/lib/thumb/v6-m/nofp\libg.a(lib_a-callocr.o)
                              c:/progra~1/raspbe~1/picosd~1.1/gcc-ar~1/bin/../lib/gcc/arm-none-eabi/10.3.1/../../../../arm-none-eabi/lib/thumb/v6-m/nofp\libg.a(lib_a-calloc.o) (_calloc_r)
c:/progra~1/raspbe~1/picosd~1.1/gcc-ar~1/bin/../lib/gcc/arm-none-eabi/10.3.1/../../../../arm-none-eabi/lib/thumb/v6-m/nofp\libg.a(lib_a-ctype_.o)
                              src/CMakeFiles/car.dir/C_/Program_Files/Raspberry_Pi/Pico_SDK_v1.5.1/pico-sdk/lib/lwip/src/core/dns.c.obj (_ctype_)
c:/progra~1/raspbe~1/picosd~1.1/gcc-ar~1/bin/../lib/gcc/arm-none-eabi/10.3.1/../../../../arm-none-eabi/lib/thumb/v6-m/nofp\libg.a(lib_a-errno.o)
                              c:/progra~1/raspbe~1/picosd~1.1/gcc-ar~1/bin/../lib/gcc/arm-none-eabi/10.3.1/../../../../arm-none-eabi/lib/thumb/v6-m/nofp\libg.a(lib_a-callocr.o) (__errno)
c:/progra~1/raspbe~1/picosd~1.1/gcc-ar~1/bin/../lib/gcc/arm-none-eabi/10.3.1/../../../../arm-none-eabi/lib/thumb/v6-m/nofp\libg.a(lib_a-impure.o)
                              c:/progra~1/raspbe~1/picosd~1.1/gcc-ar~1/bin/../lib/gcc/arm-none-eabi/10.3.1/../../../../arm-none-eabi/lib/thumb/v6-m/nofp\libg.a(lib_a-calloc.o) (_impure_ptr)
c:/progra~1/raspbe~1/picosd~1.1/gcc-ar~1/bin/../lib/gcc/arm-none-eabi/10.3.1/../../../../arm-none-eabi/lib/thumb/v6-m/nofp\libg.a(lib_a-init.o)
                              c:/progra~1/raspbe~1/picosd~1.1/gcc-ar~1/bin/../lib/gcc/arm-none-eabi/10.3.1/../../../../arm-none-eabi/lib/thumb/v6-m/nofp/crt0.o (__libc_init_array)
c:/progra~1/raspbe~1/picosd~1.1/gcc-ar~1/bin/../lib/gcc/arm-none-eabi/10.3.1/../../../../arm-none-eabi/lib/thumb/v6-m/nofp\libg.a(lib_a-malloc.o)
                              src/CMakeFiles/car.dir/C_/Program_Files/Raspberry_Pi/Pico_SDK_v1.5.1/pico-sdk/src/rp2_common/pico_malloc/pico_malloc.c.obj (malloc)
c:/progra~1/raspbe~1/picosd~1.1/gcc-ar~1/bin/../lib/gcc/arm-none-eabi/10.3.1/../../../../arm-none-eabi/lib/thumb/v6-m/nofp\libg.a(lib_a-mallocr.o)
                              c:/progra~1/raspbe~1/picosd~1.1/gcc-ar~1/bin/../lib/gcc/arm-none-eabi/10.3.1/../../../../arm-none-eabi/lib/thumb/v6-m/nofp\libg.a(lib_a-callocr.o) (_malloc_r)
c:/progra~1/raspbe~1/picosd~1.1/gcc-ar~1/bin/../lib/gcc/arm-none-eabi/10.3.1/../../../../arm-none-eabi/lib/thumb/v6-m/nofp\libg.a(lib_a-memcmp.o)
                              src/CMakeFiles/car.dir/C_/Program_Files/Raspberry_Pi/Pico_SDK_v1.5.1/pico-sdk/lib/lwip/src/netif/ethernet.c.obj (memcmp)
c:/progra~1/raspbe~1/picosd~1.1/gcc-ar~1/bin/../lib/gcc/arm-none-eabi/10.3.1/../../../../arm-none-eabi/lib/thumb/v6-m/nofp\libg.a(lib_a-memmove.o)
                              src/CMakeFiles/car.dir/C_/Program_Files/Raspberry_Pi/Pico_SDK_v1.5.1/pico-sdk/lib/lwip/src/core/def.c.obj (memmove)
c:/progra~1/raspbe~1/picosd~1.1/gcc-ar~1/bin/../lib/gcc/arm-none-eabi/10.3.1/../../../../arm-none-eabi/lib/thumb/v6-m/nofp\libg.a(lib_a-mlock.o)
                              c:/progra~1/raspbe~1/picosd~1.1/gcc-ar~1/bin/../lib/gcc/arm-none-eabi/10.3.1/../../../../arm-none-eabi/lib/thumb/v6-m/nofp\libg.a(lib_a-mallocr.o) (__malloc_lock)
c:/progra~1/raspbe~1/picosd~1.1/gcc-ar~1/bin/../lib/gcc/arm-none-eabi/10.3.1/../../../../arm-none-eabi/lib/thumb/v6-m/nofp\libg.a(lib_a-realloc.o)
                              src/CMakeFiles/car.dir/C_/Program_Files/Raspberry_Pi/Pico_SDK_v1.5.1/pico-sdk/src/rp2_common/pico_malloc/pico_malloc.c.obj (realloc)
c:/progra~1/raspbe~1/picosd~1.1/gcc-ar~1/bin/../lib/gcc/arm-none-eabi/10.3.1/../../../../arm-none-eabi/lib/thumb/v6-m/nofp\libg.a(lib_a-reallocr.o)
                              c:/progra~1/raspbe~1/picosd~1.1/gcc-ar~1/bin/../lib/gcc/arm-none-eabi/10.3.1/../../../../arm-none-eabi/lib/thumb/v6-m/nofp\libg.a(lib_a-realloc.o) (_realloc_r)
[...]
Memory Configuration

Name             Origin             Length             Attributes
FLASH            0x10000000         0x00200000         xr
RAM              0x20000000         0x00040000         xrw
SCRATCH_X        0x20040000         0x00001000         xrw
SCRATCH_Y        0x20041000         0x00001000         xrw
*default*        0x00000000         0xffffffff

Linker script and memory map

LOAD c:/progra~1/raspbe~1/picosd~1.1/gcc-ar~1/bin/../lib/gcc/arm-none-eabi/10.3.1/thumb/v6-m/nofp/crti.o
LOAD c:/progra~1/raspbe~1/picosd~1.1/gcc-ar~1/bin/../lib/gcc/arm-none-eabi/10.3.1/thumb/v6-m/nofp/crtbegin.o
LOAD c:/progra~1/raspbe~1/picosd~1.1/gcc-ar~1/bin/../lib/gcc/arm-none-eabi/10.3.1/../../../../arm-none-eabi/lib/thumb/v6-m/nofp/crt0.o

.flash_begin    0x10000000        0x0
                0x10000000                __flash_binary_start = .

.boot2          0x10000000      0x100
                0x10000000                __boot2_start__ = .
 *(.boot2)
 .boot2         0x10000000      0x100 C:\Users\NgKay\AppData\Local\Temp\cc8rbnQZ.o
                0x10000100                __boot2_end__ = .
                0x00000001                ASSERT (((__boot2_end__ - __boot2_start__) == 0x100), ERROR: Pico second stage bootloader must be 256 bytes in size)

.text           0x10000100    0x17618
                0x10000100                __logical_binary_start = .
 *(.vectors)
 .vectors       0x10000100       0xd4 src/CMakeFiles/car.dir/C_/Program_Files/Raspberry_Pi/Pico_SDK_v1.5.1/pico-sdk/src/rp2_common/pico_standard_link/crt0.S.obj
                0x10000100                __VECTOR_TABLE
                0x10000100                __vectors
                0x100001c0                isr_invalid
                0x100001c0                __default_isrs_start
                0x100001c2                isr_nmi
                0x100001c4                isr_hardfault
                0x100001c6                isr_svcall
                0x100001c8                isr_pendsv
                0x100001ca                isr_systick
                0x100001cc                isr_irq23
                0x100001cc                isr_irq18
                0x100001cc                isr_irq11
                0x100001cc                isr_irq28
                0x100001cc                isr_irq19
                0x100001cc                isr_irq0
                0x100001cc                isr_irq6
                0x100001cc                isr_irq5
                0x100001cc                isr_irq12
                0x100001cc                isr_irq22
                0x100001cc                isr_irq31
                0x100001cc                isr_irq17
                0x100001cc                isr_irq27
                0x100001cc                isr_irq30
                0x100001cc                isr_irq2
                0x100001cc                isr_irq10
                0x100001cc                isr_irq8
                0x100001cc                isr_irq24
                0x100001cc                isr_irq1
                0x100001cc                isr_irq7
                0x100001cc                isr_irq21
                0x100001cc                isr_irq20
                0x100001cc                isr_irq15
                0x100001cc                isr_irq25
                0x100001cc                isr_irq13
                0x100001cc                __unhandled_user_irq
                0x100001cc                isr_irq4
                0x100001cc                isr_irq16
                0x100001cc                isr_irq29
                0x100001cc                isr_irq26
                0x100001cc                __default_isrs_end
                0x100001cc                isr_irq3
                0x100001cc                isr_irq14
                0x100001cc                isr_irq9
                0x100001d2                unhandled_user_irq_num_in_r0
 *(.binary_info_header)
 .binary_info_header
                0x100001d4       0x14 src/CMakeFiles/car.dir/C_/Program_Files/Raspberry_Pi/Pico_SDK_v1.5.1/pico-sdk/src/rp2_common/pico_standard_link/crt0.S.obj
                0x100001e8                __binary_info_header_end = .
 *(.reset)
 .reset         0x100001e8       0xa0 src/CMakeFiles/car.dir/C_/Program_Files/Raspberry_Pi/Pico_SDK_v1.5.1/pico-sdk/src/rp2_common/pico_standard_link/crt0.S.obj
                0x100001e8                _entry_point
 .reset         0x10000288       0x30 src/CMakeFiles/car.dir/C_/Program_Files/Raspberry_Pi/Pico_SDK_v1.5.1/pico-sdk/src/rp2_common/pico_standard_link/binary_info.c.obj
 *(.init)
 .init          0x100002b8        0x4 c:/progra~1/raspbe~1/picosd~1.1/gcc-ar~1/bin/../lib/gcc/arm-none-eabi/10.3.1/thumb/v6-m/nofp/crti.o
                0x100002b8                _init
 *(EXCLUDE_FILE(*libm.a: *libc.a:*lib_a-mem*.o *libgcc.a:) .text*)
 .text          0x100002bc       0x48 c:/progra~1/raspbe~1/picosd~1.1/gcc-ar~1/bin/../lib/gcc/arm-none-eabi/10.3.1/thumb/v6-m/nofp/crtbegin.o
 .text.wifi_task
                0x10000304       0xb0 src/CMakeFiles/car.dir/main.c.obj
                0x10000304                wifi_task
 .text.main     0x100003b4       0x34 src/CMakeFiles/car.dir/main.c.obj
                0x100003b4                main
 .text.gpio_set_function
                0x100003e8       0x30 src/CMakeFiles/car.dir/C_/Program_Files/Raspberry_Pi/Pico_SDK_v1.5.1/pico-sdk/src/rp2_common/hardware_gpio/gpio.c.obj
                0x100003e8                gpio_set_function
 .text.gpio_set_pulls
                0x10000418       0x34 src/CMakeFiles/car.dir/C_/Program_Files/Raspberry_Pi/Pico_SDK_v1.5.1/pico-sdk/src/rp2_common/hardware_gpio/gpio.c.obj
                0x10000418                gpio_set_pulls
 .text.gpio_set_input_hysteresis_enabled
                0x1000044c       0x30 src/CMakeFiles/car.dir/C_/Program_Files/Raspberry_Pi/Pico_SDK_v1.5.1/pico-sdk/src/rp2_common/hardware_gpio/gpio.c.obj
                0x1000044c                gpio_set_input_hysteresis_enabled
 .text.gpio_add_raw_irq_handler_with_order_priority_masked
                0x1000047c       0x40 src/CMakeFiles/car.dir/C_/Program_Files/Raspberry_Pi/Pico_SDK_v1.5.1/pico-sdk/src/rp2_common/hardware_gpio/gpio.c.obj
                0x1000047c                gpio_add_raw_irq_handler_with_order_priority_masked
 .text.gpio_remove_raw_irq_handler_masked
                0x100004bc       0x48 src/CMakeFiles/car.dir/C_/Program_Files/Raspberry_Pi/Pico_SDK_v1.5.1/pico-sdk/src/rp2_common/hardware_gpio/gpio.c.obj
                0x100004bc                gpio_remove_raw_irq_handler_masked
 .text.gpio_acknowledge_irq
                0x10000504       0x18 src/CMakeFiles/car.dir/C_/Program_Files/Raspberry_Pi/Pico_SDK_v1.5.1/pico-sdk/src/rp2_common/hardware_gpio/gpio.c.obj
                0x10000504                gpio_acknowledge_irq
 .text._gpio_set_irq_enabled
                0x1000051c       0x34 src/CMakeFiles/car.dir/C_/Program_Files/Raspberry_Pi/Pico_SDK_v1.5.1/pico-sdk/src/rp2_common/hardware_gpio/gpio.c.obj
 .text.gpio_set_irq_enabled
                0x10000550       0x20 src/CMakeFiles/car.dir/C_/Program_Files/Raspberry_Pi/Pico_SDK_v1.5.1/pico-sdk/src/rp2_common/hardware_gpio/gpio.c.obj
                0x10000550                gpio_set_irq_enabled
 .text.gpio_init
                0x10000570       0x16 src/CMakeFiles/car.dir/C_/Program_Files/Raspberry_Pi/Pico_SDK_v1.5.1/pico-sdk/src/rp2_common/hardware_gpio/gpio.c.obj
                0x10000570                gpio_init
 *fill*         0x10000586        0x2 
 .text.running_on_fpga
                0x10000588       0x14 src/CMakeFiles/car.dir/C_/Program_Files/Raspberry_Pi/Pico_SDK_v1.5.1/pico-sdk/src/rp2_common/pico_platform/platform.c.obj
                0x10000588                running_on_fpga
 .text.hw_claim_lock
                0x1000059c       0x18 src/CMakeFiles/car.dir/C_/Program_Files/Raspberry_Pi/Pico_SDK_v1.5.1/pico-sdk/src/rp2_common/hardware_claim/claim.c.obj
                0x1000059c                hw_claim_lock
 .text.hw_claim_unlock
                0x100005b4       0x14 src/CMakeFiles/car.dir/C_/Program_Files/Raspberry_Pi/Pico_SDK_v1.5.1/pico-sdk/src/rp2_common/hardware_claim/claim.c.obj
                0x100005b4                hw_claim_unlock
 .text.hw_claim_or_assert
                0x100005c8       0x32 src/CMakeFiles/car.dir/C_/Program_Files/Raspberry_Pi/Pico_SDK_v1.5.1/pico-sdk/src/rp2_common/hardware_claim/claim.c.obj
                0x100005c8                hw_claim_or_assert
 .text.hw_claim_unused_from_range
                0x100005fa       0x50 src/CMakeFiles/car.dir/C_/Program_Files/Raspberry_Pi/Pico_SDK_v1.5.1/pico-sdk/src/rp2_common/hardware_claim/claim.c.obj
                0x100005fa                hw_claim_unused_from_range
 *fill*         0x1000064a        0x2 
 .text.hw_claim_clear
                0x1000064c       0x40 src/CMakeFiles/car.dir/C_/Program_Files/Raspberry_Pi/Pico_SDK_v1.5.1/pico-sdk/src/rp2_common/hardware_claim/claim.c.obj
                0x1000064c                hw_claim_clear
 .text.spin_locks_reset
                0x1000068c       0x20 src/CMakeFiles/car.dir/C_/Program_Files/Raspberry_Pi/Pico_SDK_v1.5.1/pico-sdk/src/rp2_common/hardware_sync/sync.c.obj
                0x1000068c                spin_locks_reset
 .text.next_striped_spin_lock_num
                0x100006ac       0x1c src/CMakeFiles/car.dir/C_/Program_Files/Raspberry_Pi/Pico_SDK_v1.5.1/pico-sdk/src/rp2_common/hardware_sync/sync.c.obj
                0x100006ac                next_striped_spin_lock_num
 .text.spin_lock_claim_unused
                0x100006c8       0x20 src/CMakeFiles/car.dir/C_/Program_Files/Raspberry_Pi/Pico_SDK_v1.5.1/pico-sdk/src/rp2_common/hardware_sync/sync.c.obj
                0x100006c8                spin_lock_claim_unused
 .text.set_raw_irq_handler_and_unlock
                0x100006e8       0x28 src/CMakeFiles/car.dir/C_/Program_Files/Raspberry_Pi/Pico_SDK_v1.5.1/pico-sdk/src/rp2_common/hardware_irq/irq.c.obj
 .text.make_branch
                0x10000710       0x48 src/CMakeFiles/car.dir/C_/Program_Files/Raspberry_Pi/Pico_SDK_v1.5.1/pico-sdk/src/rp2_common/hardware_irq/irq.c.obj
 .text.insert_branch_and_link
                0x10000758       0x40 src/CMakeFiles/car.dir/C_/Program_Files/Raspberry_Pi/Pico_SDK_v1.5.1/pico-sdk/src/rp2_common/hardware_irq/irq.c.obj
 .text.irq_is_enabled
                0x10000798       0x18 src/CMakeFiles/car.dir/C_/Program_Files/Raspberry_Pi/Pico_SDK_v1.5.1/pico-sdk/src/rp2_common/hardware_irq/irq.c.obj
                0x10000798                irq_is_enabled
 .text.irq_set_mask_enabled
                0x100007b0       0x20 src/CMakeFiles/car.dir/C_/Program_Files/Raspberry_Pi/Pico_SDK_v1.5.1/pico-sdk/src/rp2_common/hardware_irq/irq.c.obj
                0x100007b0                irq_set_mask_enabled
 .text.irq_set_enabled
                0x100007d0        0xe src/CMakeFiles/car.dir/C_/Program_Files/Raspberry_Pi/Pico_SDK_v1.5.1/pico-sdk/src/rp2_common/hardware_irq/irq.c.obj
                0x100007d0                irq_set_enabled
 *fill*         0x100007de        0x2 
 .text.irq_set_pending
                0x100007e0       0x10 src/CMakeFiles/car.dir/C_/Program_Files/Raspberry_Pi/Pico_SDK_v1.5.1/pico-sdk/src/rp2_common/hardware_irq/irq.c.obj
                0x100007e0                irq_set_pending
 .text.irq_get_vtable_handler
                0x100007f0       0x10 src/CMakeFiles/car.dir/C_/Program_Files/Raspberry_Pi/Pico_SDK_v1.5.1/pico-sdk/src/rp2_common/hardware_irq/irq.c.obj
                0x100007f0                irq_get_vtable_handler
 .text.irq_has_shared_handler
                0x10000800       0x24 src/CMakeFiles/car.dir/C_/Program_Files/Raspberry_Pi/Pico_SDK_v1.5.1/pico-sdk/src/rp2_common/hardware_irq/irq.c.obj
                0x10000800                irq_has_shared_handler
 .text.irq_set_exclusive_handler
                0x10000824       0x54 src/CMakeFiles/car.dir/C_/Program_Files/Raspberry_Pi/Pico_SDK_v1.5.1/pico-sdk/src/rp2_common/hardware_irq/irq.c.obj
                0x10000824                irq_set_exclusive_handler
 .text.irq_add_shared_handler
                0x10000878      0x234 src/CMakeFiles/car.dir/C_/Program_Files/Raspberry_Pi/Pico_SDK_v1.5.1/pico-sdk/src/rp2_common/hardware_irq/irq.c.obj
                0x10000878                irq_add_shared_handler
 .text.irq_remove_handler
                0x10000aac      0x1ac src/CMakeFiles/car.dir/C_/Program_Files/Raspberry_Pi/Pico_SDK_v1.5.1/pico-sdk/src/rp2_common/hardware_irq/irq.c.obj
                0x10000aac                irq_remove_handler
 .text.irq_set_priority
                0x10000c58       0x28 src/CMakeFiles/car.dir/C_/Program_Files/Raspberry_Pi/Pico_SDK_v1.5.1/pico-sdk/src/rp2_common/hardware_irq/irq.c.obj
                0x10000c58                irq_set_priority
 .text.irq_add_tail_to_free_list
                0x10000c80       0xf0 src/CMakeFiles/car.dir/C_/Program_Files/Raspberry_Pi/Pico_SDK_v1.5.1/pico-sdk/src/rp2_common/hardware_irq/irq.c.obj
                0x10000c80                irq_add_tail_to_free_list
 .text.irq_init_priorities
                0x10000d70       0x1c src/CMakeFiles/car.dir/C_/Program_Files/Raspberry_Pi/Pico_SDK_v1.5.1/pico-sdk/src/rp2_common/hardware_irq/irq.c.obj
                0x10000d70                irq_init_priorities
 .text.user_irq_claim_unused
                0x10000d8c       0x28 src/CMakeFiles/car.dir/C_/Program_Files/Raspberry_Pi/Pico_SDK_v1.5.1/pico-sdk/src/rp2_common/hardware_irq/irq.c.obj
                0x10000d8c                user_irq_claim_unused
 .text.lock_init
                0x10000db4       0x10 src/CMakeFiles/car.dir/C_/Program_Files/Raspberry_Pi/Pico_SDK_v1.5.1/pico-sdk/src/common/pico_sync/lock_core.c.obj
                0x10000db4                lock_init
 .text.mutex_init
                0x10000dc4       0x1c src/CMakeFiles/car.dir/C_/Program_Files/Raspberry_Pi/Pico_SDK_v1.5.1/pico-sdk/src/common/pico_sync/mutex.c.obj
                0x10000dc4                mutex_init
 .text.recursive_mutex_init
                0x10000de0       0x20 src/CMakeFiles/car.dir/C_/Program_Files/Raspberry_Pi/Pico_SDK_v1.5.1/pico-sdk/src/common/pico_sync/mutex.c.obj
                0x10000de0                recursive_mutex_init
 .text.critical_section_init_with_lock_num
                0x10000e00       0x14 src/CMakeFiles/car.dir/C_/Program_Files/Raspberry_Pi/Pico_SDK_v1.5.1/pico-sdk/src/common/pico_sync/critical_section.c.obj
                0x10000e00                critical_section_init_with_lock_num
 .text.critical_section_init
                0x10000e14       0x14 src/CMakeFiles/car.dir/C_/Program_Files/Raspberry_Pi/Pico_SDK_v1.5.1/pico-sdk/src/common/pico_sync/critical_section.c.obj
                0x10000e14                critical_section_init
 .text.alarm_pool_post_alloc_init
                0x10000e28       0x40 src/CMakeFiles/car.dir/C_/Program_Files/Raspberry_Pi/Pico_SDK_v1.5.1/pico-sdk/src/common/pico_time/time.c.obj
 .text.sleep_until_callback
                0x10000e68       0x28 src/CMakeFiles/car.dir/C_/Program_Files/Raspberry_Pi/Pico_SDK_v1.5.1/pico-sdk/src/common/pico_time/time.c.obj
 .text.timer_pool_entry_comparator
                0x10000e90       0x7c src/CMakeFiles/car.dir/C_/Program_Files/Raspberry_Pi/Pico_SDK_v1.5.1/pico-sdk/src/common/pico_time/time.c.obj
                0x10000e90                timer_pool_entry_comparator
 .text.ph_add_child_node
                0x10000f0c       0xa4 src/CMakeFiles/car.dir/C_/Program_Files/Raspberry_Pi/Pico_SDK_v1.5.1/pico-sdk/src/common/pico_time/time.c.obj
 .text.ph_merge_nodes
                0x10000fb0       0x3e src/CMakeFiles/car.dir/C_/Program_Files/Raspberry_Pi/Pico_SDK_v1.5.1/pico-sdk/src/common/pico_time/time.c.obj
 *fill*         0x10000fee        0x2 
 .text.add_alarm_under_lock
                0x10000ff0      0x174 src/CMakeFiles/car.dir/C_/Program_Files/Raspberry_Pi/Pico_SDK_v1.5.1/pico-sdk/src/common/pico_time/time.c.obj
 .text.alarm_pool_alarm_callback
                0x10001164      0x33c src/CMakeFiles/car.dir/C_/Program_Files/Raspberry_Pi/Pico_SDK_v1.5.1/pico-sdk/src/common/pico_time/time.c.obj
 .text.alarm_pool_init_default
                0x100014a0       0x40 src/CMakeFiles/car.dir/C_/Program_Files/Raspberry_Pi/Pico_SDK_v1.5.1/pico-sdk/src/common/pico_time/time.c.obj
                0x100014a0                alarm_pool_init_default
 .text.alarm_pool_get_default
                0x100014e0       0x2c src/CMakeFiles/car.dir/C_/Program_Files/Raspberry_Pi/Pico_SDK_v1.5.1/pico-sdk/src/common/pico_time/time.c.obj
                0x100014e0                alarm_pool_get_default
 .text.alarm_pool_add_alarm_at
                0x1000150c      0x168 src/CMakeFiles/car.dir/C_/Program_Files/Raspberry_Pi/Pico_SDK_v1.5.1/pico-sdk/src/common/pico_time/time.c.obj
                0x1000150c                alarm_pool_add_alarm_at
 .text.alarm_pool_cancel_alarm
                0x10001674       0xf8 src/CMakeFiles/car.dir/C_/Program_Files/Raspberry_Pi/Pico_SDK_v1.5.1/pico-sdk/src/common/pico_time/time.c.obj
                0x10001674                alarm_pool_cancel_alarm
 .text.alarm_pool_core_num
                0x1000176c        0x4 src/CMakeFiles/car.dir/C_/Program_Files/Raspberry_Pi/Pico_SDK_v1.5.1/pico-sdk/src/common/pico_time/time.c.obj
                0x1000176c                alarm_pool_core_num
 .text.sleep_until
                0x10001770       0xf0 src/CMakeFiles/car.dir/C_/Program_Files/Raspberry_Pi/Pico_SDK_v1.5.1/pico-sdk/src/common/pico_time/time.c.obj
                0x10001770                sleep_until
 .text.sleep_us
                0x10001860       0x58 src/CMakeFiles/car.dir/C_/Program_Files/Raspberry_Pi/Pico_SDK_v1.5.1/pico-sdk/src/common/pico_time/time.c.obj
                0x10001860                sleep_us
 .text.sleep_ms
                0x100018b8       0x14 src/CMakeFiles/car.dir/C_/Program_Files/Raspberry_Pi/Pico_SDK_v1.5.1/pico-sdk/src/common/pico_time/time.c.obj
                0x100018b8                sleep_ms
 .text.best_effort_wfe_or_timeout
                0x100018cc       0xac src/CMakeFiles/car.dir/C_/Program_Files/Raspberry_Pi/Pico_SDK_v1.5.1/pico-sdk/src/common/pico_time/time.c.obj
                0x100018cc                best_effort_wfe_or_timeout
 .text.hardware_alarm_irq_handler
                0x10001978       0x90 src/CMakeFiles/car.dir/C_/Program_Files/Raspberry_Pi/Pico_SDK_v1.5.1/pico-sdk/src/rp2_common/hardware_timer/timer.c.obj
 .text.hardware_alarm_claim
                0x10001a08       0x18 src/CMakeFiles/car.dir/C_/Program_Files/Raspberry_Pi/Pico_SDK_v1.5.1/pico-sdk/src/rp2_common/hardware_timer/timer.c.obj
                0x10001a08                hardware_alarm_claim
 .text.time_us_64
                0x10001a20       0x18 src/CMakeFiles/car.dir/C_/Program_Files/Raspberry_Pi/Pico_SDK_v1.5.1/pico-sdk/src/rp2_common/hardware_timer/timer.c.obj
                0x10001a20                time_us_64
 .text.busy_wait_until
                0x10001a38       0x28 src/CMakeFiles/car.dir/C_/Program_Files/Raspberry_Pi/Pico_SDK_v1.5.1/pico-sdk/src/rp2_common/hardware_timer/timer.c.obj
                0x10001a38                busy_wait_until
 .text.hardware_alarm_set_callback
                0x10001a60       0x90 src/CMakeFiles/car.dir/C_/Program_Files/Raspberry_Pi/Pico_SDK_v1.5.1/pico-sdk/src/rp2_common/hardware_timer/timer.c.obj
                0x10001a60                hardware_alarm_set_callback
 .text.hardware_alarm_set_target
                0x10001af0       0xe8 src/CMakeFiles/car.dir/C_/Program_Files/Raspberry_Pi/Pico_SDK_v1.5.1/pico-sdk/src/rp2_common/hardware_timer/timer.c.obj
                0x10001af0                hardware_alarm_set_target
 .text.hardware_alarm_cancel
                0x10001bd8       0x40 src/CMakeFiles/car.dir/C_/Program_Files/Raspberry_Pi/Pico_SDK_v1.5.1/pico-sdk/src/rp2_common/hardware_timer/timer.c.obj
                0x10001bd8                hardware_alarm_cancel
 .text.ph_add_child_node
                0x10001c18       0xa4 src/CMakeFiles/car.dir/C_/Program_Files/Raspberry_Pi/Pico_SDK_v1.5.1/pico-sdk/src/common/pico_util/pheap.c.obj
 .text.ph_merge_nodes
                0x10001cbc       0x3e src/CMakeFiles/car.dir/C_/Program_Files/Raspberry_Pi/Pico_SDK_v1.5.1/pico-sdk/src/common/pico_util/pheap.c.obj
 *fill*         0x10001cfa        0x2 
 .text.ph_clear
                0x10001cfc       0x70 src/CMakeFiles/car.dir/C_/Program_Files/Raspberry_Pi/Pico_SDK_v1.5.1/pico-sdk/src/common/pico_util/pheap.c.obj
                0x10001cfc                ph_clear
 .text.ph_post_alloc_init
                0x10001d6c        0xe src/CMakeFiles/car.dir/C_/Program_Files/Raspberry_Pi/Pico_SDK_v1.5.1/pico-sdk/src/common/pico_util/pheap.c.obj
                0x10001d6c                ph_post_alloc_init
 *fill*         0x10001d7a        0x2 
 .text.ph_merge_two_pass
                0x10001d7c       0xa8 src/CMakeFiles/car.dir/C_/Program_Files/Raspberry_Pi/Pico_SDK_v1.5.1/pico-sdk/src/common/pico_util/pheap.c.obj
                0x10001d7c                ph_merge_two_pass
 .text.ph_remove_any_head
                0x10001e24      0x128 src/CMakeFiles/car.dir/C_/Program_Files/Raspberry_Pi/Pico_SDK_v1.5.1/pico-sdk/src/common/pico_util/pheap.c.obj
 .text.ph_remove_head
                0x10001f4c       0x14 src/CMakeFiles/car.dir/C_/Program_Files/Raspberry_Pi/Pico_SDK_v1.5.1/pico-sdk/src/common/pico_util/pheap.c.obj
                0x10001f4c                ph_remove_head
 .text.ph_remove_and_free_node
                0x10001f60       0xf8 src/CMakeFiles/car.dir/C_/Program_Files/Raspberry_Pi/Pico_SDK_v1.5.1/pico-sdk/src/common/pico_util/pheap.c.obj
                0x10001f60                ph_remove_and_free_node
 .text.clock_configure
                0x10002058      0x108 src/CMakeFiles/car.dir/C_/Program_Files/Raspberry_Pi/Pico_SDK_v1.5.1/pico-sdk/src/rp2_common/hardware_clocks/clocks.c.obj
                0x10002058                clock_configure
 .text.clocks_init
                0x10002160      0x100 src/CMakeFiles/car.dir/C_/Program_Files/Raspberry_Pi/Pico_SDK_v1.5.1/pico-sdk/src/rp2_common/hardware_clocks/clocks.c.obj
                0x10002160                clocks_init
 .text.clock_get_hz
                0x10002260        0xc src/CMakeFiles/car.dir/C_/Program_Files/Raspberry_Pi/Pico_SDK_v1.5.1/pico-sdk/src/rp2_common/hardware_clocks/clocks.c.obj
                0x10002260                clock_get_hz
 .text.pll_init
                0x1000226c      0x120 src/CMakeFiles/car.dir/C_/Program_Files/Raspberry_Pi/Pico_SDK_v1.5.1/pico-sdk/src/rp2_common/hardware_pll/pll.c.obj
                0x1000226c                pll_init
 .text.watchdog_start_tick
                0x1000238c       0x10 src/CMakeFiles/car.dir/C_/Program_Files/Raspberry_Pi/Pico_SDK_v1.5.1/pico-sdk/src/rp2_common/hardware_watchdog/watchdog.c.obj
                0x1000238c                watchdog_start_tick
 .text.watchdog_update
                0x1000239c       0x14 src/CMakeFiles/car.dir/C_/Program_Files/Raspberry_Pi/Pico_SDK_v1.5.1/pico-sdk/src/rp2_common/hardware_watchdog/watchdog.c.obj
                0x1000239c                watchdog_update
 .text._watchdog_enable
                0x100023b0       0x78 src/CMakeFiles/car.dir/C_/Program_Files/Raspberry_Pi/Pico_SDK_v1.5.1/pico-sdk/src/rp2_common/hardware_watchdog/watchdog.c.obj
                0x100023b0                _watchdog_enable
 .text.watchdog_reboot
                0x10002428       0x48 src/CMakeFiles/car.dir/C_/Program_Files/Raspberry_Pi/Pico_SDK_v1.5.1/pico-sdk/src/rp2_common/hardware_watchdog/watchdog.c.obj
                0x10002428                watchdog_reboot
 .text.xosc_init
                0x10002470       0x28 src/CMakeFiles/car.dir/C_/Program_Files/Raspberry_Pi/Pico_SDK_v1.5.1/pico-sdk/src/rp2_common/hardware_xosc/xosc.c.obj
                0x10002470                xosc_init
 .text._exit    0x10002498        0x4 src/CMakeFiles/car.dir/C_/Program_Files/Raspberry_Pi/Pico_SDK_v1.5.1/pico-sdk/src/rp2_common/pico_runtime/runtime.c.obj
                0x10002498                _exit
 .text.exit     0x1000249c        0x6 src/CMakeFiles/car.dir/C_/Program_Files/Raspberry_Pi/Pico_SDK_v1.5.1/pico-sdk/src/rp2_common/pico_runtime/runtime.c.obj
                0x1000249c                exit
 *fill*         0x100024a2        0x2 
 .text.__assert_func
                0x100024a4       0x3c src/CMakeFiles/car.dir/C_/Program_Files/Raspberry_Pi/Pico_SDK_v1.5.1/pico-sdk/src/rp2_common/pico_runtime/runtime.c.obj
                0x100024a4                __assert_func
 .text.runtime_init
                0x100024e0       0xf8 src/CMakeFiles/car.dir/C_/Program_Files/Raspberry_Pi/Pico_SDK_v1.5.1/pico-sdk/src/rp2_common/pico_runtime/runtime.c.obj
                0x100024e0                runtime_init
 .text.panic    0x100025d8       0x30 src/CMakeFiles/car.dir/C_/Program_Files/Raspberry_Pi/Pico_SDK_v1.5.1/pico-sdk/src/rp2_common/pico_runtime/runtime.c.obj
                0x100025d8                panic
 .text.panic_unsupported
                0x10002608        0xc src/CMakeFiles/car.dir/C_/Program_Files/Raspberry_Pi/Pico_SDK_v1.5.1/pico-sdk/src/rp2_common/pico_runtime/runtime.c.obj
                0x10002608                panic_unsupported
 .text._out_null
                0x10002614        0x2 src/CMakeFiles/car.dir/C_/Program_Files/Raspberry_Pi/Pico_SDK_v1.5.1/pico-sdk/src/rp2_common/pico_printf/printf.c.obj
 .text._out_fct
                0x10002616        0xe src/CMakeFiles/car.dir/C_/Program_Files/Raspberry_Pi/Pico_SDK_v1.5.1/pico-sdk/src/rp2_common/pico_printf/printf.c.obj
 .text._atoi    0x10002624       0x24 src/CMakeFiles/car.dir/C_/Program_Files/Raspberry_Pi/Pico_SDK_v1.5.1/pico-sdk/src/rp2_common/pico_printf/printf.c.obj
 .text._out_rev
                0x10002648       0xae src/CMakeFiles/car.dir/C_/Program_Files/Raspberry_Pi/Pico_SDK_v1.5.1/pico-sdk/src/rp2_common/pico_printf/printf.c.obj
 .text._ntoa_format
                0x100026f6      0x112 src/CMakeFiles/car.dir/C_/Program_Files/Raspberry_Pi/Pico_SDK_v1.5.1/pico-sdk/src/rp2_common/pico_printf/printf.c.obj
 .text._ntoa_long
                0x10002808       0xbc src/CMakeFiles/car.dir/C_/Program_Files/Raspberry_Pi/Pico_SDK_v1.5.1/pico-sdk/src/rp2_common/pico_printf/printf.c.obj
 .text._ntoa_long_long
                0x100028c4       0xe2 src/CMakeFiles/car.dir/C_/Program_Files/Raspberry_Pi/Pico_SDK_v1.5.1/pico-sdk/src/rp2_common/pico_printf/printf.c.obj
 *fill*         0x100029a6        0x2 
 .text._etoa    0x100029a8      0x414 src/CMakeFiles/car.dir/C_/Program_Files/Raspberry_Pi/Pico_SDK_v1.5.1/pico-sdk/src/rp2_common/pico_printf/printf.c.obj
 .text._ftoa    0x10002dbc      0x354 src/CMakeFiles/car.dir/C_/Program_Files/Raspberry_Pi/Pico_SDK_v1.5.1/pico-sdk/src/rp2_common/pico_printf/printf.c.obj
 .text._vsnprintf
                0x10003110      0x624 src/CMakeFiles/car.dir/C_/Program_Files/Raspberry_Pi/Pico_SDK_v1.5.1/pico-sdk/src/rp2_common/pico_printf/printf.c.obj
 .text.vfctprintf
                0x10003734       0x20 src/CMakeFiles/car.dir/C_/Program_Files/Raspberry_Pi/Pico_SDK_v1.5.1/pico-sdk/src/rp2_common/pico_printf/printf.c.obj
                0x10003734                vfctprintf
 .text          0x10003754       0x10 src/CMakeFiles/car.dir/C_/Program_Files/Raspberry_Pi/Pico_SDK_v1.5.1/pico-sdk/src/rp2_common/pico_bit_ops/bit_ops_aeabi.S.obj
 .text.ctzsi    0x10003764        0xc src/CMakeFiles/car.dir/C_/Program_Files/Raspberry_Pi/Pico_SDK_v1.5.1/pico-sdk/src/rp2_common/pico_bit_ops/bit_ops_aeabi.S.obj
                0x10003764                __wrap___ctzsi2
 .text.rom_func_lookup
                0x10003770       0x10 src/CMakeFiles/car.dir/C_/Program_Files/Raspberry_Pi/Pico_SDK_v1.5.1/pico-sdk/src/rp2_common/pico_bootrom/bootrom.c.obj
                0x10003770                rom_func_lookup
 .text.rom_data_lookup
                0x10003780       0x10 src/CMakeFiles/car.dir/C_/Program_Files/Raspberry_Pi/Pico_SDK_v1.5.1/pico-sdk/src/rp2_common/pico_bootrom/bootrom.c.obj
                0x10003780                rom_data_lookup
 .text.rom_funcs_lookup
                0x10003790       0x36 src/CMakeFiles/car.dir/C_/Program_Files/Raspberry_Pi/Pico_SDK_v1.5.1/pico-sdk/src/rp2_common/pico_bootrom/bootrom.c.obj
                0x10003790                rom_funcs_lookup
 *fill*         0x100037c6        0x2 
 .text.__wrap___aeabi_idiv
                0x100037c8       0x50 src/CMakeFiles/car.dir/C_/Program_Files/Raspberry_Pi/Pico_SDK_v1.5.1/pico-sdk/src/rp2_common/pico_divider/divider.S.obj
                0x100037c8                __wrap___aeabi_idivmod
                0x100037c8                divmod_s32s32
                0x100037c8                div_s32s32
                0x100037c8                __wrap___aeabi_idiv
                0x100037d0                divmod_s32s32_unsafe
                0x100037fc                divmod_s32s32_savestate
 .text.__wrap___aeabi_uidiv
                0x10003818       0x4c src/CMakeFiles/car.dir/C_/Program_Files/Raspberry_Pi/Pico_SDK_v1.5.1/pico-sdk/src/rp2_common/pico_divider/divider.S.obj
                0x10003818                __wrap___aeabi_uidiv
                0x10003818                __wrap___aeabi_uidivmod
                0x10003818                div_u32u32
                0x10003818                divmod_u32u32
                0x10003820                divmod_u32u32_unsafe
                0x10003848                divmod_u32u32_savestate
 .text.__wrap___aeabi_ldiv
                0x10003864      0x424 src/CMakeFiles/car.dir/C_/Program_Files/Raspberry_Pi/Pico_SDK_v1.5.1/pico-sdk/src/rp2_common/pico_divider/divider.S.obj
                0x10003864                div_s64s64
                0x10003864                divmod_s64s64
                0x10003864                __wrap___aeabi_ldivmod
                0x10003894                divmod_u64u64
                0x10003894                div_u64u64
                0x10003894                __wrap___aeabi_uldivmod
                0x100038a4                divmod_u64u64_savestate
                0x100038c4                divmod_s64s64_unsafe
                0x1000394c                divmod_u64u64_unsafe
 .text.__wrap___aeabi_darithmetic
                0x10003c88       0x60 src/CMakeFiles/car.dir/C_/Program_Files/Raspberry_Pi/Pico_SDK_v1.5.1/pico-sdk/src/rp2_common/pico_double/double_aeabi.S.obj
                0x10003c88                __wrap___aeabi_drsub
                0x10003c8e                __wrap___aeabi_dsub
                0x10003c98                __wrap___aeabi_dadd
                0x10003ca2                __wrap___aeabi_ddiv
                0x10003cd6                __wrap___aeabi_dmul
 .text.__wrap___aeabi_cdcmple
                0x10003ce8       0x6c src/CMakeFiles/car.dir/C_/Program_Files/Raspberry_Pi/Pico_SDK_v1.5.1/pico-sdk/src/rp2_common/pico_double/double_aeabi.S.obj
                0x10003ce8                __wrap___aeabi_cdrcmple
                0x10003cf8                __wrap___aeabi_cdcmpeq
                0x10003cf8                __wrap___aeabi_cdcmple
 .text.__wrap___aeabi_dcmplt
                0x10003d54        0xc src/CMakeFiles/car.dir/C_/Program_Files/Raspberry_Pi/Pico_SDK_v1.5.1/pico-sdk/src/rp2_common/pico_double/double_aeabi.S.obj
                0x10003d54                __wrap___aeabi_dcmplt
 .text.__wrap___aeabi_dcmple
                0x10003d60       0x10 src/CMakeFiles/car.dir/C_/Program_Files/Raspberry_Pi/Pico_SDK_v1.5.1/pico-sdk/src/rp2_common/pico_double/double_aeabi.S.obj
                0x10003d60                __wrap___aeabi_dcmple
 .text.__wrap___aeabi_dcmpge
                0x10003d70       0x10 src/CMakeFiles/car.dir/C_/Program_Files/Raspberry_Pi/Pico_SDK_v1.5.1/pico-sdk/src/rp2_common/pico_double/double_aeabi.S.obj
                0x10003d70                __wrap___aeabi_dcmpge
 .text.__wrap___aeabi_dcmpgt
                0x10003d80        0xa src/CMakeFiles/car.dir/C_/Program_Files/Raspberry_Pi/Pico_SDK_v1.5.1/pico-sdk/src/rp2_common/pico_double/double_aeabi.S.obj
                0x10003d80                __wrap___aeabi_dcmpgt
 .text.__wrap___aeabi_dcmpun
                0x10003d8a       0x1c src/CMakeFiles/car.dir/C_/Program_Files/Raspberry_Pi/Pico_SDK_v1.5.1/pico-sdk/src/rp2_common/pico_double/double_aeabi.S.obj
                0x10003d8a                __wrap___aeabi_dcmpun
 *fill*         0x10003da6        0x2 
 .text.__wrap___aeabi_i2d
                0x10003da8       0x38 src/CMakeFiles/car.dir/C_/Program_Files/Raspberry_Pi/Pico_SDK_v1.5.1/pico-sdk/src/rp2_common/pico_double/double_aeabi.S.obj
                0x10003da8                __wrap___aeabi_ui2d
                0x10003db0                __wrap___aeabi_i2d
 .text.__wrap___aeabi_d2iz
                0x10003de0       0x48 src/CMakeFiles/car.dir/C_/Program_Files/Raspberry_Pi/Pico_SDK_v1.5.1/pico-sdk/src/rp2_common/pico_double/double_aeabi.S.obj
                0x10003de0                double2int_z
                0x10003de0                __wrap___aeabi_d2iz
 .text.__wrap___aeabi_d2uiz
                0x10003e28       0x10 src/CMakeFiles/car.dir/C_/Program_Files/Raspberry_Pi/Pico_SDK_v1.5.1/pico-sdk/src/rp2_common/pico_double/double_aeabi.S.obj
                0x10003e28                __wrap___aeabi_d2uiz
                0x10003e28                double2uint
 .text.missing_double_func_shim
                0x10003e38        0xc src/CMakeFiles/car.dir/C_/Program_Files/Raspberry_Pi/Pico_SDK_v1.5.1/pico-sdk/src/rp2_common/pico_double/double_init_rom.c.obj
 .text.__aeabi_double_init
                0x10003e44       0xcc src/CMakeFiles/car.dir/C_/Program_Files/Raspberry_Pi/Pico_SDK_v1.5.1/pico-sdk/src/rp2_common/pico_double/double_init_rom.c.obj
                0x10003e44                __aeabi_double_init
 .text.double_table_shim_on_use_helper
                0x10003f10       0x34 src/CMakeFiles/car.dir/C_/Program_Files/Raspberry_Pi/Pico_SDK_v1.5.1/pico-sdk/src/rp2_common/pico_double/double_v1_rom_shim.S.obj
                0x10003f10                double_table_shim_on_use_helper
 .text.__aeabi_lmul
                0x10003f44       0x32 src/CMakeFiles/car.dir/C_/Program_Files/Raspberry_Pi/Pico_SDK_v1.5.1/pico-sdk/src/rp2_common/pico_int64_ops/pico_int64_ops_aeabi.S.obj
                0x10003f44                __wrap___aeabi_lmul
 *fill*         0x10003f76        0x2 
 .text.missing_float_func_shim
                0x10003f78        0xc src/CMakeFiles/car.dir/C_/Program_Files/Raspberry_Pi/Pico_SDK_v1.5.1/pico-sdk/src/rp2_common/pico_float/float_init_rom.c.obj
 .text.__aeabi_float_init
                0x10003f84       0x88 src/CMakeFiles/car.dir/C_/Program_Files/Raspberry_Pi/Pico_SDK_v1.5.1/pico-sdk/src/rp2_common/pico_float/float_init_rom.c.obj
                0x10003f84                __aeabi_float_init
 .text          0x1000400c       0x10 src/CMakeFiles/car.dir/C_/Program_Files/Raspberry_Pi/Pico_SDK_v1.5.1/pico-sdk/src/rp2_common/pico_mem_ops/mem_ops_aeabi.S.obj
                0x1000400c                __aeabi_mem_init
 .text.memset   0x1000401c        0xc src/CMakeFiles/car.dir/C_/Program_Files/Raspberry_Pi/Pico_SDK_v1.5.1/pico-sdk/src/rp2_common/pico_mem_ops/mem_ops_aeabi.S.obj
                0x1000401c                __wrap_memset
 .text.memcpy   0x10004028        0xc src/CMakeFiles/car.dir/C_/Program_Files/Raspberry_Pi/Pico_SDK_v1.5.1/pico-sdk/src/rp2_common/pico_mem_ops/mem_ops_aeabi.S.obj
                0x10004028                __wrap_memcpy
                0x10004028                __wrap___aeabi_memcpy
 .text.stdio_out_chars_no_crlf
                0x10004034        0xe src/CMakeFiles/car.dir/C_/Program_Files/Raspberry_Pi/Pico_SDK_v1.5.1/pico-sdk/src/rp2_common/pico_stdio/stdio.c.obj
 *fill*         0x10004042        0x2 
 .text.stdio_out_chars_crlf
                0x10004044       0x80 src/CMakeFiles/car.dir/C_/Program_Files/Raspberry_Pi/Pico_SDK_v1.5.1/pico-sdk/src/rp2_common/pico_stdio/stdio.c.obj
 .text.stdio_stack_buffer_flush
                0x100040c4       0x44 src/CMakeFiles/car.dir/C_/Program_Files/Raspberry_Pi/Pico_SDK_v1.5.1/pico-sdk/src/rp2_common/pico_stdio/stdio.c.obj
 .text.stdio_buffered_printer
                0x10004108       0x20 src/CMakeFiles/car.dir/C_/Program_Files/Raspberry_Pi/Pico_SDK_v1.5.1/pico-sdk/src/rp2_common/pico_stdio/stdio.c.obj
 .text.stdout_serialize_begin
                0x10004128       0x5c src/CMakeFiles/car.dir/C_/Program_Files/Raspberry_Pi/Pico_SDK_v1.5.1/pico-sdk/src/rp2_common/pico_stdio/stdio.c.obj
                0x10004128                stdout_serialize_begin
 .text.stdout_serialize_end
                0x10004184       0x10 src/CMakeFiles/car.dir/C_/Program_Files/Raspberry_Pi/Pico_SDK_v1.5.1/pico-sdk/src/rp2_common/pico_stdio/stdio.c.obj
                0x10004184                stdout_serialize_end
 .text.stdio_put_string
                0x10004194       0x98 src/CMakeFiles/car.dir/C_/Program_Files/Raspberry_Pi/Pico_SDK_v1.5.1/pico-sdk/src/rp2_common/pico_stdio/stdio.c.obj
 .text.stdio_set_driver_enabled
                0x1000422c       0x2c src/CMakeFiles/car.dir/C_/Program_Files/Raspberry_Pi/Pico_SDK_v1.5.1/pico-sdk/src/rp2_common/pico_stdio/stdio.c.obj
                0x1000422c                stdio_set_driver_enabled
 .text.stdio_flush
                0x10004258       0x20 src/CMakeFiles/car.dir/C_/Program_Files/Raspberry_Pi/Pico_SDK_v1.5.1/pico-sdk/src/rp2_common/pico_stdio/stdio.c.obj
                0x10004258                stdio_flush
 .text.__wrap_puts
                0x10004278       0x1e src/CMakeFiles/car.dir/C_/Program_Files/Raspberry_Pi/Pico_SDK_v1.5.1/pico-sdk/src/rp2_common/pico_stdio/stdio.c.obj
                0x10004278                __wrap_puts
 *fill*         0x10004296        0x2 
 .text.__wrap_vprintf
                0x10004298       0x40 src/CMakeFiles/car.dir/C_/Program_Files/Raspberry_Pi/Pico_SDK_v1.5.1/pico-sdk/src/rp2_common/pico_stdio/stdio.c.obj
                0x10004298                __wrap_vprintf
 .text.__wrap_printf
                0x100042d8       0x18 src/CMakeFiles/car.dir/C_/Program_Files/Raspberry_Pi/Pico_SDK_v1.5.1/pico-sdk/src/rp2_common/pico_stdio/stdio.c.obj
                0x100042d8                __wrap_printf
 .text.stdio_init_all
                0x100042f0        0x8 src/CMakeFiles/car.dir/C_/Program_Files/Raspberry_Pi/Pico_SDK_v1.5.1/pico-sdk/src/rp2_common/pico_stdio/stdio.c.obj
                0x100042f0                stdio_init_all
 .text.resetd_init
                0x100042f8        0x2 src/CMakeFiles/car.dir/C_/Program_Files/Raspberry_Pi/Pico_SDK_v1.5.1/pico-sdk/src/rp2_common/pico_stdio_usb/reset_interface.c.obj
 *fill*         0x100042fa        0x2 
 .text.resetd_reset
                0x100042fc        0xc src/CMakeFiles/car.dir/C_/Program_Files/Raspberry_Pi/Pico_SDK_v1.5.1/pico-sdk/src/rp2_common/pico_stdio_usb/reset_interface.c.obj
 .text.resetd_open
                0x10004308       0x34 src/CMakeFiles/car.dir/C_/Program_Files/Raspberry_Pi/Pico_SDK_v1.5.1/pico-sdk/src/rp2_common/pico_stdio_usb/reset_interface.c.obj
 .text.resetd_xfer_cb
                0x1000433c        0x4 src/CMakeFiles/car.dir/C_/Program_Files/Raspberry_Pi/Pico_SDK_v1.5.1/pico-sdk/src/rp2_common/pico_stdio_usb/reset_interface.c.obj
 .text.reset_usb_boot
                0x10004340       0x18 src/CMakeFiles/car.dir/C_/Program_Files/Raspberry_Pi/Pico_SDK_v1.5.1/pico-sdk/src/rp2_common/pico_stdio_usb/reset_interface.c.obj
 .text.resetd_control_xfer_cb
                0x10004358       0x5c src/CMakeFiles/car.dir/C_/Program_Files/Raspberry_Pi/Pico_SDK_v1.5.1/pico-sdk/src/rp2_common/pico_stdio_usb/reset_interface.c.obj
 .text.usbd_app_driver_get_cb
                0x100043b4        0xc src/CMakeFiles/car.dir/C_/Program_Files/Raspberry_Pi/Pico_SDK_v1.5.1/pico-sdk/src/rp2_common/pico_stdio_usb/reset_interface.c.obj
                0x100043b4                usbd_app_driver_get_cb
 .text.tud_cdc_line_coding_cb
                0x100043c0       0x28 src/CMakeFiles/car.dir/C_/Program_Files/Raspberry_Pi/Pico_SDK_v1.5.1/pico-sdk/src/rp2_common/pico_stdio_usb/reset_interface.c.obj
                0x100043c0                tud_cdc_line_coding_cb
 .text.stdio_usb_set_chars_available_callback
                0x100043e8       0x14 src/CMakeFiles/car.dir/C_/Program_Files/Raspberry_Pi/Pico_SDK_v1.5.1/pico-sdk/src/rp2_common/pico_stdio_usb/stdio_usb.c.obj
                0x100043e8                stdio_usb_set_chars_available_callback
 .text.usb_irq  0x100043fc       0x10 src/CMakeFiles/car.dir/C_/Program_Files/Raspberry_Pi/Pico_SDK_v1.5.1/pico-sdk/src/rp2_common/pico_stdio_usb/stdio_usb.c.obj
 .text.timer_task
                0x1000440c       0x5c src/CMakeFiles/car.dir/C_/Program_Files/Raspberry_Pi/Pico_SDK_v1.5.1/pico-sdk/src/rp2_common/pico_stdio_usb/stdio_usb.c.obj
 .text.low_priority_worker_irq
                0x10004468       0xdc src/CMakeFiles/car.dir/C_/Program_Files/Raspberry_Pi/Pico_SDK_v1.5.1/pico-sdk/src/rp2_common/pico_stdio_usb/stdio_usb.c.obj
 .text.tud_cdc_rx_cb
                0x10004544       0x20 src/CMakeFiles/car.dir/C_/Program_Files/Raspberry_Pi/Pico_SDK_v1.5.1/pico-sdk/src/rp2_common/pico_stdio_usb/stdio_usb.c.obj
                0x10004544                tud_cdc_rx_cb
 .text.stdio_usb_init
                0x10004564      0x11c src/CMakeFiles/car.dir/C_/Program_Files/Raspberry_Pi/Pico_SDK_v1.5.1/pico-sdk/src/rp2_common/pico_stdio_usb/stdio_usb.c.obj
                0x10004564                stdio_usb_init
 .text.stdio_usb_connected
                0x10004680        0xa src/CMakeFiles/car.dir/C_/Program_Files/Raspberry_Pi/Pico_SDK_v1.5.1/pico-sdk/src/rp2_common/pico_stdio_usb/stdio_usb.c.obj
                0x10004680                stdio_usb_connected
 *fill*         0x1000468a        0x2 
 .text.stdio_usb_in_chars
                0x1000468c       0xc4 src/CMakeFiles/car.dir/C_/Program_Files/Raspberry_Pi/Pico_SDK_v1.5.1/pico-sdk/src/rp2_common/pico_stdio_usb/stdio_usb.c.obj
                0x1000468c                stdio_usb_in_chars
 .text.stdio_usb_out_chars
                0x10004750      0x114 src/CMakeFiles/car.dir/C_/Program_Files/Raspberry_Pi/Pico_SDK_v1.5.1/pico-sdk/src/rp2_common/pico_stdio_usb/stdio_usb.c.obj
 .text.tud_descriptor_device_cb
                0x10004864        0x8 src/CMakeFiles/car.dir/C_/Program_Files/Raspberry_Pi/Pico_SDK_v1.5.1/pico-sdk/src/rp2_common/pico_stdio_usb/stdio_usb_descriptors.c.obj
                0x10004864                tud_descriptor_device_cb
 .text.tud_descriptor_configuration_cb
                0x1000486c        0x8 src/CMakeFiles/car.dir/C_/Program_Files/Raspberry_Pi/Pico_SDK_v1.5.1/pico-sdk/src/rp2_common/pico_stdio_usb/stdio_usb_descriptors.c.obj
                0x1000486c                tud_descriptor_configuration_cb
 .text.tud_descriptor_string_cb
                0x10004874       0x6c src/CMakeFiles/car.dir/C_/Program_Files/Raspberry_Pi/Pico_SDK_v1.5.1/pico-sdk/src/rp2_common/pico_stdio_usb/stdio_usb_descriptors.c.obj
                0x10004874                tud_descriptor_string_cb
 .text._retrieve_unique_id_on_boot
                0x100048e0       0x10 src/CMakeFiles/car.dir/C_/Program_Files/Raspberry_Pi/Pico_SDK_v1.5.1/pico-sdk/src/rp2_common/pico_unique_id/unique_id.c.obj
 .text.pico_get_unique_board_id
                0x100048f0       0x10 src/CMakeFiles/car.dir/C_/Program_Files/Raspberry_Pi/Pico_SDK_v1.5.1/pico-sdk/src/rp2_common/pico_unique_id/unique_id.c.obj
                0x100048f0                pico_get_unique_board_id
 .text.pico_get_unique_board_id_string
                0x10004900       0x60 src/CMakeFiles/car.dir/C_/Program_Files/Raspberry_Pi/Pico_SDK_v1.5.1/pico-sdk/src/rp2_common/pico_unique_id/unique_id.c.obj
                0x10004900                pico_get_unique_board_id_string
 .text.flash_get_unique_id
                0x10004960       0x46 src/CMakeFiles/car.dir/C_/Program_Files/Raspberry_Pi/Pico_SDK_v1.5.1/pico-sdk/src/rp2_common/hardware_flash/flash.c.obj
                0x10004960                flash_get_unique_id
 *fill*         0x100049a6        0x2 
 .text.hw_endpoint_get_by_addr
                0x100049a8       0x18 src/CMakeFiles/car.dir/C_/Program_Files/Raspberry_Pi/Pico_SDK_v1.5.1/pico-sdk/lib/tinyusb/src/portable/raspberrypi/rp2040/dcd_rp2040.c.obj
 .text._hw_endpoint_alloc
                0x100049c0       0x70 src/CMakeFiles/car.dir/C_/Program_Files/Raspberry_Pi/Pico_SDK_v1.5.1/pico-sdk/lib/tinyusb/src/portable/raspberrypi/rp2040/dcd_rp2040.c.obj
 .text.hw_endpoint_init
                0x10004a30       0x88 src/CMakeFiles/car.dir/C_/Program_Files/Raspberry_Pi/Pico_SDK_v1.5.1/pico-sdk/lib/tinyusb/src/portable/raspberrypi/rp2040/dcd_rp2040.c.obj
 .text.hw_endpoint_xfer
                0x10004ab8       0x14 src/CMakeFiles/car.dir/C_/Program_Files/Raspberry_Pi/Pico_SDK_v1.5.1/pico-sdk/lib/tinyusb/src/portable/raspberrypi/rp2040/dcd_rp2040.c.obj
 .text.dcd_int_enable
                0x10004acc       0x2c src/CMakeFiles/car.dir/C_/Program_Files/Raspberry_Pi/Pico_SDK_v1.5.1/pico-sdk/lib/tinyusb/src/portable/raspberrypi/rp2040/dcd_rp2040.c.obj
                0x10004acc                dcd_int_enable
 .text.dcd_set_address
                0x10004af8       0x2c src/CMakeFiles/car.dir/C_/Program_Files/Raspberry_Pi/Pico_SDK_v1.5.1/pico-sdk/lib/tinyusb/src/portable/raspberrypi/rp2040/dcd_rp2040.c.obj
                0x10004af8                dcd_set_address
 .text.dcd_connect
                0x10004b24       0x10 src/CMakeFiles/car.dir/C_/Program_Files/Raspberry_Pi/Pico_SDK_v1.5.1/pico-sdk/lib/tinyusb/src/portable/raspberrypi/rp2040/dcd_rp2040.c.obj
                0x10004b24                dcd_connect
 .text.dcd_init
                0x10004b34       0x80 src/CMakeFiles/car.dir/C_/Program_Files/Raspberry_Pi/Pico_SDK_v1.5.1/pico-sdk/lib/tinyusb/src/portable/raspberrypi/rp2040/dcd_rp2040.c.obj
                0x10004b34                dcd_init
 .text.dcd_edpt0_status_complete
                0x10004bb4       0x1c src/CMakeFiles/car.dir/C_/Program_Files/Raspberry_Pi/Pico_SDK_v1.5.1/pico-sdk/lib/tinyusb/src/portable/raspberrypi/rp2040/dcd_rp2040.c.obj
                0x10004bb4                dcd_edpt0_status_complete
 .text.dcd_edpt_open
                0x10004bd0       0x40 src/CMakeFiles/car.dir/C_/Program_Files/Raspberry_Pi/Pico_SDK_v1.5.1/pico-sdk/lib/tinyusb/src/portable/raspberrypi/rp2040/dcd_rp2040.c.obj
                0x10004bd0                dcd_edpt_open
 .text.dcd_edpt_close_all
                0x10004c10        0x8 src/CMakeFiles/car.dir/C_/Program_Files/Raspberry_Pi/Pico_SDK_v1.5.1/pico-sdk/lib/tinyusb/src/portable/raspberrypi/rp2040/dcd_rp2040.c.obj
                0x10004c10                dcd_edpt_close_all
 .text.dcd_edpt_xfer
                0x10004c18       0x34 src/CMakeFiles/car.dir/C_/Program_Files/Raspberry_Pi/Pico_SDK_v1.5.1/pico-sdk/lib/tinyusb/src/portable/raspberrypi/rp2040/dcd_rp2040.c.obj
                0x10004c18                dcd_edpt_xfer
 .text.dcd_edpt_stall
                0x10004c4c       0x2c src/CMakeFiles/car.dir/C_/Program_Files/Raspberry_Pi/Pico_SDK_v1.5.1/pico-sdk/lib/tinyusb/src/portable/raspberrypi/rp2040/dcd_rp2040.c.obj
                0x10004c4c                dcd_edpt_stall
 .text.dcd_edpt_clear_stall
                0x10004c78       0x20 src/CMakeFiles/car.dir/C_/Program_Files/Raspberry_Pi/Pico_SDK_v1.5.1/pico-sdk/lib/tinyusb/src/portable/raspberrypi/rp2040/dcd_rp2040.c.obj
                0x10004c78                dcd_edpt_clear_stall
 .text.rp2040_usb_init
                0x10004c98       0x4c src/CMakeFiles/car.dir/C_/Program_Files/Raspberry_Pi/Pico_SDK_v1.5.1/pico-sdk/lib/tinyusb/src/portable/raspberrypi/rp2040/rp2040_usb.c.obj
                0x10004c98                rp2040_usb_init
 .text.hw_endpoint_xfer_start
                0x10004ce4       0x50 src/CMakeFiles/car.dir/C_/Program_Files/Raspberry_Pi/Pico_SDK_v1.5.1/pico-sdk/lib/tinyusb/src/portable/raspberrypi/rp2040/rp2040_usb.c.obj
                0x10004ce4                hw_endpoint_xfer_start
 .text.configuration_reset
                0x10004d34       0x84 src/CMakeFiles/car.dir/C_/Program_Files/Raspberry_Pi/Pico_SDK_v1.5.1/pico-sdk/lib/tinyusb/src/device/usbd.c.obj
 .text.usbd_reset
                0x10004db8        0xc src/CMakeFiles/car.dir/C_/Program_Files/Raspberry_Pi/Pico_SDK_v1.5.1/pico-sdk/lib/tinyusb/src/device/usbd.c.obj
 .text.invoke_class_control
                0x10004dc4       0x1a src/CMakeFiles/car.dir/C_/Program_Files/Raspberry_Pi/Pico_SDK_v1.5.1/pico-sdk/lib/tinyusb/src/device/usbd.c.obj
 *fill*         0x10004dde        0x2 
 .text.process_set_config
                0x10004de0      0x178 src/CMakeFiles/car.dir/C_/Program_Files/Raspberry_Pi/Pico_SDK_v1.5.1/pico-sdk/lib/tinyusb/src/device/usbd.c.obj
 .text.process_get_descriptor
                0x10004f58       0xdc src/CMakeFiles/car.dir/C_/Program_Files/Raspberry_Pi/Pico_SDK_v1.5.1/pico-sdk/lib/tinyusb/src/device/usbd.c.obj
 .text.tud_mounted
                0x10005034       0x10 src/CMakeFiles/car.dir/C_/Program_Files/Raspberry_Pi/Pico_SDK_v1.5.1/pico-sdk/lib/tinyusb/src/device/usbd.c.obj
                0x10005034                tud_mounted
 .text.tud_suspended
                0x10005044       0x10 src/CMakeFiles/car.dir/C_/Program_Files/Raspberry_Pi/Pico_SDK_v1.5.1/pico-sdk/lib/tinyusb/src/device/usbd.c.obj
                0x10005044                tud_suspended
 .text.tud_inited
                0x10005054       0x14 src/CMakeFiles/car.dir/C_/Program_Files/Raspberry_Pi/Pico_SDK_v1.5.1/pico-sdk/lib/tinyusb/src/device/usbd.c.obj
                0x10005054                tud_inited
 .text.tud_init
                0x10005068       0xcc src/CMakeFiles/car.dir/C_/Program_Files/Raspberry_Pi/Pico_SDK_v1.5.1/pico-sdk/lib/tinyusb/src/device/usbd.c.obj
                0x10005068                tud_init
 .text.usbd_defer_func
                0x10005134       0x2a src/CMakeFiles/car.dir/C_/Program_Files/Raspberry_Pi/Pico_SDK_v1.5.1/pico-sdk/lib/tinyusb/src/device/usbd.c.obj
                0x10005134                usbd_defer_func
 *fill*         0x1000515e        0x2 
 .text.usbd_edpt_open
                0x10005160       0x34 src/CMakeFiles/car.dir/C_/Program_Files/Raspberry_Pi/Pico_SDK_v1.5.1/pico-sdk/lib/tinyusb/src/device/usbd.c.obj
                0x10005160                usbd_edpt_open
 .text.usbd_open_edpt_pair
                0x10005194       0x62 src/CMakeFiles/car.dir/C_/Program_Files/Raspberry_Pi/Pico_SDK_v1.5.1/pico-sdk/lib/tinyusb/src/device/usbd.c.obj
                0x10005194                usbd_open_edpt_pair
 *fill*         0x100051f6        0x2 
 .text.usbd_edpt_claim
                0x100051f8       0x28 src/CMakeFiles/car.dir/C_/Program_Files/Raspberry_Pi/Pico_SDK_v1.5.1/pico-sdk/lib/tinyusb/src/device/usbd.c.obj
                0x100051f8                usbd_edpt_claim
 .text.usbd_edpt_release
                0x10005220       0x28 src/CMakeFiles/car.dir/C_/Program_Files/Raspberry_Pi/Pico_SDK_v1.5.1/pico-sdk/lib/tinyusb/src/device/usbd.c.obj
                0x10005220                usbd_edpt_release
 .text.usbd_edpt_xfer
                0x10005248       0x78 src/CMakeFiles/car.dir/C_/Program_Files/Raspberry_Pi/Pico_SDK_v1.5.1/pico-sdk/lib/tinyusb/src/device/usbd.c.obj
                0x10005248                usbd_edpt_xfer
 .text.usbd_edpt_stall
                0x100052c0       0x48 src/CMakeFiles/car.dir/C_/Program_Files/Raspberry_Pi/Pico_SDK_v1.5.1/pico-sdk/lib/tinyusb/src/device/usbd.c.obj
                0x100052c0                usbd_edpt_stall
 .text.usbd_edpt_clear_stall
                0x10005308       0x48 src/CMakeFiles/car.dir/C_/Program_Files/Raspberry_Pi/Pico_SDK_v1.5.1/pico-sdk/lib/tinyusb/src/device/usbd.c.obj
                0x10005308                usbd_edpt_clear_stall
 .text.usbd_edpt_stalled
                0x10005350       0x1c src/CMakeFiles/car.dir/C_/Program_Files/Raspberry_Pi/Pico_SDK_v1.5.1/pico-sdk/lib/tinyusb/src/device/usbd.c.obj
                0x10005350                usbd_edpt_stalled
 .text.process_control_request
                0x1000536c      0x37c src/CMakeFiles/car.dir/C_/Program_Files/Raspberry_Pi/Pico_SDK_v1.5.1/pico-sdk/lib/tinyusb/src/device/usbd.c.obj
 .text.tud_task_ext
                0x100056e8      0x1b8 src/CMakeFiles/car.dir/C_/Program_Files/Raspberry_Pi/Pico_SDK_v1.5.1/pico-sdk/lib/tinyusb/src/device/usbd.c.obj
                0x100056e8                tud_task_ext
 .text._data_stage_xact
                0x100058a0       0x58 src/CMakeFiles/car.dir/C_/Program_Files/Raspberry_Pi/Pico_SDK_v1.5.1/pico-sdk/lib/tinyusb/src/device/usbd_control.c.obj
 .text.tud_control_status
                0x100058f8       0x38 src/CMakeFiles/car.dir/C_/Program_Files/Raspberry_Pi/Pico_SDK_v1.5.1/pico-sdk/lib/tinyusb/src/device/usbd_control.c.obj
                0x100058f8                tud_control_status
 .text.tud_control_xfer
                0x10005930       0x74 src/CMakeFiles/car.dir/C_/Program_Files/Raspberry_Pi/Pico_SDK_v1.5.1/pico-sdk/lib/tinyusb/src/device/usbd_control.c.obj
                0x10005930                tud_control_xfer
 .text.usbd_control_reset
                0x100059a4       0x14 src/CMakeFiles/car.dir/C_/Program_Files/Raspberry_Pi/Pico_SDK_v1.5.1/pico-sdk/lib/tinyusb/src/device/usbd_control.c.obj
                0x100059a4                usbd_control_reset
 .text.usbd_control_set_complete_callback
                0x100059b8        0xc src/CMakeFiles/car.dir/C_/Program_Files/Raspberry_Pi/Pico_SDK_v1.5.1/pico-sdk/lib/tinyusb/src/device/usbd_control.c.obj
                0x100059b8                usbd_control_set_complete_callback
 .text.usbd_control_set_request
                0x100059c4       0x1c src/CMakeFiles/car.dir/C_/Program_Files/Raspberry_Pi/Pico_SDK_v1.5.1/pico-sdk/lib/tinyusb/src/device/usbd_control.c.obj
                0x100059c4                usbd_control_set_request
 .text.usbd_control_xfer_cb
                0x100059e0       0xcc src/CMakeFiles/car.dir/C_/Program_Files/Raspberry_Pi/Pico_SDK_v1.5.1/pico-sdk/lib/tinyusb/src/device/usbd_control.c.obj
                0x100059e0                usbd_control_xfer_cb
 .text._prep_out_transaction
                0x10005aac       0x4a src/CMakeFiles/car.dir/C_/Program_Files/Raspberry_Pi/Pico_SDK_v1.5.1/pico-sdk/lib/tinyusb/src/class/cdc/cdc_device.c.obj
 *fill*         0x10005af6        0x2 
 .text.tud_cdc_n_connected
                0x10005af8       0x44 src/CMakeFiles/car.dir/C_/Program_Files/Raspberry_Pi/Pico_SDK_v1.5.1/pico-sdk/lib/tinyusb/src/class/cdc/cdc_device.c.obj
                0x10005af8                tud_cdc_n_connected
 .text.tud_cdc_n_available
                0x10005b3c       0x18 src/CMakeFiles/car.dir/C_/Program_Files/Raspberry_Pi/Pico_SDK_v1.5.1/pico-sdk/lib/tinyusb/src/class/cdc/cdc_device.c.obj
                0x10005b3c                tud_cdc_n_available
 .text.tud_cdc_n_read
                0x10005b54       0x28 src/CMakeFiles/car.dir/C_/Program_Files/Raspberry_Pi/Pico_SDK_v1.5.1/pico-sdk/lib/tinyusb/src/class/cdc/cdc_device.c.obj
                0x10005b54                tud_cdc_n_read
 .text.tud_cdc_n_write_flush
                0x10005b7c       0xb8 src/CMakeFiles/car.dir/C_/Program_Files/Raspberry_Pi/Pico_SDK_v1.5.1/pico-sdk/lib/tinyusb/src/class/cdc/cdc_device.c.obj
                0x10005b7c                tud_cdc_n_write_flush
 .text.tud_cdc_n_write
                0x10005c34       0x38 src/CMakeFiles/car.dir/C_/Program_Files/Raspberry_Pi/Pico_SDK_v1.5.1/pico-sdk/lib/tinyusb/src/class/cdc/cdc_device.c.obj
                0x10005c34                tud_cdc_n_write
 .text.tud_cdc_n_write_available
                0x10005c6c       0x1c src/CMakeFiles/car.dir/C_/Program_Files/Raspberry_Pi/Pico_SDK_v1.5.1/pico-sdk/lib/tinyusb/src/class/cdc/cdc_device.c.obj
                0x10005c6c                tud_cdc_n_write_available
 .text.cdcd_init
                0x10005c88       0xbc src/CMakeFiles/car.dir/C_/Program_Files/Raspberry_Pi/Pico_SDK_v1.5.1/pico-sdk/lib/tinyusb/src/class/cdc/cdc_device.c.obj
                0x10005c88                cdcd_init
 .text.cdcd_reset
                0x10005d44       0x44 src/CMakeFiles/car.dir/C_/Program_Files/Raspberry_Pi/Pico_SDK_v1.5.1/pico-sdk/lib/tinyusb/src/class/cdc/cdc_device.c.obj
                0x10005d44                cdcd_reset
 .text.cdcd_open
                0x10005d88       0xcc src/CMakeFiles/car.dir/C_/Program_Files/Raspberry_Pi/Pico_SDK_v1.5.1/pico-sdk/lib/tinyusb/src/class/cdc/cdc_device.c.obj
                0x10005d88                cdcd_open
 .text.cdcd_control_xfer_cb
                0x10005e54      0x134 src/CMakeFiles/car.dir/C_/Program_Files/Raspberry_Pi/Pico_SDK_v1.5.1/pico-sdk/lib/tinyusb/src/class/cdc/cdc_device.c.obj
                0x10005e54                cdcd_control_xfer_cb
 .text.cdcd_xfer_cb
                0x10005f88      0x130 src/CMakeFiles/car.dir/C_/Program_Files/Raspberry_Pi/Pico_SDK_v1.5.1/pico-sdk/lib/tinyusb/src/class/cdc/cdc_device.c.obj
                0x10005f88                cdcd_xfer_cb
 .text.tusb_init
                0x100060b8        0xa src/CMakeFiles/car.dir/C_/Program_Files/Raspberry_Pi/Pico_SDK_v1.5.1/pico-sdk/lib/tinyusb/src/tusb.c.obj
                0x100060b8                tusb_init
 .text.tusb_inited
                0x100060c2        0xe src/CMakeFiles/car.dir/C_/Program_Files/Raspberry_Pi/Pico_SDK_v1.5.1/pico-sdk/lib/tinyusb/src/tusb.c.obj
                0x100060c2                tusb_inited
 .text.tu_edpt_claim
                0x100060d0       0x50 src/CMakeFiles/car.dir/C_/Program_Files/Raspberry_Pi/Pico_SDK_v1.5.1/pico-sdk/lib/tinyusb/src/tusb.c.obj
                0x100060d0                tu_edpt_claim
 .text.tu_edpt_release
                0x10006120       0x3c src/CMakeFiles/car.dir/C_/Program_Files/Raspberry_Pi/Pico_SDK_v1.5.1/pico-sdk/lib/tinyusb/src/tusb.c.obj
                0x10006120                tu_edpt_release
 .text.tu_edpt_validate
                0x1000615c       0x78 src/CMakeFiles/car.dir/C_/Program_Files/Raspberry_Pi/Pico_SDK_v1.5.1/pico-sdk/lib/tinyusb/src/tusb.c.obj
                0x1000615c                tu_edpt_validate
 .text.tu_edpt_bind_driver
                0x100061d4       0x26 src/CMakeFiles/car.dir/C_/Program_Files/Raspberry_Pi/Pico_SDK_v1.5.1/pico-sdk/lib/tinyusb/src/tusb.c.obj
                0x100061d4                tu_edpt_bind_driver
 .text.advance_index
                0x100061fa       0x1a src/CMakeFiles/car.dir/C_/Program_Files/Raspberry_Pi/Pico_SDK_v1.5.1/pico-sdk/lib/tinyusb/src/common/tusb_fifo.c.obj
 .text._tu_fifo_peek
                0x10006214       0x56 src/CMakeFiles/car.dir/C_/Program_Files/Raspberry_Pi/Pico_SDK_v1.5.1/pico-sdk/lib/tinyusb/src/common/tusb_fifo.c.obj
 .text._ff_pull_const_addr
                0x1000626a       0x4c src/CMakeFiles/car.dir/C_/Program_Files/Raspberry_Pi/Pico_SDK_v1.5.1/pico-sdk/lib/tinyusb/src/common/tusb_fifo.c.obj
 .text._ff_pull_n
                0x100062b6      0x110 src/CMakeFiles/car.dir/C_/Program_Files/Raspberry_Pi/Pico_SDK_v1.5.1/pico-sdk/lib/tinyusb/src/common/tusb_fifo.c.obj
 .text._tu_fifo_peek_n
                0x100063c6       0x6a src/CMakeFiles/car.dir/C_/Program_Files/Raspberry_Pi/Pico_SDK_v1.5.1/pico-sdk/lib/tinyusb/src/common/tusb_fifo.c.obj
 .text._tu_fifo_read_n
                0x10006430       0x4e src/CMakeFiles/car.dir/C_/Program_Files/Raspberry_Pi/Pico_SDK_v1.5.1/pico-sdk/lib/tinyusb/src/common/tusb_fifo.c.obj
 .text._ff_push_const_addr
                0x1000647e       0x40 src/CMakeFiles/car.dir/C_/Program_Files/Raspberry_Pi/Pico_SDK_v1.5.1/pico-sdk/lib/tinyusb/src/common/tusb_fifo.c.obj
 .text._ff_push_n
                0x100064be      0x10c src/CMakeFiles/car.dir/C_/Program_Files/Raspberry_Pi/Pico_SDK_v1.5.1/pico-sdk/lib/tinyusb/src/common/tusb_fifo.c.obj
 .text._tu_fifo_write_n
                0x100065ca       0xf0 src/CMakeFiles/car.dir/C_/Program_Files/Raspberry_Pi/Pico_SDK_v1.5.1/pico-sdk/lib/tinyusb/src/common/tusb_fifo.c.obj
 .text.tu_fifo_config
                0x100066ba       0x7c src/CMakeFiles/car.dir/C_/Program_Files/Raspberry_Pi/Pico_SDK_v1.5.1/pico-sdk/lib/tinyusb/src/common/tusb_fifo.c.obj
                0x100066ba                tu_fifo_config
 .text.tu_fifo_count
                0x10006736       0x2a src/CMakeFiles/car.dir/C_/Program_Files/Raspberry_Pi/Pico_SDK_v1.5.1/pico-sdk/lib/tinyusb/src/common/tusb_fifo.c.obj
                0x10006736                tu_fifo_count
 .text.tu_fifo_empty
                0x10006760       0x10 src/CMakeFiles/car.dir/C_/Program_Files/Raspberry_Pi/Pico_SDK_v1.5.1/pico-sdk/lib/tinyusb/src/common/tusb_fifo.c.obj
                0x10006760                tu_fifo_empty
 .text.tu_fifo_full
                0x10006770       0x28 src/CMakeFiles/car.dir/C_/Program_Files/Raspberry_Pi/Pico_SDK_v1.5.1/pico-sdk/lib/tinyusb/src/common/tusb_fifo.c.obj
                0x10006770                tu_fifo_full
 .text.tu_fifo_remaining
                0x10006798       0x2c src/CMakeFiles/car.dir/C_/Program_Files/Raspberry_Pi/Pico_SDK_v1.5.1/pico-sdk/lib/tinyusb/src/common/tusb_fifo.c.obj
                0x10006798                tu_fifo_remaining
 .text.tu_fifo_read
                0x100067c4       0x42 src/CMakeFiles/car.dir/C_/Program_Files/Raspberry_Pi/Pico_SDK_v1.5.1/pico-sdk/lib/tinyusb/src/common/tusb_fifo.c.obj
                0x100067c4                tu_fifo_read
 .text.tu_fifo_read_n
                0x10006806        0xa src/CMakeFiles/car.dir/C_/Program_Files/Raspberry_Pi/Pico_SDK_v1.5.1/pico-sdk/lib/tinyusb/src/common/tusb_fifo.c.obj
                0x10006806                tu_fifo_read_n
 .text.tu_fifo_write
                0x10006810       0x64 src/CMakeFiles/car.dir/C_/Program_Files/Raspberry_Pi/Pico_SDK_v1.5.1/pico-sdk/lib/tinyusb/src/common/tusb_fifo.c.obj
                0x10006810                tu_fifo_write
 .text.tu_fifo_write_n
                0x10006874        0xa src/CMakeFiles/car.dir/C_/Program_Files/Raspberry_Pi/Pico_SDK_v1.5.1/pico-sdk/lib/tinyusb/src/common/tusb_fifo.c.obj
                0x10006874                tu_fifo_write_n
 .text.tu_fifo_clear
                0x1000687e       0x3e src/CMakeFiles/car.dir/C_/Program_Files/Raspberry_Pi/Pico_SDK_v1.5.1/pico-sdk/lib/tinyusb/src/common/tusb_fifo.c.obj
                0x1000687e                tu_fifo_clear
 .text.tu_fifo_set_overwritable
                0x100068bc       0x46 src/CMakeFiles/car.dir/C_/Program_Files/Raspberry_Pi/Pico_SDK_v1.5.1/pico-sdk/lib/tinyusb/src/common/tusb_fifo.c.obj
                0x100068bc                tu_fifo_set_overwritable
 *fill*         0x10006902        0x2 
 .text.prvHeapInit
                0x10006904       0x58 src/CMakeFiles/car.dir/__/FreeRTOS-Kernel-main/portable/MemMang/heap_4.c.obj
 .text.prvInsertBlockIntoFreeList
                0x1000695c       0x88 src/CMakeFiles/car.dir/__/FreeRTOS-Kernel-main/portable/MemMang/heap_4.c.obj
 .text.pvPortMalloc
                0x100069e4      0x188 src/CMakeFiles/car.dir/__/FreeRTOS-Kernel-main/portable/MemMang/heap_4.c.obj
                0x100069e4                pvPortMalloc
 .text.vPortFree
                0x10006b6c       0xa8 src/CMakeFiles/car.dir/__/FreeRTOS-Kernel-main/portable/MemMang/heap_4.c.obj
                0x10006b6c                vPortFree
 .text.vPortSVCHandler
                0x10006c14        0x2 src/CMakeFiles/car.dir/__/FreeRTOS-Kernel-main/portable/ThirdParty/GCC/RP2040/port.c.obj
                0x10006c14                vPortSVCHandler
 *fill*         0x10006c16        0xa 
 .text.vPortStartFirstTask
                0x10006c20       0x34 src/CMakeFiles/car.dir/__/FreeRTOS-Kernel-main/portable/ThirdParty/GCC/RP2040/port.c.obj
 *fill*         0x10006c54        0xc 
 .text.xPortPendSVHandler
                0x10006c60       0x64 src/CMakeFiles/car.dir/__/FreeRTOS-Kernel-main/portable/ThirdParty/GCC/RP2040/port.c.obj
                0x10006c60                xPortPendSVHandler
 .text.prvTaskExitError
                0x10006cc4        0x6 src/CMakeFiles/car.dir/__/FreeRTOS-Kernel-main/portable/ThirdParty/GCC/RP2040/port.c.obj
 *fill*         0x10006cca        0x2 
 .text.prvFIFOInterruptHandler
                0x10006ccc       0x78 src/CMakeFiles/car.dir/__/FreeRTOS-Kernel-main/portable/ThirdParty/GCC/RP2040/port.c.obj
 .text.prvGetTicksToWaitBefore
                0x10006d44       0x58 src/CMakeFiles/car.dir/__/FreeRTOS-Kernel-main/portable/ThirdParty/GCC/RP2040/port.c.obj
 .text.pxPortInitialiseStack
                0x10006d9c       0x20 src/CMakeFiles/car.dir/__/FreeRTOS-Kernel-main/portable/ThirdParty/GCC/RP2040/port.c.obj
                0x10006d9c                pxPortInitialiseStack
 .text.vPortYield
                0x10006dbc       0x18 src/CMakeFiles/car.dir/__/FreeRTOS-Kernel-main/portable/ThirdParty/GCC/RP2040/port.c.obj
                0x10006dbc                vPortYield
 .text.vPortEnterCritical
                0x10006dd4       0x18 src/CMakeFiles/car.dir/__/FreeRTOS-Kernel-main/portable/ThirdParty/GCC/RP2040/port.c.obj
                0x10006dd4                vPortEnterCritical
 .text.vPortExitCritical
                0x10006dec       0x38 src/CMakeFiles/car.dir/__/FreeRTOS-Kernel-main/portable/ThirdParty/GCC/RP2040/port.c.obj
                0x10006dec                vPortExitCritical
 .text.ulSetInterruptMaskFromISR
                0x10006e24        0x8 src/CMakeFiles/car.dir/__/FreeRTOS-Kernel-main/portable/ThirdParty/GCC/RP2040/port.c.obj
                0x10006e24                ulSetInterruptMaskFromISR
 .text.vClearInterruptMaskFromISR
                0x10006e2c        0x6 src/CMakeFiles/car.dir/__/FreeRTOS-Kernel-main/portable/ThirdParty/GCC/RP2040/port.c.obj
                0x10006e2c                vClearInterruptMaskFromISR
 *fill*         0x10006e32        0x2 
 .text.xPortSysTickHandler
                0x10006e34       0x24 src/CMakeFiles/car.dir/__/FreeRTOS-Kernel-main/portable/ThirdParty/GCC/RP2040/port.c.obj
                0x10006e34                xPortSysTickHandler
 .text.vPortSetupTimerInterrupt
                0x10006e58       0x34 src/CMakeFiles/car.dir/__/FreeRTOS-Kernel-main/portable/ThirdParty/GCC/RP2040/port.c.obj
                0x10006e58                vPortSetupTimerInterrupt
 .text.xPortStartScheduler
                0x10006e8c       0xa8 src/CMakeFiles/car.dir/__/FreeRTOS-Kernel-main/portable/ThirdParty/GCC/RP2040/port.c.obj
                0x10006e8c                xPortStartScheduler
 .text.ulPortLockGetCurrentOwnerId
                0x10006f34       0x2c src/CMakeFiles/car.dir/__/FreeRTOS-Kernel-main/portable/ThirdParty/GCC/RP2040/port.c.obj
                0x10006f34                ulPortLockGetCurrentOwnerId
 .text.vPortLockInternalSpinUnlockWithWait
                0x10006f60       0xa8 src/CMakeFiles/car.dir/__/FreeRTOS-Kernel-main/portable/ThirdParty/GCC/RP2040/port.c.obj
                0x10006f60                vPortLockInternalSpinUnlockWithWait
 .text.vPortLockInternalSpinUnlockWithNotify
                0x10007008       0xd4 src/CMakeFiles/car.dir/__/FreeRTOS-Kernel-main/portable/ThirdParty/GCC/RP2040/port.c.obj
                0x10007008                vPortLockInternalSpinUnlockWithNotify
 .text.xPortLockInternalSpinUnlockWithBestEffortWaitOrTimeout
                0x100070dc      0x104 src/CMakeFiles/car.dir/__/FreeRTOS-Kernel-main/portable/ThirdParty/GCC/RP2040/port.c.obj
                0x100070dc                xPortLockInternalSpinUnlockWithBestEffortWaitOrTimeout
 .text.prvRuntimeInitializer
                0x100071e0       0x28 src/CMakeFiles/car.dir/__/FreeRTOS-Kernel-main/portable/ThirdParty/GCC/RP2040/port.c.obj
 .text.prvTestWaitCondition
                0x10007208       0x1e src/CMakeFiles/car.dir/__/FreeRTOS-Kernel-main/event_groups.c.obj
 .text.xEventGroupCreate
                0x10007226       0x18 src/CMakeFiles/car.dir/__/FreeRTOS-Kernel-main/event_groups.c.obj
                0x10007226                xEventGroupCreate
 *fill*         0x1000723e        0x2 
 .text.xEventGroupWaitBits
                0x10007240      0x124 src/CMakeFiles/car.dir/__/FreeRTOS-Kernel-main/event_groups.c.obj
                0x10007240                xEventGroupWaitBits
 .text.xEventGroupSetBits
                0x10007364       0x98 src/CMakeFiles/car.dir/__/FreeRTOS-Kernel-main/event_groups.c.obj
                0x10007364                xEventGroupSetBits
 .text.vEventGroupSetBitsCallback
                0x100073fc        0x8 src/CMakeFiles/car.dir/__/FreeRTOS-Kernel-main/event_groups.c.obj
                0x100073fc                vEventGroupSetBitsCallback
 .text.xEventGroupSetBitsFromISR
                0x10007404       0x14 src/CMakeFiles/car.dir/__/FreeRTOS-Kernel-main/event_groups.c.obj
                0x10007404                xEventGroupSetBitsFromISR
 .text.vListInitialise
                0x10007418       0x16 src/CMakeFiles/car.dir/__/FreeRTOS-Kernel-main/list.c.obj
                0x10007418                vListInitialise
 .text.vListInitialiseItem
                0x1000742e        0x6 src/CMakeFiles/car.dir/__/FreeRTOS-Kernel-main/list.c.obj
                0x1000742e                vListInitialiseItem
 .text.vListInsertEnd
                0x10007434       0x16 src/CMakeFiles/car.dir/__/FreeRTOS-Kernel-main/list.c.obj
                0x10007434                vListInsertEnd
 .text.vListInsert
                0x1000744a       0x2e src/CMakeFiles/car.dir/__/FreeRTOS-Kernel-main/list.c.obj
                0x1000744a                vListInsert
 .text.uxListRemove
                0x10007478       0x24 src/CMakeFiles/car.dir/__/FreeRTOS-Kernel-main/list.c.obj
                0x10007478                uxListRemove
 .text.prvGetHighestPriorityOfWaitToReceiveList
                0x1000749c       0x12 src/CMakeFiles/car.dir/__/FreeRTOS-Kernel-main/queue.c.obj
 .text.prvIsQueueFull
                0x100074ae       0x1e src/CMakeFiles/car.dir/__/FreeRTOS-Kernel-main/queue.c.obj
 .text.prvIsQueueEmpty
                0x100074cc       0x1c src/CMakeFiles/car.dir/__/FreeRTOS-Kernel-main/queue.c.obj
 .text.prvCopyDataToQueue
                0x100074e8       0x82 src/CMakeFiles/car.dir/__/FreeRTOS-Kernel-main/queue.c.obj
 .text.prvCopyDataFromQueue
                0x1000756a       0x24 src/CMakeFiles/car.dir/__/FreeRTOS-Kernel-main/queue.c.obj
 *fill*         0x1000758e        0x2 
 .text.prvNotifyQueueSetContainer
                0x10007590       0xa4 src/CMakeFiles/car.dir/__/FreeRTOS-Kernel-main/queue.c.obj
 .text.prvUnlockQueue
                0x10007634       0x88 src/CMakeFiles/car.dir/__/FreeRTOS-Kernel-main/queue.c.obj
 .text.xQueueGenericReset
                0x100076bc       0xd8 src/CMakeFiles/car.dir/__/FreeRTOS-Kernel-main/queue.c.obj
                0x100076bc                xQueueGenericReset
 .text.prvInitialiseNewQueue
                0x10007794       0x26 src/CMakeFiles/car.dir/__/FreeRTOS-Kernel-main/queue.c.obj
 *fill*         0x100077ba        0x2 
 .text.xQueueGenericCreate
                0x100077bc       0x90 src/CMakeFiles/car.dir/__/FreeRTOS-Kernel-main/queue.c.obj
                0x100077bc                xQueueGenericCreate
 .text.xQueueGetMutexHolder
                0x1000784c       0x3c src/CMakeFiles/car.dir/__/FreeRTOS-Kernel-main/queue.c.obj
                0x1000784c                xQueueGetMutexHolder
 .text.xQueueGenericSend
                0x10007888      0x190 src/CMakeFiles/car.dir/__/FreeRTOS-Kernel-main/queue.c.obj
                0x10007888                xQueueGenericSend
 .text.prvInitialiseMutex
                0x10007a18       0x18 src/CMakeFiles/car.dir/__/FreeRTOS-Kernel-main/queue.c.obj
 .text.xQueueCreateMutex
                0x10007a30       0x16 src/CMakeFiles/car.dir/__/FreeRTOS-Kernel-main/queue.c.obj
                0x10007a30                xQueueCreateMutex
 *fill*         0x10007a46        0x2 
 .text.xQueueGiveMutexRecursive
                0x10007a48       0x4c src/CMakeFiles/car.dir/__/FreeRTOS-Kernel-main/queue.c.obj
                0x10007a48                xQueueGiveMutexRecursive
 .text.xQueueGenericSendFromISR
                0x10007a94      0x128 src/CMakeFiles/car.dir/__/FreeRTOS-Kernel-main/queue.c.obj
                0x10007a94                xQueueGenericSendFromISR
 .text.xQueueGiveFromISR
                0x10007bbc       0xf0 src/CMakeFiles/car.dir/__/FreeRTOS-Kernel-main/queue.c.obj
                0x10007bbc                xQueueGiveFromISR
 .text.xQueueReceive
                0x10007cac      0x14c src/CMakeFiles/car.dir/__/FreeRTOS-Kernel-main/queue.c.obj
                0x10007cac                xQueueReceive
 .text.xQueueSemaphoreTake
                0x10007df8      0x188 src/CMakeFiles/car.dir/__/FreeRTOS-Kernel-main/queue.c.obj
                0x10007df8                xQueueSemaphoreTake
 .text.xQueueTakeMutexRecursive
                0x10007f80       0x78 src/CMakeFiles/car.dir/__/FreeRTOS-Kernel-main/queue.c.obj
                0x10007f80                xQueueTakeMutexRecursive
 .text.vQueueAddToRegistry
                0x10007ff8       0x64 src/CMakeFiles/car.dir/__/FreeRTOS-Kernel-main/queue.c.obj
                0x10007ff8                vQueueAddToRegistry
 .text.vQueueUnregisterQueue
                0x1000805c       0x48 src/CMakeFiles/car.dir/__/FreeRTOS-Kernel-main/queue.c.obj
                0x1000805c                vQueueUnregisterQueue
 .text.vQueueDelete
                0x100080a4       0x30 src/CMakeFiles/car.dir/__/FreeRTOS-Kernel-main/queue.c.obj
                0x100080a4                vQueueDelete
 .text.vQueueWaitForMessageRestricted
                0x100080d4       0x50 src/CMakeFiles/car.dir/__/FreeRTOS-Kernel-main/queue.c.obj
                0x100080d4                vQueueWaitForMessageRestricted
 .text.prvResetNextTaskUnblockTime
                0x10008124       0x2c src/CMakeFiles/car.dir/__/FreeRTOS-Kernel-main/tasks.c.obj
 .text.prvDeleteTCB
                0x10008150       0x12 src/CMakeFiles/car.dir/__/FreeRTOS-Kernel-main/tasks.c.obj
 *fill*         0x10008162        0x2 
 .text.prvInitialiseNewTask
                0x10008164       0xb4 src/CMakeFiles/car.dir/__/FreeRTOS-Kernel-main/tasks.c.obj
 .text.prvCreateTask
                0x10008218       0x5a src/CMakeFiles/car.dir/__/FreeRTOS-Kernel-main/tasks.c.obj
 *fill*         0x10008272        0x2 
 .text.prvInitialiseTaskLists
                0x10008274       0x68 src/CMakeFiles/car.dir/__/FreeRTOS-Kernel-main/tasks.c.obj
 .text.prvAddNewTaskToReadyList
                0x100082dc       0xc4 src/CMakeFiles/car.dir/__/FreeRTOS-Kernel-main/tasks.c.obj
 .text.prvCheckTasksWaitingTermination
                0x100083a0       0x44 src/CMakeFiles/car.dir/__/FreeRTOS-Kernel-main/tasks.c.obj
 .text.prvIdleTask
                0x100083e4       0x18 src/CMakeFiles/car.dir/__/FreeRTOS-Kernel-main/tasks.c.obj
 .text.prvAddCurrentTaskToDelayedList
                0x100083fc       0xa8 src/CMakeFiles/car.dir/__/FreeRTOS-Kernel-main/tasks.c.obj
 .text.xTaskCreate
                0x100084a4       0x24 src/CMakeFiles/car.dir/__/FreeRTOS-Kernel-main/tasks.c.obj
                0x100084a4                xTaskCreate
 .text.prvCreateIdleTasks
                0x100084c8       0x68 src/CMakeFiles/car.dir/__/FreeRTOS-Kernel-main/tasks.c.obj
 .text.vTaskDelete
                0x10008530       0xe8 src/CMakeFiles/car.dir/__/FreeRTOS-Kernel-main/tasks.c.obj
                0x10008530                vTaskDelete
 .text.vTaskStartScheduler
                0x10008618       0x68 src/CMakeFiles/car.dir/__/FreeRTOS-Kernel-main/tasks.c.obj
                0x10008618                vTaskStartScheduler
 .text.vTaskSuspendAll
                0x10008680       0x10 src/CMakeFiles/car.dir/__/FreeRTOS-Kernel-main/tasks.c.obj
                0x10008680                vTaskSuspendAll
 .text.xTaskGetTickCount
                0x10008690        0xc src/CMakeFiles/car.dir/__/FreeRTOS-Kernel-main/tasks.c.obj
                0x10008690                xTaskGetTickCount
 .text.uxTaskGetNumberOfTasks
                0x1000869c        0xc src/CMakeFiles/car.dir/__/FreeRTOS-Kernel-main/tasks.c.obj
                0x1000869c                uxTaskGetNumberOfTasks
 .text.xTaskIncrementTick
                0x100086a8      0x17c src/CMakeFiles/car.dir/__/FreeRTOS-Kernel-main/tasks.c.obj
                0x100086a8                xTaskIncrementTick
 .text.xTaskResumeAll
                0x10008824      0x160 src/CMakeFiles/car.dir/__/FreeRTOS-Kernel-main/tasks.c.obj
                0x10008824                xTaskResumeAll
 .text.vTaskDelay
                0x10008984       0x48 src/CMakeFiles/car.dir/__/FreeRTOS-Kernel-main/tasks.c.obj
                0x10008984                vTaskDelay
 .text.vTaskSwitchContext
                0x100089cc       0xa8 src/CMakeFiles/car.dir/__/FreeRTOS-Kernel-main/tasks.c.obj
                0x100089cc                vTaskSwitchContext
 .text.vTaskPlaceOnEventList
                0x10008a74       0x3c src/CMakeFiles/car.dir/__/FreeRTOS-Kernel-main/tasks.c.obj
                0x10008a74                vTaskPlaceOnEventList
 .text.vTaskPlaceOnUnorderedEventList
                0x10008ab0       0x80 src/CMakeFiles/car.dir/__/FreeRTOS-Kernel-main/tasks.c.obj
                0x10008ab0                vTaskPlaceOnUnorderedEventList
 .text.vTaskPlaceOnEventListRestricted
                0x10008b30       0x60 src/CMakeFiles/car.dir/__/FreeRTOS-Kernel-main/tasks.c.obj
                0x10008b30                vTaskPlaceOnEventListRestricted
 .text.xTaskRemoveFromEventList
                0x10008b90      0x100 src/CMakeFiles/car.dir/__/FreeRTOS-Kernel-main/tasks.c.obj
                0x10008b90                xTaskRemoveFromEventList
 .text.vTaskRemoveFromUnorderedEventList
                0x10008c90       0xf8 src/CMakeFiles/car.dir/__/FreeRTOS-Kernel-main/tasks.c.obj
                0x10008c90                vTaskRemoveFromUnorderedEventList
 .text.vTaskInternalSetTimeOutState
                0x10008d88       0x18 src/CMakeFiles/car.dir/__/FreeRTOS-Kernel-main/tasks.c.obj
                0x10008d88                vTaskInternalSetTimeOutState
 .text.xTaskCheckForTimeOut
                0x10008da0       0xb4 src/CMakeFiles/car.dir/__/FreeRTOS-Kernel-main/tasks.c.obj
                0x10008da0                xTaskCheckForTimeOut
 .text.vTaskMissedYield
                0x10008e54        0xc src/CMakeFiles/car.dir/__/FreeRTOS-Kernel-main/tasks.c.obj
                0x10008e54                vTaskMissedYield
 .text.xTaskGetCurrentTaskHandle
                0x10008e60        0xc src/CMakeFiles/car.dir/__/FreeRTOS-Kernel-main/tasks.c.obj
                0x10008e60                xTaskGetCurrentTaskHandle
 .text.xTaskGetSchedulerState
                0x10008e6c       0x24 src/CMakeFiles/car.dir/__/FreeRTOS-Kernel-main/tasks.c.obj
                0x10008e6c                xTaskGetSchedulerState
 .text.xTaskPriorityInherit
                0x10008e90       0xb4 src/CMakeFiles/car.dir/__/FreeRTOS-Kernel-main/tasks.c.obj
                0x10008e90                xTaskPriorityInherit
 .text.xTaskPriorityDisinherit
                0x10008f44       0xc0 src/CMakeFiles/car.dir/__/FreeRTOS-Kernel-main/tasks.c.obj
                0x10008f44                xTaskPriorityDisinherit
 .text.vTaskPriorityDisinheritAfterTimeout
                0x10009004       0xcc src/CMakeFiles/car.dir/__/FreeRTOS-Kernel-main/tasks.c.obj
                0x10009004                vTaskPriorityDisinheritAfterTimeout
 .text.uxTaskResetEventItemValue
                0x100090d0       0x18 src/CMakeFiles/car.dir/__/FreeRTOS-Kernel-main/tasks.c.obj
                0x100090d0                uxTaskResetEventItemValue
 .text.pvTaskIncrementMutexHeldCount
                0x100090e8       0x14 src/CMakeFiles/car.dir/__/FreeRTOS-Kernel-main/tasks.c.obj
                0x100090e8                pvTaskIncrementMutexHeldCount
 .text.ulTaskGenericNotifyTake
                0x100090fc       0xd8 src/CMakeFiles/car.dir/__/FreeRTOS-Kernel-main/tasks.c.obj
                0x100090fc                ulTaskGenericNotifyTake
 .text.xTaskGenericNotify
                0x100091d4      0x17c src/CMakeFiles/car.dir/__/FreeRTOS-Kernel-main/tasks.c.obj
                0x100091d4                xTaskGenericNotify
 .text.vTaskGenericNotifyGiveFromISR
                0x10009350      0x138 src/CMakeFiles/car.dir/__/FreeRTOS-Kernel-main/tasks.c.obj
                0x10009350                vTaskGenericNotifyGiveFromISR
 .text.prvGetNextExpireTime
                0x10009488       0x24 src/CMakeFiles/car.dir/__/FreeRTOS-Kernel-main/timers.c.obj
 .text.prvInsertTimerInActiveList
                0x100094ac       0x48 src/CMakeFiles/car.dir/__/FreeRTOS-Kernel-main/timers.c.obj
 .text.prvReloadTimer
                0x100094f4       0x2a src/CMakeFiles/car.dir/__/FreeRTOS-Kernel-main/timers.c.obj
 *fill*         0x1000951e        0x2 
 .text.prvProcessExpiredTimer
                0x10009520       0x3c src/CMakeFiles/car.dir/__/FreeRTOS-Kernel-main/timers.c.obj
 .text.prvSwitchTimerLists
                0x1000955c       0x30 src/CMakeFiles/car.dir/__/FreeRTOS-Kernel-main/timers.c.obj
 .text.prvSampleTimeNow
                0x1000958c       0x2c src/CMakeFiles/car.dir/__/FreeRTOS-Kernel-main/timers.c.obj
 .text.prvProcessTimerOrBlockTask
                0x100095b8       0x70 src/CMakeFiles/car.dir/__/FreeRTOS-Kernel-main/timers.c.obj
 .text.prvProcessReceivedCommands
                0x10009628      0x114 src/CMakeFiles/car.dir/__/FreeRTOS-Kernel-main/timers.c.obj
 .text.prvTimerTask
                0x1000973c       0x16 src/CMakeFiles/car.dir/__/FreeRTOS-Kernel-main/timers.c.obj
 *fill*         0x10009752        0x2 
 .text.prvCheckForValidListAndQueue
                0x10009754       0x60 src/CMakeFiles/car.dir/__/FreeRTOS-Kernel-main/timers.c.obj
 .text.prvInitialiseNewTimer
                0x100097b4       0x58 src/CMakeFiles/car.dir/__/FreeRTOS-Kernel-main/timers.c.obj
 .text.xTimerCreateTimerTask
                0x1000980c       0x58 src/CMakeFiles/car.dir/__/FreeRTOS-Kernel-main/timers.c.obj
                0x1000980c                xTimerCreateTimerTask
 .text.xTimerCreate
                0x10009864       0x34 src/CMakeFiles/car.dir/__/FreeRTOS-Kernel-main/timers.c.obj
                0x10009864                xTimerCreate
 .text.xTimerGenericCommandFromTask
                0x10009898       0x6c src/CMakeFiles/car.dir/__/FreeRTOS-Kernel-main/timers.c.obj
                0x10009898                xTimerGenericCommandFromTask
 .text.pvTimerGetTimerID
                0x10009904       0x30 src/CMakeFiles/car.dir/__/FreeRTOS-Kernel-main/timers.c.obj
                0x10009904                pvTimerGetTimerID
 .text.xTimerPendFunctionCallFromISR
                0x10009934       0x28 src/CMakeFiles/car.dir/__/FreeRTOS-Kernel-main/timers.c.obj
                0x10009934                xTimerPendFunctionCallFromISR
 .text.exception_is_compile_time_default
                0x1000995c       0x20 src/CMakeFiles/car.dir/C_/Program_Files/Raspberry_Pi/Pico_SDK_v1.5.1/pico-sdk/src/rp2_common/hardware_exception/exception.c.obj
 .text.set_raw_exception_handler_and_restore_interrupts
                0x1000997c       0x18 src/CMakeFiles/car.dir/C_/Program_Files/Raspberry_Pi/Pico_SDK_v1.5.1/pico-sdk/src/rp2_common/hardware_exception/exception.c.obj
 .text.exception_get_vtable_handler
                0x10009994       0x10 src/CMakeFiles/car.dir/C_/Program_Files/Raspberry_Pi/Pico_SDK_v1.5.1/pico-sdk/src/rp2_common/hardware_exception/exception.c.obj
                0x10009994                exception_get_vtable_handler
 .text.exception_set_exclusive_handler
                0x100099a4       0x44 src/CMakeFiles/car.dir/C_/Program_Files/Raspberry_Pi/Pico_SDK_v1.5.1/pico-sdk/src/rp2_common/hardware_exception/exception.c.obj
                0x100099a4                exception_set_exclusive_handler
 .text.clear_lwip_context
                0x100099e8       0x10 src/CMakeFiles/car.dir/C_/Program_Files/Raspberry_Pi/Pico_SDK_v1.5.1/pico-sdk/src/rp2_common/pico_lwip/lwip_freertos.c.obj
 .text.tcpip_init_done
                0x100099f8        0xe src/CMakeFiles/car.dir/C_/Program_Files/Raspberry_Pi/Pico_SDK_v1.5.1/pico-sdk/src/rp2_common/pico_lwip/lwip_freertos.c.obj
 *fill*         0x10009a06        0x2 
 .text.lwip_freertos_init
                0x10009a08       0x8c src/CMakeFiles/car.dir/C_/Program_Files/Raspberry_Pi/Pico_SDK_v1.5.1/pico-sdk/src/rp2_common/pico_lwip/lwip_freertos.c.obj
                0x10009a08                lwip_freertos_init
 .text.lwip_freertos_deinit
                0x10009a94       0x14 src/CMakeFiles/car.dir/C_/Program_Files/Raspberry_Pi/Pico_SDK_v1.5.1/pico-sdk/src/rp2_common/pico_lwip/lwip_freertos.c.obj
                0x10009a94                lwip_freertos_deinit
 .text.pico_lwip_custom_lock_tcpip_core
                0x10009aa8       0x2c src/CMakeFiles/car.dir/C_/Program_Files/Raspberry_Pi/Pico_SDK_v1.5.1/pico-sdk/src/rp2_common/pico_lwip/lwip_freertos.c.obj
                0x10009aa8                pico_lwip_custom_lock_tcpip_core
 .text.pico_lwip_custom_unlock_tcpip_core
                0x10009ad4       0x14 src/CMakeFiles/car.dir/C_/Program_Files/Raspberry_Pi/Pico_SDK_v1.5.1/pico-sdk/src/rp2_common/pico_lwip/lwip_freertos.c.obj
                0x10009ad4                pico_lwip_custom_unlock_tcpip_core
 .text.async_context_base_add_at_time_worker
                0x10009ae8       0x1c src/CMakeFiles/car.dir/C_/Program_Files/Raspberry_Pi/Pico_SDK_v1.5.1/pico-sdk/src/rp2_common/pico_async_context/async_context_base.c.obj
                0x10009ae8                async_context_base_add_at_time_worker
 .text.async_context_base_remove_at_time_worker
                0x10009b04       0x1c src/CMakeFiles/car.dir/C_/Program_Files/Raspberry_Pi/Pico_SDK_v1.5.1/pico-sdk/src/rp2_common/pico_async_context/async_context_base.c.obj
                0x10009b04                async_context_base_remove_at_time_worker
 .text.async_context_base_add_when_pending_worker
                0x10009b20       0x1c src/CMakeFiles/car.dir/C_/Program_Files/Raspberry_Pi/Pico_SDK_v1.5.1/pico-sdk/src/rp2_common/pico_async_context/async_context_base.c.obj
                0x10009b20                async_context_base_add_when_pending_worker
 .text.async_context_base_remove_when_pending_worker
                0x10009b3c       0x1c src/CMakeFiles/car.dir/C_/Program_Files/Raspberry_Pi/Pico_SDK_v1.5.1/pico-sdk/src/rp2_common/pico_async_context/async_context_base.c.obj
                0x10009b3c                async_context_base_remove_when_pending_worker
 .text.async_context_base_remove_ready_at_time_worker
                0x10009b58       0x94 src/CMakeFiles/car.dir/C_/Program_Files/Raspberry_Pi/Pico_SDK_v1.5.1/pico-sdk/src/rp2_common/pico_async_context/async_context_base.c.obj
                0x10009b58                async_context_base_remove_ready_at_time_worker
 .text.async_context_base_refresh_next_timeout
                0x10009bec       0x4c src/CMakeFiles/car.dir/C_/Program_Files/Raspberry_Pi/Pico_SDK_v1.5.1/pico-sdk/src/rp2_common/pico_async_context/async_context_base.c.obj
                0x10009bec                async_context_base_refresh_next_timeout
 .text.async_context_base_execute_once
                0x10009c38       0x48 src/CMakeFiles/car.dir/C_/Program_Files/Raspberry_Pi/Pico_SDK_v1.5.1/pico-sdk/src/rp2_common/pico_async_context/async_context_base.c.obj
                0x10009c38                async_context_base_execute_once
 .text.lwip_init
                0x10009c80       0x28 src/CMakeFiles/car.dir/C_/Program_Files/Raspberry_Pi/Pico_SDK_v1.5.1/pico-sdk/lib/lwip/src/core/init.c.obj
                0x10009c80                lwip_init
 .text.lwip_htons
                0x10009ca8        0xa src/CMakeFiles/car.dir/C_/Program_Files/Raspberry_Pi/Pico_SDK_v1.5.1/pico-sdk/lib/lwip/src/core/def.c.obj
                0x10009ca8                lwip_htons
 .text.lwip_htonl
                0x10009cb2       0x1c src/CMakeFiles/car.dir/C_/Program_Files/Raspberry_Pi/Pico_SDK_v1.5.1/pico-sdk/lib/lwip/src/core/def.c.obj
                0x10009cb2                lwip_htonl
 *fill*         0x10009cce        0x2 
 .text.dns_backupserver_available
                0x10009cd0       0x28 src/CMakeFiles/car.dir/C_/Program_Files/Raspberry_Pi/Pico_SDK_v1.5.1/pico-sdk/lib/lwip/src/core/dns.c.obj
 .text.dns_create_txid
                0x10009cf8       0x3c src/CMakeFiles/car.dir/C_/Program_Files/Raspberry_Pi/Pico_SDK_v1.5.1/pico-sdk/lib/lwip/src/core/dns.c.obj
 .text.dns_call_found
                0x10009d34       0xf4 src/CMakeFiles/car.dir/C_/Program_Files/Raspberry_Pi/Pico_SDK_v1.5.1/pico-sdk/lib/lwip/src/core/dns.c.obj
 .text.dns_send
                0x10009e28      0x178 src/CMakeFiles/car.dir/C_/Program_Files/Raspberry_Pi/Pico_SDK_v1.5.1/pico-sdk/lib/lwip/src/core/dns.c.obj
 .text.dns_check_entry
                0x10009fa0      0x11c src/CMakeFiles/car.dir/C_/Program_Files/Raspberry_Pi/Pico_SDK_v1.5.1/pico-sdk/lib/lwip/src/core/dns.c.obj
 .text.dns_check_entries
                0x1000a0bc       0x16 src/CMakeFiles/car.dir/C_/Program_Files/Raspberry_Pi/Pico_SDK_v1.5.1/pico-sdk/lib/lwip/src/core/dns.c.obj
 .text.dns_init
                0x1000a0d2        0x2 src/CMakeFiles/car.dir/C_/Program_Files/Raspberry_Pi/Pico_SDK_v1.5.1/pico-sdk/lib/lwip/src/core/dns.c.obj
                0x1000a0d2                dns_init
 .text.dns_setserver
                0x1000a0d4       0x28 src/CMakeFiles/car.dir/C_/Program_Files/Raspberry_Pi/Pico_SDK_v1.5.1/pico-sdk/lib/lwip/src/core/dns.c.obj
                0x1000a0d4                dns_setserver
 .text.dns_tmr  0x1000a0fc        0x8 src/CMakeFiles/car.dir/C_/Program_Files/Raspberry_Pi/Pico_SDK_v1.5.1/pico-sdk/lib/lwip/src/core/dns.c.obj
                0x1000a0fc                dns_tmr
 .text.lwip_standard_chksum
                0x1000a104       0xac src/CMakeFiles/car.dir/C_/Program_Files/Raspberry_Pi/Pico_SDK_v1.5.1/pico-sdk/lib/lwip/src/core/inet_chksum.c.obj
                0x1000a104                lwip_standard_chksum
 .text.inet_cksum_pseudo_base
                0x1000a1b0       0x7c src/CMakeFiles/car.dir/C_/Program_Files/Raspberry_Pi/Pico_SDK_v1.5.1/pico-sdk/lib/lwip/src/core/inet_chksum.c.obj
 .text.inet_chksum_pseudo
                0x1000a22c       0x30 src/CMakeFiles/car.dir/C_/Program_Files/Raspberry_Pi/Pico_SDK_v1.5.1/pico-sdk/lib/lwip/src/core/inet_chksum.c.obj
                0x1000a22c                inet_chksum_pseudo
 .text.ip_chksum_pseudo
                0x1000a25c       0x10 src/CMakeFiles/car.dir/C_/Program_Files/Raspberry_Pi/Pico_SDK_v1.5.1/pico-sdk/lib/lwip/src/core/inet_chksum.c.obj
                0x1000a25c                ip_chksum_pseudo
 .text.inet_chksum
                0x1000a26c        0xc src/CMakeFiles/car.dir/C_/Program_Files/Raspberry_Pi/Pico_SDK_v1.5.1/pico-sdk/lib/lwip/src/core/inet_chksum.c.obj
                0x1000a26c                inet_chksum
 .text.inet_chksum_pbuf
                0x1000a278       0x52 src/CMakeFiles/car.dir/C_/Program_Files/Raspberry_Pi/Pico_SDK_v1.5.1/pico-sdk/lib/lwip/src/core/inet_chksum.c.obj
                0x1000a278                inet_chksum_pbuf
 *fill*         0x1000a2ca        0x2 
 .text.ptr_to_mem
                0x1000a2cc        0xc src/CMakeFiles/car.dir/C_/Program_Files/Raspberry_Pi/Pico_SDK_v1.5.1/pico-sdk/lib/lwip/src/core/mem.c.obj
 .text.mem_to_ptr
                0x1000a2d8       0x10 src/CMakeFiles/car.dir/C_/Program_Files/Raspberry_Pi/Pico_SDK_v1.5.1/pico-sdk/lib/lwip/src/core/mem.c.obj
 .text.mem_link_valid
                0x1000a2e8       0x5c src/CMakeFiles/car.dir/C_/Program_Files/Raspberry_Pi/Pico_SDK_v1.5.1/pico-sdk/lib/lwip/src/core/mem.c.obj
 .text.plug_holes
                0x1000a344       0xd4 src/CMakeFiles/car.dir/C_/Program_Files/Raspberry_Pi/Pico_SDK_v1.5.1/pico-sdk/lib/lwip/src/core/mem.c.obj
 .text.mem_init
                0x1000a418       0x5c src/CMakeFiles/car.dir/C_/Program_Files/Raspberry_Pi/Pico_SDK_v1.5.1/pico-sdk/lib/lwip/src/core/mem.c.obj
                0x1000a418                mem_init
 .text.mem_free
                0x1000a474       0x94 src/CMakeFiles/car.dir/C_/Program_Files/Raspberry_Pi/Pico_SDK_v1.5.1/pico-sdk/lib/lwip/src/core/mem.c.obj
                0x1000a474                mem_free
 .text.mem_trim
                0x1000a508      0x14c src/CMakeFiles/car.dir/C_/Program_Files/Raspberry_Pi/Pico_SDK_v1.5.1/pico-sdk/lib/lwip/src/core/mem.c.obj
                0x1000a508                mem_trim
 .text.mem_malloc
                0x1000a654      0x14c src/CMakeFiles/car.dir/C_/Program_Files/Raspberry_Pi/Pico_SDK_v1.5.1/pico-sdk/lib/lwip/src/core/mem.c.obj
                0x1000a654                mem_malloc
 .text.do_memp_malloc_pool
                0x1000a7a0       0x30 src/CMakeFiles/car.dir/C_/Program_Files/Raspberry_Pi/Pico_SDK_v1.5.1/pico-sdk/lib/lwip/src/core/memp.c.obj
 .text.do_memp_free_pool
                0x1000a7d0       0x28 src/CMakeFiles/car.dir/C_/Program_Files/Raspberry_Pi/Pico_SDK_v1.5.1/pico-sdk/lib/lwip/src/core/memp.c.obj
 .text.memp_init_pool
                0x1000a7f8       0x2a src/CMakeFiles/car.dir/C_/Program_Files/Raspberry_Pi/Pico_SDK_v1.5.1/pico-sdk/lib/lwip/src/core/memp.c.obj
                0x1000a7f8                memp_init_pool
 *fill*         0x1000a822        0x2 
 .text.memp_init
                0x1000a824       0x20 src/CMakeFiles/car.dir/C_/Program_Files/Raspberry_Pi/Pico_SDK_v1.5.1/pico-sdk/lib/lwip/src/core/memp.c.obj
                0x1000a824                memp_init
 .text.memp_malloc
                0x1000a844       0x24 src/CMakeFiles/car.dir/C_/Program_Files/Raspberry_Pi/Pico_SDK_v1.5.1/pico-sdk/lib/lwip/src/core/memp.c.obj
                0x1000a844                memp_malloc
 .text.memp_free
                0x1000a868       0x28 src/CMakeFiles/car.dir/C_/Program_Files/Raspberry_Pi/Pico_SDK_v1.5.1/pico-sdk/lib/lwip/src/core/memp.c.obj
                0x1000a868                memp_free
 .text.netif_do_set_netmask
                0x1000a890       0x1a src/CMakeFiles/car.dir/C_/Program_Files/Raspberry_Pi/Pico_SDK_v1.5.1/pico-sdk/lib/lwip/src/core/netif.c.obj
 .text.netif_do_set_gw
                0x1000a8aa       0x1a src/CMakeFiles/car.dir/C_/Program_Files/Raspberry_Pi/Pico_SDK_v1.5.1/pico-sdk/lib/lwip/src/core/netif.c.obj
 .text.netif_null_output_ip4
                0x1000a8c4        0x6 src/CMakeFiles/car.dir/C_/Program_Files/Raspberry_Pi/Pico_SDK_v1.5.1/pico-sdk/lib/lwip/src/core/netif.c.obj
 .text.netif_do_ip_addr_changed
                0x1000a8ca       0x1c src/CMakeFiles/car.dir/C_/Program_Files/Raspberry_Pi/Pico_SDK_v1.5.1/pico-sdk/lib/lwip/src/core/netif.c.obj
 *fill*         0x1000a8e6        0x2 
 .text.netif_issue_reports
                0x1000a8e8       0x34 src/CMakeFiles/car.dir/C_/Program_Files/Raspberry_Pi/Pico_SDK_v1.5.1/pico-sdk/lib/lwip/src/core/netif.c.obj
 .text.netif_do_set_ipaddr
                0x1000a91c       0x54 src/CMakeFiles/car.dir/C_/Program_Files/Raspberry_Pi/Pico_SDK_v1.5.1/pico-sdk/lib/lwip/src/core/netif.c.obj
 .text.netif_init
                0x1000a970        0x2 src/CMakeFiles/car.dir/C_/Program_Files/Raspberry_Pi/Pico_SDK_v1.5.1/pico-sdk/lib/lwip/src/core/netif.c.obj
                0x1000a970                netif_init
 *fill*         0x1000a972        0x2 
 .text.netif_set_addr