Archive member included to satisfy reference by file (symbol)

ultrasonic/libultrasonic_lib.a(ultrasonic.c.obj)
                              src/CMakeFiles/main.dir/test_obstacle_width_advanced.c.obj (ultrasonic_init)
servo/libservo_lib.a(servo.c.obj)
                              src/CMakeFiles/main.dir/test_obstacle_width_advanced.c.obj (servo_set_angle)
c:/progra~1/raspbe~1/picosd~1.1/gcc-ar~1/bin/../lib/gcc/arm-none-eabi/10.3.1/thumb/v6-m/nofp\libgcc.a(_dvmd_tls.o)
                              src/CMakeFiles/main.dir/C_/Program_Files/Raspberry_Pi/Pico_SDK_v1.5.1/pico-sdk/src/rp2_common/pico_divider/divider.S.obj (__aeabi_idiv0)
c:/progra~1/raspbe~1/picosd~1.1/gcc-ar~1/bin/../lib/gcc/arm-none-eabi/10.3.1/../../../../arm-none-eabi/lib/thumb/v6-m/nofp\libg.a(lib_a-atoi.o)
                              src/CMakeFiles/main.dir/C_/Program_Files/Raspberry_Pi/Pico_SDK_v1.5.1/pico-sdk/lib/lwip/src/core/netif.c.obj (atoi)
c:/progra~1/raspbe~1/picosd~1.1/gcc-ar~1/bin/../lib/gcc/arm-none-eabi/10.3.1/../../../../arm-none-eabi/lib/thumb/v6-m/nofp\libg.a(lib_a-calloc.o)
                              src/CMakeFiles/main.dir/C_/Program_Files/Raspberry_Pi/Pico_SDK_v1.5.1/pico-sdk/src/rp2_common/pico_malloc/pico_malloc.c.obj (calloc)
c:/progra~1/raspbe~1/picosd~1.1/gcc-ar~1/bin/../lib/gcc/arm-none-eabi/10.3.1/../../../../arm-none-eabi/lib/thumb/v6-m/nofp\libg.a(lib_a-callocr.o)
                              c:/progra~1/raspbe~1/picosd~1.1/gcc-ar~1/bin/../lib/gcc/arm-none-eabi/10.3.1/../../../../arm-none-eabi/lib/thumb/v6-m/nofp\libg.a(lib_a-calloc.o) (_calloc_r)
c:/progra~1/raspbe~1/picosd~1.1/gcc-ar~1/bin/../lib/gcc/arm-none-eabi/10.3.1/../../../../arm-none-eabi/lib/thumb/v6-m/nofp\libg.a(lib_a-ctype_.o)
                              src/CMakeFiles/main.dir/C_/Program_Files/Raspberry_Pi/Pico_SDK_v1.5.1/pico-sdk/lib/lwip/src/core/dns.c.obj (_ctype_)
c:/progra~1/raspbe~1/picosd~1.1/gcc-ar~1/bin/../lib/gcc/arm-none-eabi/10.3.1/../../../../arm-none-eabi/lib/thumb/v6-m/nofp\libg.a(lib_a-errno.o)
                              c:/progra~1/raspbe~1/picosd~1.1/gcc-ar~1/bin/../lib/gcc/arm-none-eabi/10.3.1/../../../../arm-none-eabi/lib/thumb/v6-m/nofp\libg.a(lib_a-callocr.o) (__errno)
c:/progra~1/raspbe~1/picosd~1.1/gcc-ar~1/bin/../lib/gcc/arm-none-eabi/10.3.1/../../../../arm-none-eabi/lib/thumb/v6-m/nofp\libg.a(lib_a-fflush.o)
                              src/CMakeFiles/main.dir/test_obstacle_width_advanced.c.obj (fflush)
c:/progra~1/raspbe~1/picosd~1.1/gcc-ar~1/bin/../lib/gcc/arm-none-eabi/10.3.1/../../../../arm-none-eabi/lib/thumb/v6-m/nofp\libg.a(lib_a-findfp.o)
                              c:/progra~1/raspbe~1/picosd~1.1/gcc-ar~1/bin/../lib/gcc/arm-none-eabi/10.3.1/../../../../arm-none-eabi/lib/thumb/v6-m/nofp\libg.a(lib_a-fflush.o) (__sinit)
c:/progra~1/raspbe~1/picosd~1.1/gcc-ar~1/bin/../lib/gcc/arm-none-eabi/10.3.1/../../../../arm-none-eabi/lib/thumb/v6-m/nofp\libg.a(lib_a-freer.o)
                              c:/progra~1/raspbe~1/picosd~1.1/gcc-ar~1/bin/../lib/gcc/arm-none-eabi/10.3.1/../../../../arm-none-eabi/lib/thumb/v6-m/nofp\libg.a(lib_a-fflush.o) (_free_r)
c:/progra~1/raspbe~1/picosd~1.1/gcc-ar~1/bin/../lib/gcc/arm-none-eabi/10.3.1/../../../../arm-none-eabi/lib/thumb/v6-m/nofp\libg.a(lib_a-fwalk.o)
                              c:/progra~1/raspbe~1/picosd~1.1/gcc-ar~1/bin/../lib/gcc/arm-none-eabi/10.3.1/../../../../arm-none-eabi/lib/thumb/v6-m/nofp\libg.a(lib_a-findfp.o) (_fwalk)
c:/progra~1/raspbe~1/picosd~1.1/gcc-ar~1/bin/../lib/gcc/arm-none-eabi/10.3.1/../../../../arm-none-eabi/lib/thumb/v6-m/nofp\libg.a(lib_a-impure.o)
                              c:/progra~1/raspbe~1/picosd~1.1/gcc-ar~1/bin/../lib/gcc/arm-none-eabi/10.3.1/../../../../arm-none-eabi/lib/thumb/v6-m/nofp\libg.a(lib_a-fflush.o) (_global_impure_ptr)
c:/progra~1/raspbe~1/picosd~1.1/gcc-ar~1/bin/../lib/gcc/arm-none-eabi/10.3.1/../../../../arm-none-eabi/lib/thumb/v6-m/nofp\libg.a(lib_a-init.o)
                              c:/progra~1/raspbe~1/picosd~1.1/gcc-ar~1/bin/../lib/gcc/arm-none-eabi/10.3.1/../../../../arm-none-eabi/lib/thumb/v6-m/nofp/crt0.o (__libc_init_array)
c:/progra~1/raspbe~1/picosd~1.1/gcc-ar~1/bin/../lib/gcc/arm-none-eabi/10.3.1/../../../../arm-none-eabi/lib/thumb/v6-m/nofp\libg.a(lib_a-lock.o)
                              c:/progra~1/raspbe~1/picosd~1.1/gcc-ar~1/bin/../lib/gcc/arm-none-eabi/10.3.1/../../../../arm-none-eabi/lib/thumb/v6-m/nofp\libg.a(lib_a-findfp.o) (__retarget_lock_init_recursive)
c:/progra~1/raspbe~1/picosd~1.1/gcc-ar~1/bin/../lib/gcc/arm-none-eabi/10.3.1/../../../../arm-none-eabi/lib/thumb/v6-m/nofp\libg.a(lib_a-malloc.o)
                              src/CMakeFiles/main.dir/C_/Program_Files/Raspberry_Pi/Pico_SDK_v1.5.1/pico-sdk/src/rp2_common/pico_malloc/pico_malloc.c.obj (malloc)
c:/progra~1/raspbe~1/picosd~1.1/gcc-ar~1/bin/../lib/gcc/arm-none-eabi/10.3.1/../../../../arm-none-eabi/lib/thumb/v6-m/nofp\libg.a(lib_a-mallocr.o)
[...]
Memory Configuration

Name             Origin             Length             Attributes
FLASH            0x10000000         0x00200000         xr
RAM              0x20000000         0x00040000         xrw
SCRATCH_X        0x20040000         0x00001000         xrw
SCRATCH_Y        0x20041000         0x00001000         xrw
*default*        0x00000000         0xffffffff

Linker script and memory map

LOAD c:/progra~1/raspbe~1/picosd~1.1/gcc-ar~1/bin/../lib/gcc/arm-none-eabi/10.3.1/thumb/v6-m/nofp/crti.o
LOAD c:/progra~1/raspbe~1/picosd~1.1/gcc-ar~1/bin/../lib/gcc/arm-none-eabi/10.3.1/thumb/v6-m/nofp/crtbegin.o
LOAD c:/progra~1/raspbe~1/picosd~1.1/gcc-ar~1/bin/../lib/gcc/arm-none-eabi/10.3.1/../../../../arm-none-eabi/lib/thumb/v6-m/nofp/crt0.o

.flash_begin    0x10000000        0x0
                0x10000000                __flash_binary_start = .

.boot2          0x10000000      0x100
                0x10000000                __boot2_start__ = .
 *(.boot2)
 .boot2         0x10000000      0x100 C:\Users\caiwe\AppData\Local\Temp\ccYOdr1n.o
                0x10000100                __boot2_end__ = .
                0x00000001                ASSERT (((__boot2_end__ - __boot2_start__) == 0x100), ERROR: Pico second stage bootloader must be 256 bytes in size)

.text           0x10000100     0x94e0
                0x10000100                __logical_binary_start = .
 *(.vectors)
 .vectors       0x10000100       0xd4 src/CMakeFiles/main.dir/C_/Program_Files/Raspberry_Pi/Pico_SDK_v1.5.1/pico-sdk/src/rp2_common/pico_standard_link/crt0.S.obj
                0x10000100                __VECTOR_TABLE
                0x10000100                __vectors
                0x100001c0                isr_invalid
                0x100001c0                __default_isrs_start
                0x100001c2                isr_nmi
                0x100001c4                isr_hardfault
                0x100001c6                isr_svcall
                0x100001c8                isr_pendsv
                0x100001ca                isr_systick
                0x100001cc                isr_irq23
                0x100001cc                isr_irq18
                0x100001cc                isr_irq11
                0x100001cc                isr_irq28
                0x100001cc                isr_irq19
                0x100001cc                isr_irq0
                0x100001cc                isr_irq6
                0x100001cc                isr_irq5
                0x100001cc                isr_irq12
                0x100001cc                isr_irq22
                0x100001cc                isr_irq31
                0x100001cc                isr_irq17
                0x100001cc                isr_irq27
                0x100001cc                isr_irq30
                0x100001cc                isr_irq2
                0x100001cc                isr_irq10
                0x100001cc                isr_irq8
                0x100001cc                isr_irq24
                0x100001cc                isr_irq1
                0x100001cc                isr_irq7
                0x100001cc                isr_irq21
                0x100001cc                isr_irq20
                0x100001cc                isr_irq15
                0x100001cc                isr_irq25
                0x100001cc                isr_irq13
                0x100001cc                __unhandled_user_irq
                0x100001cc                isr_irq4
                0x100001cc                isr_irq16
                0x100001cc                isr_irq29
                0x100001cc                isr_irq26
                0x100001cc                __default_isrs_end
                0x100001cc                isr_irq3
                0x100001cc                isr_irq14
                0x100001cc                isr_irq9
                0x100001d2                unhandled_user_irq_num_in_r0
 *(.binary_info_header)
 .binary_info_header
                0x100001d4       0x14 src/CMakeFiles/main.dir/C_/Program_Files/Raspberry_Pi/Pico_SDK_v1.5.1/pico-sdk/src/rp2_common/pico_standard_link/crt0.S.obj
                0x100001e8                __binary_info_header_end = .
 *(.reset)
 .reset         0x100001e8       0xa0 src/CMakeFiles/main.dir/C_/Program_Files/Raspberry_Pi/Pico_SDK_v1.5.1/pico-sdk/src/rp2_common/pico_standard_link/crt0.S.obj
                0x100001e8                _entry_point
 .reset         0x10000288       0x30 src/CMakeFiles/main.dir/C_/Program_Files/Raspberry_Pi/Pico_SDK_v1.5.1/pico-sdk/src/rp2_common/pico_standard_link/binary_info.c.obj
 *(.init)
 .init          0x100002b8        0x4 c:/progra~1/raspbe~1/picosd~1.1/gcc-ar~1/bin/../lib/gcc/arm-none-eabi/10.3.1/thumb/v6-m/nofp/crti.o
                0x100002b8                _init
 *(EXCLUDE_FILE(*libm.a: *libc.a:*lib_a-mem*.o *libgcc.a:) .text*)
 .text          0x100002bc       0x48 c:/progra~1/raspbe~1/picosd~1.1/gcc-ar~1/bin/../lib/gcc/arm-none-eabi/10.3.1/thumb/v6-m/nofp/crtbegin.o
 .text.get_perpendicular_distance
                0x10000304       0xbc src/CMakeFiles/main.dir/test_obstacle_width_advanced.c.obj
                0x10000304                get_perpendicular_distance
 .text.calculate_horizontal_distance
                0x100003c0       0x58 src/CMakeFiles/main.dir/test_obstacle_width_advanced.c.obj
                0x100003c0                calculate_horizontal_distance
 .text.sweep_left_to_find_edge
                0x10000418      0x208 src/CMakeFiles/main.dir/test_obstacle_width_advanced.c.obj
                0x10000418                sweep_left_to_find_edge
 .text.sweep_right_to_find_edge
                0x10000620      0x204 src/CMakeFiles/main.dir/test_obstacle_width_advanced.c.obj
                0x10000620                sweep_right_to_find_edge
 .text.print_measurement_results
                0x10000824      0x1c8 src/CMakeFiles/main.dir/test_obstacle_width_advanced.c.obj
                0x10000824                print_measurement_results
 .text.main     0x100009ec      0x208 src/CMakeFiles/main.dir/test_obstacle_width_advanced.c.obj
                0x100009ec                main
 .text.gpio_set_function
                0x10000bf4       0x30 src/CMakeFiles/main.dir/C_/Program_Files/Raspberry_Pi/Pico_SDK_v1.5.1/pico-sdk/src/rp2_common/hardware_gpio/gpio.c.obj
                0x10000bf4                gpio_set_function
 .text.gpio_set_pulls
                0x10000c24       0x34 src/CMakeFiles/main.dir/C_/Program_Files/Raspberry_Pi/Pico_SDK_v1.5.1/pico-sdk/src/rp2_common/hardware_gpio/gpio.c.obj
                0x10000c24                gpio_set_pulls
 .text.gpio_set_irq_callback
                0x10000c58       0x48 src/CMakeFiles/main.dir/C_/Program_Files/Raspberry_Pi/Pico_SDK_v1.5.1/pico-sdk/src/rp2_common/hardware_gpio/gpio.c.obj
                0x10000c58                gpio_set_irq_callback
 .text.gpio_acknowledge_irq
                0x10000ca0       0x18 src/CMakeFiles/main.dir/C_/Program_Files/Raspberry_Pi/Pico_SDK_v1.5.1/pico-sdk/src/rp2_common/hardware_gpio/gpio.c.obj
                0x10000ca0                gpio_acknowledge_irq
 .text._gpio_set_irq_enabled
                0x10000cb8       0x34 src/CMakeFiles/main.dir/C_/Program_Files/Raspberry_Pi/Pico_SDK_v1.5.1/pico-sdk/src/rp2_common/hardware_gpio/gpio.c.obj
 .text.gpio_set_irq_enabled
                0x10000cec       0x20 src/CMakeFiles/main.dir/C_/Program_Files/Raspberry_Pi/Pico_SDK_v1.5.1/pico-sdk/src/rp2_common/hardware_gpio/gpio.c.obj
                0x10000cec                gpio_set_irq_enabled
 .text.gpio_set_irq_enabled_with_callback
                0x10000d0c       0x20 src/CMakeFiles/main.dir/C_/Program_Files/Raspberry_Pi/Pico_SDK_v1.5.1/pico-sdk/src/rp2_common/hardware_gpio/gpio.c.obj
                0x10000d0c                gpio_set_irq_enabled_with_callback
 .text.gpio_default_irq_handler
                0x10000d2c       0x98 src/CMakeFiles/main.dir/C_/Program_Files/Raspberry_Pi/Pico_SDK_v1.5.1/pico-sdk/src/rp2_common/hardware_gpio/gpio.c.obj
 .text.gpio_init
                0x10000dc4       0x16 src/CMakeFiles/main.dir/C_/Program_Files/Raspberry_Pi/Pico_SDK_v1.5.1/pico-sdk/src/rp2_common/hardware_gpio/gpio.c.obj
                0x10000dc4                gpio_init
 *fill*         0x10000dda        0x2 
 .text.running_on_fpga
                0x10000ddc       0x14 src/CMakeFiles/main.dir/C_/Program_Files/Raspberry_Pi/Pico_SDK_v1.5.1/pico-sdk/src/rp2_common/pico_platform/platform.c.obj
                0x10000ddc                running_on_fpga
 .text.hw_claim_lock
                0x10000df0       0x18 src/CMakeFiles/main.dir/C_/Program_Files/Raspberry_Pi/Pico_SDK_v1.5.1/pico-sdk/src/rp2_common/hardware_claim/claim.c.obj
                0x10000df0                hw_claim_lock
 .text.hw_claim_unlock
                0x10000e08       0x14 src/CMakeFiles/main.dir/C_/Program_Files/Raspberry_Pi/Pico_SDK_v1.5.1/pico-sdk/src/rp2_common/hardware_claim/claim.c.obj
                0x10000e08                hw_claim_unlock
 .text.hw_claim_or_assert
                0x10000e1c       0x32 src/CMakeFiles/main.dir/C_/Program_Files/Raspberry_Pi/Pico_SDK_v1.5.1/pico-sdk/src/rp2_common/hardware_claim/claim.c.obj
                0x10000e1c                hw_claim_or_assert
 .text.hw_claim_unused_from_range
                0x10000e4e       0x50 src/CMakeFiles/main.dir/C_/Program_Files/Raspberry_Pi/Pico_SDK_v1.5.1/pico-sdk/src/rp2_common/hardware_claim/claim.c.obj
                0x10000e4e                hw_claim_unused_from_range
 *fill*         0x10000e9e        0x2 
 .text.spin_locks_reset
                0x10000ea0       0x20 src/CMakeFiles/main.dir/C_/Program_Files/Raspberry_Pi/Pico_SDK_v1.5.1/pico-sdk/src/rp2_common/hardware_sync/sync.c.obj
                0x10000ea0                spin_locks_reset
 .text.next_striped_spin_lock_num
                0x10000ec0       0x1c src/CMakeFiles/main.dir/C_/Program_Files/Raspberry_Pi/Pico_SDK_v1.5.1/pico-sdk/src/rp2_common/hardware_sync/sync.c.obj
                0x10000ec0                next_striped_spin_lock_num
 .text.spin_lock_claim_unused
                0x10000edc       0x20 src/CMakeFiles/main.dir/C_/Program_Files/Raspberry_Pi/Pico_SDK_v1.5.1/pico-sdk/src/rp2_common/hardware_sync/sync.c.obj
                0x10000edc                spin_lock_claim_unused
 .text.set_raw_irq_handler_and_unlock
                0x10000efc       0x28 src/CMakeFiles/main.dir/C_/Program_Files/Raspberry_Pi/Pico_SDK_v1.5.1/pico-sdk/src/rp2_common/hardware_irq/irq.c.obj
 .text.make_branch
                0x10000f24       0x48 src/CMakeFiles/main.dir/C_/Program_Files/Raspberry_Pi/Pico_SDK_v1.5.1/pico-sdk/src/rp2_common/hardware_irq/irq.c.obj
 .text.insert_branch_and_link
                0x10000f6c       0x40 src/CMakeFiles/main.dir/C_/Program_Files/Raspberry_Pi/Pico_SDK_v1.5.1/pico-sdk/src/rp2_common/hardware_irq/irq.c.obj
 .text.irq_is_enabled
                0x10000fac       0x18 src/CMakeFiles/main.dir/C_/Program_Files/Raspberry_Pi/Pico_SDK_v1.5.1/pico-sdk/src/rp2_common/hardware_irq/irq.c.obj
                0x10000fac                irq_is_enabled
 .text.irq_set_mask_enabled
                0x10000fc4       0x20 src/CMakeFiles/main.dir/C_/Program_Files/Raspberry_Pi/Pico_SDK_v1.5.1/pico-sdk/src/rp2_common/hardware_irq/irq.c.obj
                0x10000fc4                irq_set_mask_enabled
 .text.irq_set_enabled
                0x10000fe4        0xe src/CMakeFiles/main.dir/C_/Program_Files/Raspberry_Pi/Pico_SDK_v1.5.1/pico-sdk/src/rp2_common/hardware_irq/irq.c.obj
                0x10000fe4                irq_set_enabled
 *fill*         0x10000ff2        0x2 
 .text.irq_set_pending
                0x10000ff4       0x10 src/CMakeFiles/main.dir/C_/Program_Files/Raspberry_Pi/Pico_SDK_v1.5.1/pico-sdk/src/rp2_common/hardware_irq/irq.c.obj
                0x10000ff4                irq_set_pending
 .text.irq_get_vtable_handler
                0x10001004       0x10 src/CMakeFiles/main.dir/C_/Program_Files/Raspberry_Pi/Pico_SDK_v1.5.1/pico-sdk/src/rp2_common/hardware_irq/irq.c.obj
                0x10001004                irq_get_vtable_handler
 .text.irq_has_shared_handler
                0x10001014       0x24 src/CMakeFiles/main.dir/C_/Program_Files/Raspberry_Pi/Pico_SDK_v1.5.1/pico-sdk/src/rp2_common/hardware_irq/irq.c.obj
                0x10001014                irq_has_shared_handler
 .text.irq_set_exclusive_handler
                0x10001038       0x54 src/CMakeFiles/main.dir/C_/Program_Files/Raspberry_Pi/Pico_SDK_v1.5.1/pico-sdk/src/rp2_common/hardware_irq/irq.c.obj
                0x10001038                irq_set_exclusive_handler
 .text.irq_add_shared_handler
                0x1000108c      0x234 src/CMakeFiles/main.dir/C_/Program_Files/Raspberry_Pi/Pico_SDK_v1.5.1/pico-sdk/src/rp2_common/hardware_irq/irq.c.obj
                0x1000108c                irq_add_shared_handler
 .text.irq_remove_handler
                0x100012c0      0x1ac src/CMakeFiles/main.dir/C_/Program_Files/Raspberry_Pi/Pico_SDK_v1.5.1/pico-sdk/src/rp2_common/hardware_irq/irq.c.obj
                0x100012c0                irq_remove_handler
 .text.irq_add_tail_to_free_list
                0x1000146c       0xf0 src/CMakeFiles/main.dir/C_/Program_Files/Raspberry_Pi/Pico_SDK_v1.5.1/pico-sdk/src/rp2_common/hardware_irq/irq.c.obj
                0x1000146c                irq_add_tail_to_free_list
 .text.irq_init_priorities
                0x1000155c       0x1c src/CMakeFiles/main.dir/C_/Program_Files/Raspberry_Pi/Pico_SDK_v1.5.1/pico-sdk/src/rp2_common/hardware_irq/irq.c.obj
                0x1000155c                irq_init_priorities
 .text.user_irq_claim_unused
                0x10001578       0x28 src/CMakeFiles/main.dir/C_/Program_Files/Raspberry_Pi/Pico_SDK_v1.5.1/pico-sdk/src/rp2_common/hardware_irq/irq.c.obj
                0x10001578                user_irq_claim_unused
 .text.lock_init
                0x100015a0       0x10 src/CMakeFiles/main.dir/C_/Program_Files/Raspberry_Pi/Pico_SDK_v1.5.1/pico-sdk/src/common/pico_sync/lock_core.c.obj
                0x100015a0                lock_init
 .text.mutex_init
                0x100015b0       0x1c src/CMakeFiles/main.dir/C_/Program_Files/Raspberry_Pi/Pico_SDK_v1.5.1/pico-sdk/src/common/pico_sync/mutex.c.obj
                0x100015b0                mutex_init
 .text.recursive_mutex_init
                0x100015cc       0x20 src/CMakeFiles/main.dir/C_/Program_Files/Raspberry_Pi/Pico_SDK_v1.5.1/pico-sdk/src/common/pico_sync/mutex.c.obj
                0x100015cc                recursive_mutex_init
 .text.critical_section_init_with_lock_num
                0x100015ec       0x14 src/CMakeFiles/main.dir/C_/Program_Files/Raspberry_Pi/Pico_SDK_v1.5.1/pico-sdk/src/common/pico_sync/critical_section.c.obj
                0x100015ec                critical_section_init_with_lock_num
 .text.critical_section_init
                0x10001600       0x14 src/CMakeFiles/main.dir/C_/Program_Files/Raspberry_Pi/Pico_SDK_v1.5.1/pico-sdk/src/common/pico_sync/critical_section.c.obj
                0x10001600                critical_section_init
 .text.alarm_pool_post_alloc_init
                0x10001614       0x40 src/CMakeFiles/main.dir/C_/Program_Files/Raspberry_Pi/Pico_SDK_v1.5.1/pico-sdk/src/common/pico_time/time.c.obj
 .text.sleep_until_callback
                0x10001654       0x28 src/CMakeFiles/main.dir/C_/Program_Files/Raspberry_Pi/Pico_SDK_v1.5.1/pico-sdk/src/common/pico_time/time.c.obj
 .text.timer_pool_entry_comparator
                0x1000167c       0x7c src/CMakeFiles/main.dir/C_/Program_Files/Raspberry_Pi/Pico_SDK_v1.5.1/pico-sdk/src/common/pico_time/time.c.obj
                0x1000167c                timer_pool_entry_comparator
 .text.ph_add_child_node
                0x100016f8       0xa4 src/CMakeFiles/main.dir/C_/Program_Files/Raspberry_Pi/Pico_SDK_v1.5.1/pico-sdk/src/common/pico_time/time.c.obj
 .text.ph_merge_nodes
                0x1000179c       0x3e src/CMakeFiles/main.dir/C_/Program_Files/Raspberry_Pi/Pico_SDK_v1.5.1/pico-sdk/src/common/pico_time/time.c.obj
 *fill*         0x100017da        0x2 
 .text.add_alarm_under_lock
                0x100017dc      0x174 src/CMakeFiles/main.dir/C_/Program_Files/Raspberry_Pi/Pico_SDK_v1.5.1/pico-sdk/src/common/pico_time/time.c.obj
 .text.alarm_pool_alarm_callback
                0x10001950      0x33c src/CMakeFiles/main.dir/C_/Program_Files/Raspberry_Pi/Pico_SDK_v1.5.1/pico-sdk/src/common/pico_time/time.c.obj
 .text.alarm_pool_init_default
                0x10001c8c       0x40 src/CMakeFiles/main.dir/C_/Program_Files/Raspberry_Pi/Pico_SDK_v1.5.1/pico-sdk/src/common/pico_time/time.c.obj
                0x10001c8c                alarm_pool_init_default
 .text.alarm_pool_get_default
                0x10001ccc       0x2c src/CMakeFiles/main.dir/C_/Program_Files/Raspberry_Pi/Pico_SDK_v1.5.1/pico-sdk/src/common/pico_time/time.c.obj
                0x10001ccc                alarm_pool_get_default
 .text.alarm_pool_add_alarm_at
                0x10001cf8      0x168 src/CMakeFiles/main.dir/C_/Program_Files/Raspberry_Pi/Pico_SDK_v1.5.1/pico-sdk/src/common/pico_time/time.c.obj
                0x10001cf8                alarm_pool_add_alarm_at
 .text.alarm_pool_cancel_alarm
                0x10001e60       0xf8 src/CMakeFiles/main.dir/C_/Program_Files/Raspberry_Pi/Pico_SDK_v1.5.1/pico-sdk/src/common/pico_time/time.c.obj
                0x10001e60                alarm_pool_cancel_alarm
 .text.alarm_pool_core_num
                0x10001f58        0x4 src/CMakeFiles/main.dir/C_/Program_Files/Raspberry_Pi/Pico_SDK_v1.5.1/pico-sdk/src/common/pico_time/time.c.obj
                0x10001f58                alarm_pool_core_num
 .text.sleep_until
                0x10001f5c       0xf0 src/CMakeFiles/main.dir/C_/Program_Files/Raspberry_Pi/Pico_SDK_v1.5.1/pico-sdk/src/common/pico_time/time.c.obj
                0x10001f5c                sleep_until
 .text.sleep_us
                0x1000204c       0x58 src/CMakeFiles/main.dir/C_/Program_Files/Raspberry_Pi/Pico_SDK_v1.5.1/pico-sdk/src/common/pico_time/time.c.obj
                0x1000204c                sleep_us
 .text.sleep_ms
                0x100020a4       0x14 src/CMakeFiles/main.dir/C_/Program_Files/Raspberry_Pi/Pico_SDK_v1.5.1/pico-sdk/src/common/pico_time/time.c.obj
                0x100020a4                sleep_ms
 .text.best_effort_wfe_or_timeout
                0x100020b8       0xac src/CMakeFiles/main.dir/C_/Program_Files/Raspberry_Pi/Pico_SDK_v1.5.1/pico-sdk/src/common/pico_time/time.c.obj
                0x100020b8                best_effort_wfe_or_timeout
 .text.hardware_alarm_irq_handler
                0x10002164       0x90 src/CMakeFiles/main.dir/C_/Program_Files/Raspberry_Pi/Pico_SDK_v1.5.1/pico-sdk/src/rp2_common/hardware_timer/timer.c.obj
 .text.hardware_alarm_claim
                0x100021f4       0x18 src/CMakeFiles/main.dir/C_/Program_Files/Raspberry_Pi/Pico_SDK_v1.5.1/pico-sdk/src/rp2_common/hardware_timer/timer.c.obj
                0x100021f4                hardware_alarm_claim
 .text.time_us_64
                0x1000220c       0x18 src/CMakeFiles/main.dir/C_/Program_Files/Raspberry_Pi/Pico_SDK_v1.5.1/pico-sdk/src/rp2_common/hardware_timer/timer.c.obj
                0x1000220c                time_us_64
 .text.busy_wait_until
                0x10002224       0x28 src/CMakeFiles/main.dir/C_/Program_Files/Raspberry_Pi/Pico_SDK_v1.5.1/pico-sdk/src/rp2_common/hardware_timer/timer.c.obj
                0x10002224                busy_wait_until
 .text.busy_wait_us
                0x1000224c       0x48 src/CMakeFiles/main.dir/C_/Program_Files/Raspberry_Pi/Pico_SDK_v1.5.1/pico-sdk/src/rp2_common/hardware_timer/timer.c.obj
                0x1000224c                busy_wait_us
 .text.hardware_alarm_set_callback
                0x10002294       0x90 src/CMakeFiles/main.dir/C_/Program_Files/Raspberry_Pi/Pico_SDK_v1.5.1/pico-sdk/src/rp2_common/hardware_timer/timer.c.obj
                0x10002294                hardware_alarm_set_callback
 .text.hardware_alarm_set_target
                0x10002324       0xe8 src/CMakeFiles/main.dir/C_/Program_Files/Raspberry_Pi/Pico_SDK_v1.5.1/pico-sdk/src/rp2_common/hardware_timer/timer.c.obj
                0x10002324                hardware_alarm_set_target
 .text.hardware_alarm_cancel
                0x1000240c       0x40 src/CMakeFiles/main.dir/C_/Program_Files/Raspberry_Pi/Pico_SDK_v1.5.1/pico-sdk/src/rp2_common/hardware_timer/timer.c.obj
                0x1000240c                hardware_alarm_cancel
 .text.ph_add_child_node
                0x1000244c       0xa4 src/CMakeFiles/main.dir/C_/Program_Files/Raspberry_Pi/Pico_SDK_v1.5.1/pico-sdk/src/common/pico_util/pheap.c.obj
 .text.ph_merge_nodes
                0x100024f0       0x3e src/CMakeFiles/main.dir/C_/Program_Files/Raspberry_Pi/Pico_SDK_v1.5.1/pico-sdk/src/common/pico_util/pheap.c.obj
 *fill*         0x1000252e        0x2 
 .text.ph_clear
                0x10002530       0x70 src/CMakeFiles/main.dir/C_/Program_Files/Raspberry_Pi/Pico_SDK_v1.5.1/pico-sdk/src/common/pico_util/pheap.c.obj
                0x10002530                ph_clear
 .text.ph_post_alloc_init
                0x100025a0        0xe src/CMakeFiles/main.dir/C_/Program_Files/Raspberry_Pi/Pico_SDK_v1.5.1/pico-sdk/src/common/pico_util/pheap.c.obj
                0x100025a0                ph_post_alloc_init
 *fill*         0x100025ae        0x2 
 .text.ph_merge_two_pass
                0x100025b0       0xa8 src/CMakeFiles/main.dir/C_/Program_Files/Raspberry_Pi/Pico_SDK_v1.5.1/pico-sdk/src/common/pico_util/pheap.c.obj
                0x100025b0                ph_merge_two_pass
 .text.ph_remove_any_head
                0x10002658      0x128 src/CMakeFiles/main.dir/C_/Program_Files/Raspberry_Pi/Pico_SDK_v1.5.1/pico-sdk/src/common/pico_util/pheap.c.obj
 .text.ph_remove_head
                0x10002780       0x14 src/CMakeFiles/main.dir/C_/Program_Files/Raspberry_Pi/Pico_SDK_v1.5.1/pico-sdk/src/common/pico_util/pheap.c.obj
                0x10002780                ph_remove_head
 .text.ph_remove_and_free_node
                0x10002794       0xf8 src/CMakeFiles/main.dir/C_/Program_Files/Raspberry_Pi/Pico_SDK_v1.5.1/pico-sdk/src/common/pico_util/pheap.c.obj
                0x10002794                ph_remove_and_free_node
 .text.uart_disable_before_lcr_write
                0x1000288c       0x48 src/CMakeFiles/main.dir/C_/Program_Files/Raspberry_Pi/Pico_SDK_v1.5.1/pico-sdk/src/rp2_common/hardware_uart/uart.c.obj
 .text.uart_write_lcr_bits_masked
                0x100028d4       0x22 src/CMakeFiles/main.dir/C_/Program_Files/Raspberry_Pi/Pico_SDK_v1.5.1/pico-sdk/src/rp2_common/hardware_uart/uart.c.obj
 *fill*         0x100028f6        0x2 
 .text.uart_set_baudrate
                0x100028f8       0x5c src/CMakeFiles/main.dir/C_/Program_Files/Raspberry_Pi/Pico_SDK_v1.5.1/pico-sdk/src/rp2_common/hardware_uart/uart.c.obj
                0x100028f8                uart_set_baudrate
 .text.uart_set_format
                0x10002954       0x2c src/CMakeFiles/main.dir/C_/Program_Files/Raspberry_Pi/Pico_SDK_v1.5.1/pico-sdk/src/rp2_common/hardware_uart/uart.c.obj
                0x10002954                uart_set_format
 .text.uart_set_translate_crlf
                0x10002980       0x28 src/CMakeFiles/main.dir/C_/Program_Files/Raspberry_Pi/Pico_SDK_v1.5.1/pico-sdk/src/rp2_common/hardware_uart/uart.c.obj
                0x10002980                uart_set_translate_crlf
 .text.uart_init
                0x100029a8       0x80 src/CMakeFiles/main.dir/C_/Program_Files/Raspberry_Pi/Pico_SDK_v1.5.1/pico-sdk/src/rp2_common/hardware_uart/uart.c.obj
                0x100029a8                uart_init
 .text.clock_configure
                0x10002a28      0x108 src/CMakeFiles/main.dir/C_/Program_Files/Raspberry_Pi/Pico_SDK_v1.5.1/pico-sdk/src/rp2_common/hardware_clocks/clocks.c.obj
                0x10002a28                clock_configure
 .text.clocks_init
                0x10002b30      0x100 src/CMakeFiles/main.dir/C_/Program_Files/Raspberry_Pi/Pico_SDK_v1.5.1/pico-sdk/src/rp2_common/hardware_clocks/clocks.c.obj
                0x10002b30                clocks_init
 .text.clock_get_hz
                0x10002c30        0xc src/CMakeFiles/main.dir/C_/Program_Files/Raspberry_Pi/Pico_SDK_v1.5.1/pico-sdk/src/rp2_common/hardware_clocks/clocks.c.obj
                0x10002c30                clock_get_hz
 .text.pll_init
                0x10002c3c      0x120 src/CMakeFiles/main.dir/C_/Program_Files/Raspberry_Pi/Pico_SDK_v1.5.1/pico-sdk/src/rp2_common/hardware_pll/pll.c.obj
                0x10002c3c                pll_init
 .text.watchdog_start_tick
                0x10002d5c       0x10 src/CMakeFiles/main.dir/C_/Program_Files/Raspberry_Pi/Pico_SDK_v1.5.1/pico-sdk/src/rp2_common/hardware_watchdog/watchdog.c.obj
                0x10002d5c                watchdog_start_tick
 .text.watchdog_update
                0x10002d6c       0x14 src/CMakeFiles/main.dir/C_/Program_Files/Raspberry_Pi/Pico_SDK_v1.5.1/pico-sdk/src/rp2_common/hardware_watchdog/watchdog.c.obj
                0x10002d6c                watchdog_update
 .text._watchdog_enable
                0x10002d80       0x78 src/CMakeFiles/main.dir/C_/Program_Files/Raspberry_Pi/Pico_SDK_v1.5.1/pico-sdk/src/rp2_common/hardware_watchdog/watchdog.c.obj
                0x10002d80                _watchdog_enable
 .text.watchdog_reboot
                0x10002df8       0x48 src/CMakeFiles/main.dir/C_/Program_Files/Raspberry_Pi/Pico_SDK_v1.5.1/pico-sdk/src/rp2_common/hardware_watchdog/watchdog.c.obj
                0x10002df8                watchdog_reboot
 .text.xosc_init
                0x10002e40       0x28 src/CMakeFiles/main.dir/C_/Program_Files/Raspberry_Pi/Pico_SDK_v1.5.1/pico-sdk/src/rp2_common/hardware_xosc/xosc.c.obj
                0x10002e40                xosc_init
 .text._exit    0x10002e68        0x4 src/CMakeFiles/main.dir/C_/Program_Files/Raspberry_Pi/Pico_SDK_v1.5.1/pico-sdk/src/rp2_common/pico_runtime/runtime.c.obj
                0x10002e68                _exit
 .text._sbrk    0x10002e6c       0x38 src/CMakeFiles/main.dir/C_/Program_Files/Raspberry_Pi/Pico_SDK_v1.5.1/pico-sdk/src/rp2_common/pico_runtime/runtime.c.obj
                0x10002e6c                _sbrk
 .text.exit     0x10002ea4        0x6 src/CMakeFiles/main.dir/C_/Program_Files/Raspberry_Pi/Pico_SDK_v1.5.1/pico-sdk/src/rp2_common/pico_runtime/runtime.c.obj
                0x10002ea4                exit
 *fill*         0x10002eaa        0x2 
 .text.__assert_func
                0x10002eac       0x3c src/CMakeFiles/main.dir/C_/Program_Files/Raspberry_Pi/Pico_SDK_v1.5.1/pico-sdk/src/rp2_common/pico_runtime/runtime.c.obj
                0x10002eac                __assert_func
 .text.runtime_init
                0x10002ee8       0xf8 src/CMakeFiles/main.dir/C_/Program_Files/Raspberry_Pi/Pico_SDK_v1.5.1/pico-sdk/src/rp2_common/pico_runtime/runtime.c.obj
                0x10002ee8                runtime_init
 .text.panic    0x10002fe0       0x30 src/CMakeFiles/main.dir/C_/Program_Files/Raspberry_Pi/Pico_SDK_v1.5.1/pico-sdk/src/rp2_common/pico_runtime/runtime.c.obj
                0x10002fe0                panic
 .text._out_null
                0x10003010        0x2 src/CMakeFiles/main.dir/C_/Program_Files/Raspberry_Pi/Pico_SDK_v1.5.1/pico-sdk/src/rp2_common/pico_printf/printf.c.obj
 .text._out_fct
                0x10003012        0xe src/CMakeFiles/main.dir/C_/Program_Files/Raspberry_Pi/Pico_SDK_v1.5.1/pico-sdk/src/rp2_common/pico_printf/printf.c.obj
 .text._atoi    0x10003020       0x24 src/CMakeFiles/main.dir/C_/Program_Files/Raspberry_Pi/Pico_SDK_v1.5.1/pico-sdk/src/rp2_common/pico_printf/printf.c.obj
 .text._out_rev
                0x10003044       0xae src/CMakeFiles/main.dir/C_/Program_Files/Raspberry_Pi/Pico_SDK_v1.5.1/pico-sdk/src/rp2_common/pico_printf/printf.c.obj
 .text._ntoa_format
                0x100030f2      0x112 src/CMakeFiles/main.dir/C_/Program_Files/Raspberry_Pi/Pico_SDK_v1.5.1/pico-sdk/src/rp2_common/pico_printf/printf.c.obj
 .text._ntoa_long
                0x10003204       0xbc src/CMakeFiles/main.dir/C_/Program_Files/Raspberry_Pi/Pico_SDK_v1.5.1/pico-sdk/src/rp2_common/pico_printf/printf.c.obj
 .text._ntoa_long_long
                0x100032c0       0xe2 src/CMakeFiles/main.dir/C_/Program_Files/Raspberry_Pi/Pico_SDK_v1.5.1/pico-sdk/src/rp2_common/pico_printf/printf.c.obj
 *fill*         0x100033a2        0x2 
 .text._etoa    0x100033a4      0x414 src/CMakeFiles/main.dir/C_/Program_Files/Raspberry_Pi/Pico_SDK_v1.5.1/pico-sdk/src/rp2_common/pico_printf/printf.c.obj
 .text._ftoa    0x100037b8      0x354 src/CMakeFiles/main.dir/C_/Program_Files/Raspberry_Pi/Pico_SDK_v1.5.1/pico-sdk/src/rp2_common/pico_printf/printf.c.obj
 .text._vsnprintf
                0x10003b0c      0x624 src/CMakeFiles/main.dir/C_/Program_Files/Raspberry_Pi/Pico_SDK_v1.5.1/pico-sdk/src/rp2_common/pico_printf/printf.c.obj
 .text.vfctprintf
                0x10004130       0x20 src/CMakeFiles/main.dir/C_/Program_Files/Raspberry_Pi/Pico_SDK_v1.5.1/pico-sdk/src/rp2_common/pico_printf/printf.c.obj
                0x10004130                vfctprintf
 .text          0x10004150       0x10 src/CMakeFiles/main.dir/C_/Program_Files/Raspberry_Pi/Pico_SDK_v1.5.1/pico-sdk/src/rp2_common/pico_bit_ops/bit_ops_aeabi.S.obj
 .text.rom_func_lookup
                0x10004160       0x10 src/CMakeFiles/main.dir/C_/Program_Files/Raspberry_Pi/Pico_SDK_v1.5.1/pico-sdk/src/rp2_common/pico_bootrom/bootrom.c.obj
                0x10004160                rom_func_lookup
 .text.rom_data_lookup
                0x10004170       0x10 src/CMakeFiles/main.dir/C_/Program_Files/Raspberry_Pi/Pico_SDK_v1.5.1/pico-sdk/src/rp2_common/pico_bootrom/bootrom.c.obj
                0x10004170                rom_data_lookup
 .text.rom_funcs_lookup
                0x10004180       0x36 src/CMakeFiles/main.dir/C_/Program_Files/Raspberry_Pi/Pico_SDK_v1.5.1/pico-sdk/src/rp2_common/pico_bootrom/bootrom.c.obj
                0x10004180                rom_funcs_lookup
 *fill*         0x100041b6        0x2 
 .text.__wrap___aeabi_idiv
                0x100041b8       0x50 src/CMakeFiles/main.dir/C_/Program_Files/Raspberry_Pi/Pico_SDK_v1.5.1/pico-sdk/src/rp2_common/pico_divider/divider.S.obj
                0x100041b8                __wrap___aeabi_idivmod
                0x100041b8                divmod_s32s32
                0x100041b8                div_s32s32
                0x100041b8                __wrap___aeabi_idiv
                0x100041c0                divmod_s32s32_unsafe
                0x100041ec                divmod_s32s32_savestate
 .text.__wrap___aeabi_uidiv
                0x10004208       0x4c src/CMakeFiles/main.dir/C_/Program_Files/Raspberry_Pi/Pico_SDK_v1.5.1/pico-sdk/src/rp2_common/pico_divider/divider.S.obj
                0x10004208                __wrap___aeabi_uidiv
                0x10004208                __wrap___aeabi_uidivmod
                0x10004208                div_u32u32
                0x10004208                divmod_u32u32
                0x10004210                divmod_u32u32_unsafe
                0x10004238                divmod_u32u32_savestate
 .text.__wrap___aeabi_ldiv
                0x10004254      0x424 src/CMakeFiles/main.dir/C_/Program_Files/Raspberry_Pi/Pico_SDK_v1.5.1/pico-sdk/src/rp2_common/pico_divider/divider.S.obj
                0x10004254                div_s64s64
                0x10004254                divmod_s64s64
                0x10004254                __wrap___aeabi_ldivmod
                0x10004284                divmod_u64u64
                0x10004284                div_u64u64
                0x10004284                __wrap___aeabi_uldivmod
                0x10004294                divmod_u64u64_savestate
                0x100042b4                divmod_s64s64_unsafe
                0x1000433c                divmod_u64u64_unsafe
 .text.__wrap___aeabi_darithmetic
                0x10004678       0x60 src/CMakeFiles/main.dir/C_/Program_Files/Raspberry_Pi/Pico_SDK_v1.5.1/pico-sdk/src/rp2_common/pico_double/double_aeabi.S.obj
                0x10004678                __wrap___aeabi_drsub
                0x1000467e                __wrap___aeabi_dsub
                0x10004688                __wrap___aeabi_dadd
                0x10004692                __wrap___aeabi_ddiv
                0x100046c6                __wrap___aeabi_dmul
 .text.__wrap___aeabi_cdcmple
                0x100046d8       0x6c src/CMakeFiles/main.dir/C_/Program_Files/Raspberry_Pi/Pico_SDK_v1.5.1/pico-sdk/src/rp2_common/pico_double/double_aeabi.S.obj
                0x100046d8                __wrap___aeabi_cdrcmple
                0x100046e8                __wrap___aeabi_cdcmpeq
                0x100046e8                __wrap___aeabi_cdcmple
 .text.__wrap___aeabi_dcmplt
                0x10004744        0xc src/CMakeFiles/main.dir/C_/Program_Files/Raspberry_Pi/Pico_SDK_v1.5.1/pico-sdk/src/rp2_common/pico_double/double_aeabi.S.obj
                0x10004744                __wrap___aeabi_dcmplt
 .text.__wrap___aeabi_dcmple
                0x10004750       0x10 src/CMakeFiles/main.dir/C_/Program_Files/Raspberry_Pi/Pico_SDK_v1.5.1/pico-sdk/src/rp2_common/pico_double/double_aeabi.S.obj
                0x10004750                __wrap___aeabi_dcmple
 .text.__wrap___aeabi_dcmpge
                0x10004760       0x10 src/CMakeFiles/main.dir/C_/Program_Files/Raspberry_Pi/Pico_SDK_v1.5.1/pico-sdk/src/rp2_common/pico_double/double_aeabi.S.obj
                0x10004760                __wrap___aeabi_dcmpge
 .text.__wrap___aeabi_dcmpgt
                0x10004770        0xa src/CMakeFiles/main.dir/C_/Program_Files/Raspberry_Pi/Pico_SDK_v1.5.1/pico-sdk/src/rp2_common/pico_double/double_aeabi.S.obj
                0x10004770                __wrap___aeabi_dcmpgt
 .text.__wrap___aeabi_dcmpun
                0x1000477a       0x1c src/CMakeFiles/main.dir/C_/Program_Files/Raspberry_Pi/Pico_SDK_v1.5.1/pico-sdk/src/rp2_common/pico_double/double_aeabi.S.obj
                0x1000477a                __wrap___aeabi_dcmpun
 *fill*         0x10004796        0x2 
 .text.__wrap___aeabi_i2d
                0x10004798       0x38 src/CMakeFiles/main.dir/C_/Program_Files/Raspberry_Pi/Pico_SDK_v1.5.1/pico-sdk/src/rp2_common/pico_double/double_aeabi.S.obj
                0x10004798                __wrap___aeabi_ui2d
                0x100047a0                __wrap___aeabi_i2d
 .text.__wrap___aeabi_d2iz
                0x100047d0       0x48 src/CMakeFiles/main.dir/C_/Program_Files/Raspberry_Pi/Pico_SDK_v1.5.1/pico-sdk/src/rp2_common/pico_double/double_aeabi.S.obj
                0x100047d0                double2int_z
                0x100047d0                __wrap___aeabi_d2iz
 .text.__wrap___aeabi_d2uiz
                0x10004818       0x10 src/CMakeFiles/main.dir/C_/Program_Files/Raspberry_Pi/Pico_SDK_v1.5.1/pico-sdk/src/rp2_common/pico_double/double_aeabi.S.obj
                0x10004818                __wrap___aeabi_d2uiz
                0x10004818                double2uint
 .text.missing_double_func_shim
                0x10004828        0xc src/CMakeFiles/main.dir/C_/Program_Files/Raspberry_Pi/Pico_SDK_v1.5.1/pico-sdk/src/rp2_common/pico_double/double_init_rom.c.obj
 .text.__aeabi_double_init
                0x10004834       0xcc src/CMakeFiles/main.dir/C_/Program_Files/Raspberry_Pi/Pico_SDK_v1.5.1/pico-sdk/src/rp2_common/pico_double/double_init_rom.c.obj
                0x10004834                __aeabi_double_init
 .text.double_table_shim_on_use_helper
                0x10004900       0x34 src/CMakeFiles/main.dir/C_/Program_Files/Raspberry_Pi/Pico_SDK_v1.5.1/pico-sdk/src/rp2_common/pico_double/double_v1_rom_shim.S.obj
                0x10004900                double_table_shim_on_use_helper
 .text.__aeabi_lmul
                0x10004934       0x32 src/CMakeFiles/main.dir/C_/Program_Files/Raspberry_Pi/Pico_SDK_v1.5.1/pico-sdk/src/rp2_common/pico_int64_ops/pico_int64_ops_aeabi.S.obj
                0x10004934                __wrap___aeabi_lmul
 *fill*         0x10004966        0x2 
 .text.__wrap___aeabi_farithmetic
                0x10004968       0x48 src/CMakeFiles/main.dir/C_/Program_Files/Raspberry_Pi/Pico_SDK_v1.5.1/pico-sdk/src/rp2_common/pico_float/float_aeabi.S.obj
                0x10004968                __wrap___aeabi_frsub
                0x1000496e                __wrap___aeabi_fsub
                0x10004974                __wrap___aeabi_fadd
                0x1000497a                __wrap___aeabi_fdiv
                0x100049a2                __wrap___aeabi_fmul
 .text.__wrap___aeabi_cfcmple
                0x100049b0       0x50 src/CMakeFiles/main.dir/C_/Program_Files/Raspberry_Pi/Pico_SDK_v1.5.1/pico-sdk/src/rp2_common/pico_float/float_aeabi.S.obj
                0x100049b0                __wrap___aeabi_cfrcmple
                0x100049bc                __wrap___aeabi_cfcmple
                0x100049bc                __wrap___aeabi_cfcmpeq
 .text.__wrap___aeabi_fcmplt
                0x10004a00        0xc src/CMakeFiles/main.dir/C_/Program_Files/Raspberry_Pi/Pico_SDK_v1.5.1/pico-sdk/src/rp2_common/pico_float/float_aeabi.S.obj
                0x10004a00                __wrap___aeabi_fcmplt
 .text.__wrap___aeabi_fcmple
                0x10004a0c       0x10 src/CMakeFiles/main.dir/C_/Program_Files/Raspberry_Pi/Pico_SDK_v1.5.1/pico-sdk/src/rp2_common/pico_float/float_aeabi.S.obj
                0x10004a0c                __wrap___aeabi_fcmple
 .text.__wrap___aeabi_fcmpge
                0x10004a1c       0x10 src/CMakeFiles/main.dir/C_/Program_Files/Raspberry_Pi/Pico_SDK_v1.5.1/pico-sdk/src/rp2_common/pico_float/float_aeabi.S.obj
                0x10004a1c                __wrap___aeabi_fcmpge
 .text.__wrap___aeabi_fcmpgt
                0x10004a2c        0xa src/CMakeFiles/main.dir/C_/Program_Files/Raspberry_Pi/Pico_SDK_v1.5.1/pico-sdk/src/rp2_common/pico_float/float_aeabi.S.obj
                0x10004a2c                __wrap___aeabi_fcmpgt
 .text.__wrap___aeabi_ui2f
                0x10004a36        0xa src/CMakeFiles/main.dir/C_/Program_Files/Raspberry_Pi/Pico_SDK_v1.5.1/pico-sdk/src/rp2_common/pico_float/float_aeabi.S.obj
                0x10004a36                __wrap___aeabi_ui2f
 .text.__wrap___aeabi_i2f
                0x10004a40       0x44 src/CMakeFiles/main.dir/C_/Program_Files/Raspberry_Pi/Pico_SDK_v1.5.1/pico-sdk/src/rp2_common/pico_float/float_aeabi.S.obj
                0x10004a40                __wrap___aeabi_i2f
 .text.__wrap___aeabi_f2uiz
                0x10004a84        0xc src/CMakeFiles/main.dir/C_/Program_Files/Raspberry_Pi/Pico_SDK_v1.5.1/pico-sdk/src/rp2_common/pico_float/float_aeabi.S.obj
                0x10004a84                __wrap___aeabi_f2uiz
 .text.__wrap___aeabi_ul2f
                0x10004a90       0x18 src/CMakeFiles/main.dir/C_/Program_Files/Raspberry_Pi/Pico_SDK_v1.5.1/pico-sdk/src/rp2_common/pico_float/float_aeabi.S.obj
                0x10004a94                __wrap___aeabi_ul2f
 .text.__wrap___aeabi_f2d
                0x10004aa8        0xc src/CMakeFiles/main.dir/C_/Program_Files/Raspberry_Pi/Pico_SDK_v1.5.1/pico-sdk/src/rp2_common/pico_float/float_aeabi.S.obj
                0x10004aa8                __wrap___aeabi_f2d
 .text.__wrap_sqrtf
                0x10004ab4        0xc src/CMakeFiles/main.dir/C_/Program_Files/Raspberry_Pi/Pico_SDK_v1.5.1/pico-sdk/src/rp2_common/pico_float/float_aeabi.S.obj
                0x10004ab4                __wrap_sqrtf
 .text.missing_float_func_shim
                0x10004ac0        0xc src/CMakeFiles/main.dir/C_/Program_Files/Raspberry_Pi/Pico_SDK_v1.5.1/pico-sdk/src/rp2_common/pico_float/float_init_rom.c.obj
 .text.__aeabi_float_init
                0x10004acc       0x88 src/CMakeFiles/main.dir/C_/Program_Files/Raspberry_Pi/Pico_SDK_v1.5.1/pico-sdk/src/rp2_common/pico_float/float_init_rom.c.obj
                0x10004acc                __aeabi_float_init
 .text          0x10004b54       0x10 src/CMakeFiles/main.dir/C_/Program_Files/Raspberry_Pi/Pico_SDK_v1.5.1/pico-sdk/src/rp2_common/pico_mem_ops/mem_ops_aeabi.S.obj
                0x10004b54                __aeabi_mem_init
 .text.memset   0x10004b64        0xc src/CMakeFiles/main.dir/C_/Program_Files/Raspberry_Pi/Pico_SDK_v1.5.1/pico-sdk/src/rp2_common/pico_mem_ops/mem_ops_aeabi.S.obj
                0x10004b64                __wrap_memset
 .text.memcpy   0x10004b70        0xc src/CMakeFiles/main.dir/C_/Program_Files/Raspberry_Pi/Pico_SDK_v1.5.1/pico-sdk/src/rp2_common/pico_mem_ops/mem_ops_aeabi.S.obj
                0x10004b70                __wrap_memcpy
                0x10004b70                __wrap___aeabi_memcpy
 .text.stdio_out_chars_no_crlf
                0x10004b7c        0xe src/CMakeFiles/main.dir/C_/Program_Files/Raspberry_Pi/Pico_SDK_v1.5.1/pico-sdk/src/rp2_common/pico_stdio/stdio.c.obj
 *fill*         0x10004b8a        0x2 
 .text.stdio_out_chars_crlf
                0x10004b8c       0x80 src/CMakeFiles/main.dir/C_/Program_Files/Raspberry_Pi/Pico_SDK_v1.5.1/pico-sdk/src/rp2_common/pico_stdio/stdio.c.obj
 .text.stdio_stack_buffer_flush
                0x10004c0c       0x44 src/CMakeFiles/main.dir/C_/Program_Files/Raspberry_Pi/Pico_SDK_v1.5.1/pico-sdk/src/rp2_common/pico_stdio/stdio.c.obj
 .text.stdio_buffered_printer
                0x10004c50       0x20 src/CMakeFiles/main.dir/C_/Program_Files/Raspberry_Pi/Pico_SDK_v1.5.1/pico-sdk/src/rp2_common/pico_stdio/stdio.c.obj
 .text.stdio_get_until
                0x10004c70       0x80 src/CMakeFiles/main.dir/C_/Program_Files/Raspberry_Pi/Pico_SDK_v1.5.1/pico-sdk/src/rp2_common/pico_stdio/stdio.c.obj
 .text.stdout_serialize_begin
                0x10004cf0       0x5c src/CMakeFiles/main.dir/C_/Program_Files/Raspberry_Pi/Pico_SDK_v1.5.1/pico-sdk/src/rp2_common/pico_stdio/stdio.c.obj
                0x10004cf0                stdout_serialize_begin
 .text.stdout_serialize_end
                0x10004d4c       0x10 src/CMakeFiles/main.dir/C_/Program_Files/Raspberry_Pi/Pico_SDK_v1.5.1/pico-sdk/src/rp2_common/pico_stdio/stdio.c.obj
                0x10004d4c                stdout_serialize_end
 .text.stdio_put_string
                0x10004d5c       0x98 src/CMakeFiles/main.dir/C_/Program_Files/Raspberry_Pi/Pico_SDK_v1.5.1/pico-sdk/src/rp2_common/pico_stdio/stdio.c.obj
 .text.__wrap_putchar
                0x10004df4       0x1c src/CMakeFiles/main.dir/C_/Program_Files/Raspberry_Pi/Pico_SDK_v1.5.1/pico-sdk/src/rp2_common/pico_stdio/stdio.c.obj
                0x10004df4                __wrap_putchar
 .text._read    0x10004e10       0x24 src/CMakeFiles/main.dir/C_/Program_Files/Raspberry_Pi/Pico_SDK_v1.5.1/pico-sdk/src/rp2_common/pico_stdio/stdio.c.obj
                0x10004e10                _read
 .text._write   0x10004e34       0x22 src/CMakeFiles/main.dir/C_/Program_Files/Raspberry_Pi/Pico_SDK_v1.5.1/pico-sdk/src/rp2_common/pico_stdio/stdio.c.obj
                0x10004e34                _write
 .text._close   0x10004e56        0x6 src/CMakeFiles/main.dir/C_/Program_Files/Raspberry_Pi/Pico_SDK_v1.5.1/pico-sdk/src/rp2_common/pico_stdio/stdio.c.obj
                0x10004e56                _close
 .text._lseek   0x10004e5c        0x6 src/CMakeFiles/main.dir/C_/Program_Files/Raspberry_Pi/Pico_SDK_v1.5.1/pico-sdk/src/rp2_common/pico_stdio/stdio.c.obj
                0x10004e5c                _lseek
 *fill*         0x10004e62        0x2 
 .text.stdio_set_driver_enabled
                0x10004e64       0x2c src/CMakeFiles/main.dir/C_/Program_Files/Raspberry_Pi/Pico_SDK_v1.5.1/pico-sdk/src/rp2_common/pico_stdio/stdio.c.obj
                0x10004e64                stdio_set_driver_enabled
 .text.stdio_flush
                0x10004e90       0x20 src/CMakeFiles/main.dir/C_/Program_Files/Raspberry_Pi/Pico_SDK_v1.5.1/pico-sdk/src/rp2_common/pico_stdio/stdio.c.obj
                0x10004e90                stdio_flush
 .text.__wrap_puts
                0x10004eb0       0x1e src/CMakeFiles/main.dir/C_/Program_Files/Raspberry_Pi/Pico_SDK_v1.5.1/pico-sdk/src/rp2_common/pico_stdio/stdio.c.obj
                0x10004eb0                __wrap_puts
 *fill*         0x10004ece        0x2 
 .text.__wrap_vprintf
                0x10004ed0       0x40 src/CMakeFiles/main.dir/C_/Program_Files/Raspberry_Pi/Pico_SDK_v1.5.1/pico-sdk/src/rp2_common/pico_stdio/stdio.c.obj
                0x10004ed0                __wrap_vprintf
 .text.__wrap_printf
                0x10004f10       0x18 src/CMakeFiles/main.dir/C_/Program_Files/Raspberry_Pi/Pico_SDK_v1.5.1/pico-sdk/src/rp2_common/pico_stdio/stdio.c.obj
                0x10004f10                __wrap_printf
 .text.stdio_init_all
                0x10004f28        0xe src/CMakeFiles/main.dir/C_/Program_Files/Raspberry_Pi/Pico_SDK_v1.5.1/pico-sdk/src/rp2_common/pico_stdio/stdio.c.obj
                0x10004f28                stdio_init_all
 *fill*         0x10004f36        0x2 
 .text.stdio_uart_out_chars
                0x10004f38       0x74 src/CMakeFiles/main.dir/C_/Program_Files/Raspberry_Pi/Pico_SDK_v1.5.1/pico-sdk/src/rp2_common/pico_stdio_uart/stdio_uart.c.obj
 .text.stdio_uart_in_chars
                0x10004fac       0x80 src/CMakeFiles/main.dir/C_/Program_Files/Raspberry_Pi/Pico_SDK_v1.5.1/pico-sdk/src/rp2_common/pico_stdio_uart/stdio_uart.c.obj
                0x10004fac                stdio_uart_in_chars
 .text.on_uart_rx
                0x1000502c       0x28 src/CMakeFiles/main.dir/C_/Program_Files/Raspberry_Pi/Pico_SDK_v1.5.1/pico-sdk/src/rp2_common/pico_stdio_uart/stdio_uart.c.obj
 .text.stdio_uart_set_chars_available_callback
                0x10005054       0x8c src/CMakeFiles/main.dir/C_/Program_Files/Raspberry_Pi/Pico_SDK_v1.5.1/pico-sdk/src/rp2_common/pico_stdio_uart/stdio_uart.c.obj
 .text.stdio_uart_init_full
                0x100050e0       0x44 src/CMakeFiles/main.dir/C_/Program_Files/Raspberry_Pi/Pico_SDK_v1.5.1/pico-sdk/src/rp2_common/pico_stdio_uart/stdio_uart.c.obj
                0x100050e0                stdio_uart_init_full
 .text.stdio_uart_init
                0x10005124       0x28 src/CMakeFiles/main.dir/C_/Program_Files/Raspberry_Pi/Pico_SDK_v1.5.1/pico-sdk/src/rp2_common/pico_stdio_uart/stdio_uart.c.obj
                0x10005124                stdio_uart_init
 .text.resetd_init
                0x1000514c        0x2 src/CMakeFiles/main.dir/C_/Program_Files/Raspberry_Pi/Pico_SDK_v1.5.1/pico-sdk/src/rp2_common/pico_stdio_usb/reset_interface.c.obj
 *fill*         0x1000514e        0x2 
 .text.resetd_reset
                0x10005150        0xc src/CMakeFiles/main.dir/C_/Program_Files/Raspberry_Pi/Pico_SDK_v1.5.1/pico-sdk/src/rp2_common/pico_stdio_usb/reset_interface.c.obj
 .text.resetd_open
                0x1000515c       0x34 src/CMakeFiles/main.dir/C_/Program_Files/Raspberry_Pi/Pico_SDK_v1.5.1/pico-sdk/src/rp2_common/pico_stdio_usb/reset_interface.c.obj
 .text.resetd_xfer_cb
                0x10005190        0x4 src/CMakeFiles/main.dir/C_/Program_Files/Raspberry_Pi/Pico_SDK_v1.5.1/pico-sdk/src/rp2_common/pico_stdio_usb/reset_interface.c.obj
 .text.reset_usb_boot
                0x10005194       0x18 src/CMakeFiles/main.dir/C_/Program_Files/Raspberry_Pi/Pico_SDK_v1.5.1/pico-sdk/src/rp2_common/pico_stdio_usb/reset_interface.c.obj
 .text.resetd_control_xfer_cb
                0x100051ac       0x5c src/CMakeFiles/main.dir/C_/Program_Files/Raspberry_Pi/Pico_SDK_v1.5.1/pico-sdk/src/rp2_common/pico_stdio_usb/reset_interface.c.obj
 .text.usbd_app_driver_get_cb
                0x10005208        0xc src/CMakeFiles/main.dir/C_/Program_Files/Raspberry_Pi/Pico_SDK_v1.5.1/pico-sdk/src/rp2_common/pico_stdio_usb/reset_interface.c.obj
                0x10005208                usbd_app_driver_get_cb
 .text.tud_cdc_line_coding_cb
                0x10005214       0x28 src/CMakeFiles/main.dir/C_/Program_Files/Raspberry_Pi/Pico_SDK_v1.5.1/pico-sdk/src/rp2_common/pico_stdio_usb/reset_interface.c.obj
                0x10005214                tud_cdc_line_coding_cb
 .text.stdio_usb_set_chars_available_callback
                0x1000523c       0x14 src/CMakeFiles/main.dir/C_/Program_Files/Raspberry_Pi/Pico_SDK_v1.5.1/pico-sdk/src/rp2_common/pico_stdio_usb/stdio_usb.c.obj
                0x1000523c                stdio_usb_set_chars_available_callback
 .text.usb_irq  0x10005250       0x10 src/CMakeFiles/main.dir/C_/Program_Files/Raspberry_Pi/Pico_SDK_v1.5.1/pico-sdk/src/rp2_common/pico_stdio_usb/stdio_usb.c.obj
 .text.timer_task
                0x10005260       0x5c src/CMakeFiles/main.dir/C_/Program_Files/Raspberry_Pi/Pico_SDK_v1.5.1/pico-sdk/src/rp2_common/pico_stdio_usb/stdio_usb.c.obj
 .text.low_priority_worker_irq
                0x100052bc       0xdc src/CMakeFiles/main.dir/C_/Program_Files/Raspberry_Pi/Pico_SDK_v1.5.1/pico-sdk/src/rp2_common/pico_stdio_usb/stdio_usb.c.obj
 .text.tud_cdc_rx_cb
                0x10005398       0x20 src/CMakeFiles/main.dir/C_/Program_Files/Raspberry_Pi/Pico_SDK_v1.5.1/pico-sdk/src/rp2_common/pico_stdio_usb/stdio_usb.c.obj
                0x10005398                tud_cdc_rx_cb
 .text.stdio_usb_init
                0x100053b8      0x11c src/CMakeFiles/main.dir/C_/Program_Files/Raspberry_Pi/Pico_SDK_v1.5.1/pico-sdk/src/rp2_common/pico_stdio_usb/stdio_usb.c.obj
                0x100053b8                stdio_usb_init
 .text.stdio_usb_connected
                0x100054d4        0xa src/CMakeFiles/main.dir/C_/Program_Files/Raspberry_Pi/Pico_SDK_v1.5.1/pico-sdk/src/rp2_common/pico_stdio_usb/stdio_usb.c.obj
                0x100054d4                stdio_usb_connected
 *fill*         0x100054de        0x2 
 .text.stdio_usb_in_chars
                0x100054e0       0xc4 src/CMakeFiles/main.dir/C_/Program_Files/Raspberry_Pi/Pico_SDK_v1.5.1/pico-sdk/src/rp2_common/pico_stdio_usb/stdio_usb.c.obj
                0x100054e0                stdio_usb_in_chars
 .text.stdio_usb_out_chars
                0x100055a4      0x114 src/CMakeFiles/main.dir/C_/Program_Files/Raspberry_Pi/Pico_SDK_v1.5.1/pico-sdk/src/rp2_common/pico_stdio_usb/stdio_usb.c.obj
 .text.tud_descriptor_device_cb
                0x100056b8        0x8 src/CMakeFiles/main.dir/C_/Program_Files/Raspberry_Pi/Pico_SDK_v1.5.1/pico-sdk/src/rp2_common/pico_stdio_usb/stdio_usb_descriptors.c.obj
                0x100056b8                tud_descriptor_device_cb
 .text.tud_descriptor_configuration_cb
                0x100056c0        0x8 src/CMakeFiles/main.dir/C_/Program_Files/Raspberry_Pi/Pico_SDK_v1.5.1/pico-sdk/src/rp2_common/pico_stdio_usb/stdio_usb_descriptors.c.obj
                0x100056c0                tud_descriptor_configuration_cb
 .text.tud_descriptor_string_cb
                0x100056c8       0x6c src/CMakeFiles/main.dir/C_/Program_Files/Raspberry_Pi/Pico_SDK_v1.5.1/pico-sdk/src/rp2_common/pico_stdio_usb/stdio_usb_descriptors.c.obj
                0x100056c8                tud_descriptor_string_cb
 .text._retrieve_unique_id_on_boot
                0x10005734       0x10 src/CMakeFiles/main.dir/C_/Program_Files/Raspberry_Pi/Pico_SDK_v1.5.1/pico-sdk/src/rp2_common/pico_unique_id/unique_id.c.obj
 .text.pico_get_unique_board_id_string
                0x10005744       0x60 src/CMakeFiles/main.dir/C_/Program_Files/Raspberry_Pi/Pico_SDK_v1.5.1/pico-sdk/src/rp2_common/pico_unique_id/unique_id.c.obj
                0x10005744                pico_get_unique_board_id_string
 .text.flash_get_unique_id
                0x100057a4       0x46 src/CMakeFiles/main.dir/C_/Program_Files/Raspberry_Pi/Pico_SDK_v1.5.1/pico-sdk/src/rp2_common/hardware_flash/flash.c.obj
                0x100057a4                flash_get_unique_id
 *fill*         0x100057ea        0x2 
 .text.hw_endpoint_get_by_addr
                0x100057ec       0x18 src/CMakeFiles/main.dir/C_/Program_Files/Raspberry_Pi/Pico_SDK_v1.5.1/pico-sdk/lib/tinyusb/src/portable/raspberrypi/rp2040/dcd_rp2040.c.obj
 .text._hw_endpoint_alloc
                0x10005804       0x70 src/CMakeFiles/main.dir/C_/Program_Files/Raspberry_Pi/Pico_SDK_v1.5.1/pico-sdk/lib/tinyusb/src/portable/raspberrypi/rp2040/dcd_rp2040.c.obj
 .text.hw_endpoint_init
                0x10005874       0x88 src/CMakeFiles/main.dir/C_/Program_Files/Raspberry_Pi/Pico_SDK_v1.5.1/pico-sdk/lib/tinyusb/src/portable/raspberrypi/rp2040/dcd_rp2040.c.obj
 .text.hw_endpoint_xfer
                0x100058fc       0x14 src/CMakeFiles/main.dir/C_/Program_Files/Raspberry_Pi/Pico_SDK_v1.5.1/pico-sdk/lib/tinyusb/src/portable/raspberrypi/rp2040/dcd_rp2040.c.obj
 .text.dcd_int_enable
                0x10005910       0x2c src/CMakeFiles/main.dir/C_/Program_Files/Raspberry_Pi/Pico_SDK_v1.5.1/pico-sdk/lib/tinyusb/src/portable/raspberrypi/rp2040/dcd_rp2040.c.obj
                0x10005910                dcd_int_enable
 .text.dcd_set_address
                0x1000593c       0x2c src/CMakeFiles/main.dir/C_/Program_Files/Raspberry_Pi/Pico_SDK_v1.5.1/pico-sdk/lib/tinyusb/src/portable/raspberrypi/rp2040/dcd_rp2040.c.obj
                0x1000593c                dcd_set_address
 .text.dcd_connect
                0x10005968       0x10 src/CMakeFiles/main.dir/C_/Program_Files/Raspberry_Pi/Pico_SDK_v1.5.1/pico-sdk/lib/tinyusb/src/portable/raspberrypi/rp2040/dcd_rp2040.c.obj
                0x10005968                dcd_connect
 .text.dcd_init
                0x10005978       0x80 src/CMakeFiles/main.dir/C_/Program_Files/Raspberry_Pi/Pico_SDK_v1.5.1/pico-sdk/lib/tinyusb/src/portable/raspberrypi/rp2040/dcd_rp2040.c.obj
                0x10005978                dcd_init
 .text.dcd_edpt0_status_complete
                0x100059f8       0x1c src/CMakeFiles/main.dir/C_/Program_Files/Raspberry_Pi/Pico_SDK_v1.5.1/pico-sdk/lib/tinyusb/src/portable/raspberrypi/rp2040/dcd_rp2040.c.obj
                0x100059f8                dcd_edpt0_status_complete
 .text.dcd_edpt_open
                0x10005a14       0x40 src/CMakeFiles/main.dir/C_/Program_Files/Raspberry_Pi/Pico_SDK_v1.5.1/pico-sdk/lib/tinyusb/src/portable/raspberrypi/rp2040/dcd_rp2040.c.obj
                0x10005a14                dcd_edpt_open
 .text.dcd_edpt_close_all
                0x10005a54        0x8 src/CMakeFiles/main.dir/C_/Program_Files/Raspberry_Pi/Pico_SDK_v1.5.1/pico-sdk/lib/tinyusb/src/portable/raspberrypi/rp2040/dcd_rp2040.c.obj
                0x10005a54                dcd_edpt_close_all
 .text.dcd_edpt_xfer
                0x10005a5c       0x34 src/CMakeFiles/main.dir/C_/Program_Files/Raspberry_Pi/Pico_SDK_v1.5.1/pico-sdk/lib/tinyusb/src/portable/raspberrypi/rp2040/dcd_rp2040.c.obj
                0x10005a5c                dcd_edpt_xfer
 .text.dcd_edpt_stall
                0x10005a90       0x2c src/CMakeFiles/main.dir/C_/Program_Files/Raspberry_Pi/Pico_SDK_v1.5.1/pico-sdk/lib/tinyusb/src/portable/raspberrypi/rp2040/dcd_rp2040.c.obj
                0x10005a90                dcd_edpt_stall
 .text.dcd_edpt_clear_stall
                0x10005abc       0x20 src/CMakeFiles/main.dir/C_/Program_Files/Raspberry_Pi/Pico_SDK_v1.5.1/pico-sdk/lib/tinyusb/src/portable/raspberrypi/rp2040/dcd_rp2040.c.obj
                0x10005abc                dcd_edpt_clear_stall
 .text.rp2040_usb_init
                0x10005adc       0x4c src/CMakeFiles/main.dir/C_/Program_Files/Raspberry_Pi/Pico_SDK_v1.5.1/pico-sdk/lib/tinyusb/src/portable/raspberrypi/rp2040/rp2040_usb.c.obj
                0x10005adc                rp2040_usb_init
 .text.hw_endpoint_xfer_start
                0x10005b28       0x50 src/CMakeFiles/main.dir/C_/Program_Files/Raspberry_Pi/Pico_SDK_v1.5.1/pico-sdk/lib/tinyusb/src/portable/raspberrypi/rp2040/rp2040_usb.c.obj
                0x10005b28                hw_endpoint_xfer_start
 .text.configuration_reset
                0x10005b78       0x84 src/CMakeFiles/main.dir/C_/Program_Files/Raspberry_Pi/Pico_SDK_v1.5.1/pico-sdk/lib/tinyusb/src/device/usbd.c.obj
 .text.usbd_reset
                0x10005bfc        0xc src/CMakeFiles/main.dir/C_/Program_Files/Raspberry_Pi/Pico_SDK_v1.5.1/pico-sdk/lib/tinyusb/src/device/usbd.c.obj
 .text.invoke_class_control
                0x10005c08       0x1a src/CMakeFiles/main.dir/C_/Program_Files/Raspberry_Pi/Pico_SDK_v1.5.1/pico-sdk/lib/tinyusb/src/device/usbd.c.obj
 *fill*         0x10005c22        0x2 
 .text.process_set_config
                0x10005c24      0x178 src/CMakeFiles/main.dir/C_/Program_Files/Raspberry_Pi/Pico_SDK_v1.5.1/pico-sdk/lib/tinyusb/src/device/usbd.c.obj
 .text.process_get_descriptor
                0x10005d9c       0xdc src/CMakeFiles/main.dir/C_/Program_Files/Raspberry_Pi/Pico_SDK_v1.5.1/pico-sdk/lib/tinyusb/src/device/usbd.c.obj
 .text.tud_mounted
                0x10005e78       0x10 src/CMakeFiles/main.dir/C_/Program_Files/Raspberry_Pi/Pico_SDK_v1.5.1/pico-sdk/lib/tinyusb/src/device/usbd.c.obj
                0x10005e78                tud_mounted
 .text.tud_suspended
                0x10005e88       0x10 src/CMakeFiles/main.dir/C_/Program_Files/Raspberry_Pi/Pico_SDK_v1.5.1/pico-sdk/lib/tinyusb/src/device/usbd.c.obj
                0x10005e88                tud_suspended
 .text.tud_inited
                0x10005e98       0x14 src/CMakeFiles/main.dir/C_/Program_Files/Raspberry_Pi/Pico_SDK_v1.5.1/pico-sdk/lib/tinyusb/src/device/usbd.c.obj
                0x10005e98                tud_inited
 .text.tud_init
                0x10005eac       0xcc src/CMakeFiles/main.dir/C_/Program_Files/Raspberry_Pi/Pico_SDK_v1.5.1/pico-sdk/lib/tinyusb/src/device/usbd.c.obj
                0x10005eac                tud_init
 .text.usbd_defer_func
                0x10005f78       0x2a src/CMakeFiles/main.dir/C_/Program_Files/Raspberry_Pi/Pico_SDK_v1.5.1/pico-sdk/lib/tinyusb/src/device/usbd.c.obj
                0x10005f78                usbd_defer_func
 *fill*         0x10005fa2        0x2 
 .text.usbd_edpt_open
                0x10005fa4       0x34 src/CMakeFiles/main.dir/C_/Program_Files/Raspberry_Pi/Pico_SDK_v1.5.1/pico-sdk/lib/tinyusb/src/device/usbd.c.obj
                0x10005fa4                usbd_edpt_open
 .text.usbd_open_edpt_pair
                0x10005fd8       0x62 src/CMakeFiles/main.dir/C_/Program_Files/Raspberry_Pi/Pico_SDK_v1.5.1/pico-sdk/lib/tinyusb/src/device/usbd.c.obj
                0x10005fd8                usbd_open_edpt_pair
 *fill*         0x1000603a        0x2 
 .text.usbd_edpt_claim
                0x1000603c       0x28 src/CMakeFiles/main.dir/C_/Program_Files/Raspberry_Pi/Pico_SDK_v1.5.1/pico-sdk/lib/tinyusb/src/device/usbd.c.obj
                0x1000603c                usbd_edpt_claim
 .text.usbd_edpt_release
                0x10006064       0x28 src/CMakeFiles/main.dir/C_/Program_Files/Raspberry_Pi/Pico_SDK_v1.5.1/pico-sdk/lib/tinyusb/src/device/usbd.c.obj
                0x10006064                usbd_edpt_release
 .text.usbd_edpt_xfer
                0x1000608c       0x78 src/CMakeFiles/main.dir/C_/Program_Files/Raspberry_Pi/Pico_SDK_v1.5.1/pico-sdk/lib/tinyusb/src/device/usbd.c.obj
                0x1000608c                usbd_edpt_xfer
 .text.usbd_edpt_stall
                0x10006104       0x48 src/CMakeFiles/main.dir/C_/Program_Files/Raspberry_Pi/Pico_SDK_v1.5.1/pico-sdk/lib/tinyusb/src/device/usbd.c.obj
                0x10006104                usbd_edpt_stall
 .text.usbd_edpt_clear_stall
                0x1000614c       0x48 src/CMakeFiles/main.dir/C_/Program_Files/Raspberry_Pi/Pico_SDK_v1.5.1/pico-sdk/lib/tinyusb/src/device/usbd.c.obj
                0x1000614c                usbd_edpt_clear_stall
 .text.usbd_edpt_stalled
                0x10006194       0x1c src/CMakeFiles/main.dir/C_/Program_Files/Raspberry_Pi/Pico_SDK_v1.5.1/pico-sdk/lib/tinyusb/src/device/usbd.c.obj
                0x10006194                usbd_edpt_stalled
 .text.process_control_request
                0x100061b0      0x37c src/CMakeFiles/main.dir/C_/Program_Files/Raspberry_Pi/Pico_SDK_v1.5.1/pico-sdk/lib/tinyusb/src/device/usbd.c.obj
 .text.tud_task_ext
                0x1000652c      0x1b8 src/CMakeFiles/main.dir/C_/Program_Files/Raspberry_Pi/Pico_SDK_v1.5.1/pico-sdk/lib/tinyusb/src/device/usbd.c.obj
                0x1000652c                tud_task_ext
 .text._data_stage_xact
                0x100066e4       0x58 src/CMakeFiles/main.dir/C_/Program_Files/Raspberry_Pi/Pico_SDK_v1.5.1/pico-sdk/lib/tinyusb/src/device/usbd_control.c.obj
 .text.tud_control_status
                0x1000673c       0x38 src/CMakeFiles/main.dir/C_/Program_Files/Raspberry_Pi/Pico_SDK_v1.5.1/pico-sdk/lib/tinyusb/src/device/usbd_control.c.obj
                0x1000673c                tud_control_status
 .text.tud_control_xfer
                0x10006774       0x74 src/CMakeFiles/main.dir/C_/Program_Files/Raspberry_Pi/Pico_SDK_v1.5.1/pico-sdk/lib/tinyusb/src/device/usbd_control.c.obj
                0x10006774                tud_control_xfer
 .text.usbd_control_reset
                0x100067e8       0x14 src/CMakeFiles/main.dir/C_/Program_Files/Raspberry_Pi/Pico_SDK_v1.5.1/pico-sdk/lib/tinyusb/src/device/usbd_control.c.obj
                0x100067e8                usbd_control_reset
 .text.usbd_control_set_complete_callback
                0x100067fc        0xc src/CMakeFiles/main.dir/C_/Program_Files/Raspberry_Pi/Pico_SDK_v1.5.1/pico-sdk/lib/tinyusb/src/device/usbd_control.c.obj
                0x100067fc                usbd_control_set_complete_callback
 .text.usbd_control_set_request
                0x10006808       0x1c src/CMakeFiles/main.dir/C_/Program_Files/Raspberry_Pi/Pico_SDK_v1.5.1/pico-sdk/lib/tinyusb/src/device/usbd_control.c.obj
                0x10006808                usbd_control_set_request
 .text.usbd_control_xfer_cb
                0x10006824       0xcc src/CMakeFiles/main.dir/C_/Program_Files/Raspberry_Pi/Pico_SDK_v1.5.1/pico-sdk/lib/tinyusb/src/device/usbd_control.c.obj
                0x10006824                usbd_control_xfer_cb
 .text._prep_out_transaction
                0x100068f0       0x4a src/CMakeFiles/main.dir/C_/Program_Files/Raspberry_Pi/Pico_SDK_v1.5.1/pico-sdk/lib/tinyusb/src/class/cdc/cdc_device.c.obj
 *fill*         0x1000693a        0x2 
 .text.tud_cdc_n_connected
                0x1000693c       0x44 src/CMakeFiles/main.dir/C_/Program_Files/Raspberry_Pi/Pico_SDK_v1.5.1/pico-sdk/lib/tinyusb/src/class/cdc/cdc_device.c.obj
                0x1000693c                tud_cdc_n_connected
 .text.tud_cdc_n_available
                0x10006980       0x18 src/CMakeFiles/main.dir/C_/Program_Files/Raspberry_Pi/Pico_SDK_v1.5.1/pico-sdk/lib/tinyusb/src/class/cdc/cdc_device.c.obj
                0x10006980                tud_cdc_n_available
 .text.tud_cdc_n_read
                0x10006998       0x28 src/CMakeFiles/main.dir/C_/Program_Files/Raspberry_Pi/Pico_SDK_v1.5.1/pico-sdk/lib/tinyusb/src/class/cdc/cdc_device.c.obj
                0x10006998                tud_cdc_n_read
 .text.tud_cdc_n_write_flush
                0x100069c0       0xb8 src/CMakeFiles/main.dir/C_/Program_Files/Raspberry_Pi/Pico_SDK_v1.5.1/pico-sdk/lib/tinyusb/src/class/cdc/cdc_device.c.obj
                0x100069c0                tud_cdc_n_write_flush
 .text.tud_cdc_n_write
                0x10006a78       0x38 src/CMakeFiles/main.dir/C_/Program_Files/Raspberry_Pi/Pico_SDK_v1.5.1/pico-sdk/lib/tinyusb/src/class/cdc/cdc_device.c.obj
                0x10006a78                tud_cdc_n_write
 .text.tud_cdc_n_write_available
                0x10006ab0       0x1c src/CMakeFiles/main.dir/C_/Program_Files/Raspberry_Pi/Pico_SDK_v1.5.1/pico-sdk/lib/tinyusb/src/class/cdc/cdc_device.c.obj
                0x10006ab0                tud_cdc_n_write_available
 .text.cdcd_init
                0x10006acc       0xbc src/CMakeFiles/main.dir/C_/Program_Files/Raspberry_Pi/Pico_SDK_v1.5.1/pico-sdk/lib/tinyusb/src/class/cdc/cdc_device.c.obj
                0x10006acc                cdcd_init
 .text.cdcd_reset
                0x10006b88       0x44 src/CMakeFiles/main.dir/C_/Program_Files/Raspberry_Pi/Pico_SDK_v1.5.1/pico-sdk/lib/tinyusb/src/class/cdc/cdc_device.c.obj
                0x10006b88                cdcd_reset
 .text.cdcd_open
                0x10006bcc       0xcc src/CMakeFiles/main.dir/C_/Program_Files/Raspberry_Pi/Pico_SDK_v1.5.1/pico-sdk/lib/tinyusb/src/class/cdc/cdc_device.c.obj
                0x10006bcc                cdcd_open
 .text.cdcd_control_xfer_cb
                0x10006c98      0x134 src/CMakeFiles/main.dir/C_/Program_Files/Raspberry_Pi/Pico_SDK_v1.5.1/pico-sdk/lib/tinyusb/src/class/cdc/cdc_device.c.obj
                0x10006c98                cdcd_control_xfer_cb
 .text.cdcd_xfer_cb
                0x10006dcc      0x130 src/CMakeFiles/main.dir/C_/Program_Files/Raspberry_Pi/Pico_SDK_v1.5.1/pico-sdk/lib/tinyusb/src/class/cdc/cdc_device.c.obj
                0x10006dcc                cdcd_xfer_cb
 .text.tusb_init
                0x10006efc        0xa src/CMakeFiles/main.dir/C_/Program_Files/Raspberry_Pi/Pico_SDK_v1.5.1/pico-sdk/lib/tinyusb/src/tusb.c.obj
                0x10006efc                tusb_init
 .text.tusb_inited
                0x10006f06        0xe src/CMakeFiles/main.dir/C_/Program_Files/Raspberry_Pi/Pico_SDK_v1.5.1/pico-sdk/lib/tinyusb/src/tusb.c.obj
                0x10006f06                tusb_inited
 .text.tu_edpt_claim
                0x10006f14       0x50 src/CMakeFiles/main.dir/C_/Program_Files/Raspberry_Pi/Pico_SDK_v1.5.1/pico-sdk/lib/tinyusb/src/tusb.c.obj
                0x10006f14                tu_edpt_claim
 .text.tu_edpt_release
                0x10006f64       0x3c src/CMakeFiles/main.dir/C_/Program_Files/Raspberry_Pi/Pico_SDK_v1.5.1/pico-sdk/lib/tinyusb/src/tusb.c.obj
                0x10006f64                tu_edpt_release
 .text.tu_edpt_validate
                0x10006fa0       0x78 src/CMakeFiles/main.dir/C_/Program_Files/Raspberry_Pi/Pico_SDK_v1.5.1/pico-sdk/lib/tinyusb/src/tusb.c.obj
                0x10006fa0                tu_edpt_validate
 .text.tu_edpt_bind_driver
                0x10007018       0x26 src/CMakeFiles/main.dir/C_/Program_Files/Raspberry_Pi/Pico_SDK_v1.5.1/pico-sdk/lib/tinyusb/src/tusb.c.obj
                0x10007018                tu_edpt_bind_driver
 .text.advance_index
                0x1000703e       0x1a src/CMakeFiles/main.dir/C_/Program_Files/Raspberry_Pi/Pico_SDK_v1.5.1/pico-sdk/lib/tinyusb/src/common/tusb_fifo.c.obj
 .text._tu_fifo_peek
                0x10007058       0x56 src/CMakeFiles/main.dir/C_/Program_Files/Raspberry_Pi/Pico_SDK_v1.5.1/pico-sdk/lib/tinyusb/src/common/tusb_fifo.c.obj
 .text._ff_pull_const_addr
                0x100070ae       0x4c src/CMakeFiles/main.dir/C_/Program_Files/Raspberry_Pi/Pico_SDK_v1.5.1/pico-sdk/lib/tinyusb/src/common/tusb_fifo.c.obj
 .text._ff_pull_n
                0x100070fa      0x110 src/CMakeFiles/main.dir/C_/Program_Files/Raspberry_Pi/Pico_SDK_v1.5.1/pico-sdk/lib/tinyusb/src/common/tusb_fifo.c.obj
 .text._tu_fifo_peek_n
                0x1000720a       0x6a src/CMakeFiles/main.dir/C_/Program_Files/Raspberry_Pi/Pico_SDK_v1.5.1/pico-sdk/lib/tinyusb/src/common/tusb_fifo.c.obj
 .text._tu_fifo_read_n
                0x10007274       0x4e src/CMakeFiles/main.dir/C_/Program_Files/Raspberry_Pi/Pico_SDK_v1.5.1/pico-sdk/lib/tinyusb/src/common/tusb_fifo.c.obj
 .text._ff_push_const_addr
                0x100072c2       0x40 src/CMakeFiles/main.dir/C_/Program_Files/Raspberry_Pi/Pico_SDK_v1.5.1/pico-sdk/lib/tinyusb/src/common/tusb_fifo.c.obj
 .text._ff_push_n
                0x10007302      0x10c src/CMakeFiles/main.dir/C_/Program_Files/Raspberry_Pi/Pico_SDK_v1.5.1/pico-sdk/lib/tinyusb/src/common/tusb_fifo.c.obj
 .text._tu_fifo_write_n
                0x1000740e       0xf0 src/CMakeFiles/main.dir/C_/Program_Files/Raspberry_Pi/Pico_SDK_v1.5.1/pico-sdk/lib/tinyusb/src/common/tusb_fifo.c.obj
 .text.tu_fifo_config
                0x100074fe       0x7c src/CMakeFiles/main.dir/C_/Program_Files/Raspberry_Pi/Pico_SDK_v1.5.1/pico-sdk/lib/tinyusb/src/common/tusb_fifo.c.obj
                0x100074fe                tu_fifo_config
 .text.tu_fifo_count
                0x1000757a       0x2a src/CMakeFiles/main.dir/C_/Program_Files/Raspberry_Pi/Pico_SDK_v1.5.1/pico-sdk/lib/tinyusb/src/common/tusb_fifo.c.obj
                0x1000757a                tu_fifo_count
 .text.tu_fifo_empty
                0x100075a4       0x10 src/CMakeFiles/main.dir/C_/Program_Files/Raspberry_Pi/Pico_SDK_v1.5.1/pico-sdk/lib/tinyusb/src/common/tusb_fifo.c.obj
                0x100075a4                tu_fifo_empty
 .text.tu_fifo_full
                0x100075b4       0x28 src/CMakeFiles/main.dir/C_/Program_Files/Raspberry_Pi/Pico_SDK_v1.5.1/pico-sdk/lib/tinyusb/src/common/tusb_fifo.c.obj
                0x100075b4                tu_fifo_full
 .text.tu_fifo_remaining
                0x100075dc       0x2c src/CMakeFiles/main.dir/C_/Program_Files/Raspberry_Pi/Pico_SDK_v1.5.1/pico-sdk/lib/tinyusb/src/common/tusb_fifo.c.obj
                0x100075dc                tu_fifo_remaining
 .text.tu_fifo_read
                0x10007608       0x42 src/CMakeFiles/main.dir/C_/Program_Files/Raspberry_Pi/Pico_SDK_v1.5.1/pico-sdk/lib/tinyusb/src/common/tusb_fifo.c.obj
                0x10007608                tu_fifo_read
 .text.tu_fifo_read_n
                0x1000764a        0xa src/CMakeFiles/main.dir/C_/Program_Files/Raspberry_Pi/Pico_SDK_v1.5.1/pico-sdk/lib/tinyusb/src/common/tusb_fifo.c.obj
                0x1000764a                tu_fifo_read_n
 .text.tu_fifo_write
                0x10007654       0x64 src/CMakeFiles/main.dir/C_/Program_Files/Raspberry_Pi/Pico_SDK_v1.5.1/pico-sdk/lib/tinyusb/src/common/tusb_fifo.c.obj
                0x10007654                tu_fifo_write
 .text.tu_fifo_write_n
                0x100076b8        0xa src/CMakeFiles/main.dir/C_/Program_Files/Raspberry_Pi/Pico_SDK_v1.5.1/pico-sdk/lib/tinyusb/src/common/tusb_fifo.c.obj
                0x100076b8                tu_fifo_write_n
 .text.tu_fifo_clear
                0x100076c2       0x3e src/CMakeFiles/main.dir/C_/Program_Files/Raspberry_Pi/Pico_SDK_v1.5.1/pico-sdk/lib/tinyusb/src/common/tusb_fifo.c.obj
                0x100076c2                tu_fifo_clear
 .text.tu_fifo_set_overwritable
                0x10007700       0x46 src/CMakeFiles/main.dir/C_/Program_Files/Raspberry_Pi/Pico_SDK_v1.5.1/pico-sdk/lib/tinyusb/src/common/tusb_fifo.c.obj
                0x10007700                tu_fifo_set_overwritable
 *fill*         0x10007746        0x2 
 .text.prvGetTicksToWaitBefore
                0x10007748       0x58 src/CMakeFiles/main.dir/__/FreeRTOS-Kernel-main/portable/ThirdParty/GCC/RP2040/port.c.obj
 .text.vPortYield
                0x100077a0       0x18 src/CMakeFiles/main.dir/__/FreeRTOS-Kernel-main/portable/ThirdParty/GCC/RP2040/port.c.obj
                0x100077a0                vPortYield
 .text.vPortEnterCritical
                0x100077b8       0x18 src/CMakeFiles/main.dir/__/FreeRTOS-Kernel-main/portable/ThirdParty/GCC/RP2040/port.c.obj
                0x100077b8                vPortEnterCritical
 .text.vPortExitCritical
                0x100077d0       0x38 src/CMakeFiles/main.dir/__/FreeRTOS-Kernel-main/portable/ThirdParty/GCC/RP2040/port.c.obj
                0x100077d0                vPortExitCritical
 .text.ulSetInterruptMaskFromISR
                0x10007808        0x8 src/CMakeFiles/main.dir/__/FreeRTOS-Kernel-main/portable/ThirdParty/GCC/RP2040/port.c.obj
                0x10007808                ulSetInterruptMaskFromISR
 .text.vClearInterruptMaskFromISR
                0x10007810        0x6 src/CMakeFiles/main.dir/__/FreeRTOS-Kernel-main/portable/ThirdParty/GCC/RP2040/port.c.obj
                0x10007810                vClearInterruptMaskFromISR
 *fill*         0x10007816        0x2 
 .text.ulPortLockGetCurrentOwnerId
                0x10007818       0x2c src/CMakeFiles/main.dir/__/FreeRTOS-Kernel-main/portable/ThirdParty/GCC/RP2040/port.c.obj
                0x10007818                ulPortLockGetCurrentOwnerId
 .text.vPortLockInternalSpinUnlockWithWait
                0x10007844       0xa8 src/CMakeFiles/main.dir/__/FreeRTOS-Kernel-main/portable/ThirdParty/GCC/RP2040/port.c.obj
                0x10007844                vPortLockInternalSpinUnlockWithWait
 .text.vPortLockInternalSpinUnlockWithNotify
                0x100078ec       0xd4 src/CMakeFiles/main.dir/__/FreeRTOS-Kernel-main/portable/ThirdParty/GCC/RP2040/port.c.obj
                0x100078ec                vPortLockInternalSpinUnlockWithNotify
 .text.xPortLockInternalSpinUnlockWithBestEffortWaitOrTimeout
                0x100079c0      0x104 src/CMakeFiles/main.dir/__/FreeRTOS-Kernel-main/portable/ThirdParty/GCC/RP2040/port.c.obj
                0x100079c0                xPortLockInternalSpinUnlockWithBestEffortWaitOrTimeout
 .text.prvRuntimeInitializer
                0x10007ac4       0x28 src/CMakeFiles/main.dir/__/FreeRTOS-Kernel-main/portable/ThirdParty/GCC/RP2040/port.c.obj
 .text.prvTestWaitCondition
                0x10007aec       0x1e src/CMakeFiles/main.dir/__/FreeRTOS-Kernel-main/event_groups.c.obj
 .text.xEventGroupCreate
                0x10007b0a       0x18 src/CMakeFiles/main.dir/__/FreeRTOS-Kernel-main/event_groups.c.obj
                0x10007b0a                xEventGroupCreate
 *fill*         0x10007b22        0x2 
 .text.xEventGroupWaitBits
                0x10007b24      0x124 src/CMakeFiles/main.dir/__/FreeRTOS-Kernel-main/event_groups.c.obj
                0x10007b24                xEventGroupWaitBits
 .text.xEventGroupSetBits
                0x10007c48       0x98 src/CMakeFiles/main.dir/__/FreeRTOS-Kernel-main/event_groups.c.obj
                0x10007c48                xEventGroupSetBits
 .text.vEventGroupSetBitsCallback
                0x10007ce0        0x8 src/CMakeFiles/main.dir/__/FreeRTOS-Kernel-main/event_groups.c.obj
                0x10007ce0                vEventGroupSetBitsCallback
 .text.xEventGroupSetBitsFromISR
                0x10007ce8       0x14 src/CMakeFiles/main.dir/__/FreeRTOS-Kernel-main/event_groups.c.obj
                0x10007ce8                xEventGroupSetBitsFromISR
 .text.vListInitialise
                0x10007cfc       0x16 src/CMakeFiles/main.dir/__/FreeRTOS-Kernel-main/list.c.obj
                0x10007cfc                vListInitialise
 .text.vListInsert
                0x10007d12       0x2e src/CMakeFiles/main.dir/__/FreeRTOS-Kernel-main/list.c.obj
                0x10007d12                vListInsert
 .text.uxListRemove
                0x10007d40       0x24 src/CMakeFiles/main.dir/__/FreeRTOS-Kernel-main/list.c.obj
                0x10007d40                uxListRemove
 .text.prvCopyDataToQueue
                0x10007d64       0x82 src/CMakeFiles/main.dir/__/FreeRTOS-Kernel-main/queue.c.obj
 *fill*         0x10007de6        0x2 
 .text.prvNotifyQueueSetContainer
                0x10007de8       0xa4 src/CMakeFiles/main.dir/__/FreeRTOS-Kernel-main/queue.c.obj
 .text.xQueueGenericSendFromISR
                0x10007e8c      0x128 src/CMakeFiles/main.dir/__/FreeRTOS-Kernel-main/queue.c.obj
                0x10007e8c                xQueueGenericSendFromISR
 .text.prvResetNextTaskUnblockTime
                0x10007fb4       0x2c src/CMakeFiles/main.dir/__/FreeRTOS-Kernel-main/tasks.c.obj
 .text.prvAddCurrentTaskToDelayedList
                0x10007fe0       0xa8 src/CMakeFiles/main.dir/__/FreeRTOS-Kernel-main/tasks.c.obj
 .text.vTaskSuspendAll
                0x10008088       0x10 src/CMakeFiles/main.dir/__/FreeRTOS-Kernel-main/tasks.c.obj
                0x10008088                vTaskSuspendAll
 .text.uxTaskGetNumberOfTasks
                0x10008098        0xc src/CMakeFiles/main.dir/__/FreeRTOS-Kernel-main/tasks.c.obj
                0x10008098                uxTaskGetNumberOfTasks
 .text.xTaskIncrementTick
                0x100080a4      0x17c src/CMakeFiles/main.dir/__/FreeRTOS-Kernel-main/tasks.c.obj
                0x100080a4                xTaskIncrementTick
 .text.xTaskResumeAll
                0x10008220      0x160 src/CMakeFiles/main.dir/__/FreeRTOS-Kernel-main/tasks.c.obj
                0x10008220                xTaskResumeAll
 .text.vTaskPlaceOnUnorderedEventList
                0x10008380       0x80 src/CMakeFiles/main.dir/__/FreeRTOS-Kernel-main/tasks.c.obj
                0x10008380                vTaskPlaceOnUnorderedEventList
 .text.xTaskRemoveFromEventList
                0x10008400      0x100 src/CMakeFiles/main.dir/__/FreeRTOS-Kernel-main/tasks.c.obj
                0x10008400                xTaskRemoveFromEventList
 .text.vTaskRemoveFromUnorderedEventList
                0x10008500       0xf8 src/CMakeFiles/main.dir/__/FreeRTOS-Kernel-main/tasks.c.obj
                0x10008500                vTaskRemoveFromUnorderedEventList
 .text.xTaskGetCurrentTaskHandle
                0x100085f8        0xc src/CMakeFiles/main.dir/__/FreeRTOS-Kernel-main/tasks.c.obj
                0x100085f8                xTaskGetCurrentTaskHandle
 .text.xTaskGetSchedulerState
                0x10008604       0x24 src/CMakeFiles/main.dir/__/FreeRTOS-Kernel-main/tasks.c.obj
                0x10008604                xTaskGetSchedulerState
 .text.xTaskPriorityDisinherit
                0x10008628       0xc0 src/CMakeFiles/main.dir/__/FreeRTOS-Kernel-main/tasks.c.obj
                0x10008628                xTaskPriorityDisinherit
 .text.uxTaskResetEventItemValue
                0x100086e8       0x18 src/CMakeFiles/main.dir/__/FreeRTOS-Kernel-main/tasks.c.obj
                0x100086e8                uxTaskResetEventItemValue
 .text.xTimerPendFunctionCallFromISR
                0x10008700       0x28 src/CMakeFiles/main.dir/__/FreeRTOS-Kernel-main/timers.c.obj
                0x10008700                xTimerPendFunctionCallFromISR
 .text.prvHeapInit
                0x10008728       0x58 src/CMakeFiles/main.dir/__/FreeRTOS-Kernel-main/portable/MemMang/heap_4.c.obj
 .text.pvPortMalloc
                0x10008780      0x188 src/CMakeFiles/main.dir/__/FreeRTOS-Kernel-main/portable/MemMang/heap_4.c.obj
                0x10008780                pvPortMalloc
 .text.ultrasonic_echo_handler
                0x10008908       0x3c ultrasonic/libultrasonic_lib.a(ultrasonic.c.obj)
 .text.ultrasonic_init
                0x10008944       0x48 ultrasonic/libultrasonic_lib.a(ultrasonic.c.obj)
                0x10008944                ultrasonic_init
 .text.ultrasonic_get_distance_cm
                0x1000898c       0xd0 ultrasonic/libultrasonic_lib.a(ultrasonic.c.obj)
                0x1000898c                ultrasonic_get_distance_cm
 .text.servo_set_angle
                0x10008a5c       0xf4 servo/libservo_lib.a(servo.c.obj)
                0x10008a5c                servo_set_angle
 .text.servo_init
                0x10008b50       0xc4 servo/libservo_lib.a(servo.c.obj)
                0x10008b50                servo_init
 .text.__sflush_r
                0x10008c14      0x140 c:/progra~1/raspbe~1/picosd~1.1/gcc-ar~1/bin/../lib/gcc/arm-none-eabi/10.3.1/../../../../arm-none-eabi/lib/thumb/v6-m/nofp\libg.a(lib_a-fflush.o)
                0x10008c14                __sflush_r
 .text._fflush_r
                0x10008d54       0x6c c:/progra~1/raspbe~1/picosd~1.1/gcc-ar~1/bin/../lib/gcc/arm-none-eabi/10.3.1/../../../../arm-none-eabi/lib/thumb/v6-m/nofp\libg.a(lib_a-fflush.o)
                0x10008d54                _fflush_r
 .text.fflush   0x10008dc0       0x78 c:/progra~1/raspbe~1/picosd~1.1/gcc-ar~1/bin/../lib/gcc/arm-none-eabi/10.3.1/../../../../arm-none-eabi/lib/thumb/v6-m/nofp\libg.a(lib_a-fflush.o)
                0x10008dc0                fflush
 .text._cleanup_r
                0x10008e38       0x10 c:/progra~1/raspbe~1/picosd~1.1/gcc-ar~1/bin/../lib/gcc/arm-none-eabi/10.3.1/../../../../arm-none-eabi/lib/thumb/v6-m/nofp\libg.a(lib_a-findfp.o)
                0x10008e38                _cleanup_r
 .text.__sinit  0x10008e48      0x120 c:/progra~1/raspbe~1/picosd~1.1/gcc-ar~1/bin/../lib/gcc/arm-none-eabi/10.3.1/../../../../arm-none-eabi/lib/thumb/v6-m/nofp\libg.a(lib_a-findfp.o)
                0x10008e48                __sinit
 .text.__sfp_lock_acquire
                0x10008f68       0x10 c:/progra~1/raspbe~1/picosd~1.1/gcc-ar~1/bin/../lib/gcc/arm-none-eabi/10.3.1/../../../../arm-none-eabi/lib/thumb/v6-m/nofp\libg.a(lib_a-findfp.o)
                0x10008f68                __sfp_lock_acquire
 .text.__sfp_lock_release
                0x10008f78       0x10 c:/progra~1/raspbe~1/picosd~1.1/gcc-ar~1/bin/../lib/gcc/arm-none-eabi/10.3.1/../../../../arm-none-eabi/lib/thumb/v6-m/nofp\libg.a(lib_a-findfp.o)
                0x10008f78                __sfp_lock_release
 .text._malloc_trim_r
                0x10008f88       0x9c c:/progra~1/raspbe~1/picosd~1.1/gcc-ar~1/bin/../lib/gcc/arm-none-eabi/10.3.1/../../../../arm-none-eabi/lib/thumb/v6-m/nofp\libg.a(lib_a-freer.o)
                0x10008f88                _malloc_trim_r
 .text._free_r  0x10009024      0x1c4 c:/progra~1/raspbe~1/picosd~1.1/gcc-ar~1/bin/../lib/gcc/arm-none-eabi/10.3.1/../../../../arm-none-eabi/lib/thumb/v6-m/nofp\libg.a(lib_a-freer.o)
                0x10009024                _free_r
 .text._fwalk_reent
                0x100091e8       0x48 c:/progra~1/raspbe~1/picosd~1.1/gcc-ar~1/bin/../lib/gcc/arm-none-eabi/10.3.1/../../../../arm-none-eabi/lib/thumb/v6-m/nofp\libg.a(lib_a-fwalk.o)
                0x100091e8                _fwalk_reent
 .text.__retarget_lock_init_recursive
                0x10009230        0x4 c:/progra~1/raspbe~1/picosd~1.1/gcc-ar~1/bin/../lib/gcc/arm-none-eabi/10.3.1/../../../../arm-none-eabi/lib/thumb/v6-m/nofp\libg.a(lib_a-lock.o)
                0x10009230                __retarget_lock_init_recursive
 .text.__retarget_lock_close_recursive
                0x10009234        0x4 c:/progra~1/raspbe~1/picosd~1.1/gcc-ar~1/bin/../lib/gcc/arm-none-eabi/10.3.1/../../../../arm-none-eabi/lib/thumb/v6-m/nofp\libg.a(lib_a-lock.o)
                0x10009234                __retarget_lock_close_recursive
 .text.__retarget_lock_acquire_recursive
                0x10009238        0x4 c:/progra~1/raspbe~1/picosd~1.1/gcc-ar~1/bin/../lib/gcc/arm-none-eabi/10.3.1/../../../../arm-none-eabi/lib/thumb/v6-m/nofp\libg.a(lib_a-lock.o)
                0x10009238                __retarget_lock_acquire_recursive
 .text.__retarget_lock_release_recursive
                0x1000923c        0x4 c:/progra~1/raspbe~1/picosd~1.1/gcc-ar~1/bin/../lib/gcc/arm-none-eabi/10.3.1/../../../../arm-none-eabi/lib/thumb/v6-m/nofp\libg.a(lib_a-lock.o)
                0x1000923c                __retarget_lock_release_recursive
 .text.__malloc_lock
                0x10009240       0x10 c:/progra~1/raspbe~1/picosd~1.1/gcc-ar~1/bin/../lib/gcc/arm-none-eabi/10.3.1/../../../../arm-none-eabi/lib/thumb/v6-m/nofp\libg.a(lib_a-mlock.o)
                0x10009240                __malloc_lock
 .text.__malloc_unlock
                0x10009250       0x10 c:/progra~1/raspbe~1/picosd~1.1/gcc-ar~1/bin/../lib/gcc/arm-none-eabi/10.3.1/../../../../arm-none-eabi/lib/thumb/v6-m/nofp\libg.a(lib_a-mlock.o)
                0x10009250                __malloc_unlock
 .text._sbrk_r  0x10009260       0x24 c:/progra~1/raspbe~1/picosd~1.1/gcc-ar~1/bin/../lib/gcc/arm-none-eabi/10.3.1/../../../../arm-none-eabi/lib/thumb/v6-m/nofp\libg.a(lib_a-sbrkr.o)
                0x10009260                _sbrk_r
 .text.__sread  0x10009284       0x28 c:/progra~1/raspbe~1/picosd~1.1/gcc-ar~1/bin/../lib/gcc/arm-none-eabi/10.3.1/../../../../arm-none-eabi/lib/thumb/v6-m/nofp\libg.a(lib_a-stdio.o)
                0x10009284                __sread
 .text.__swrite
                0x100092ac       0x40 c:/progra~1/raspbe~1/picosd~1.1/gcc-ar~1/bin/../lib/gcc/arm-none-eabi/10.3.1/../../../../arm-none-eabi/lib/thumb/v6-m/nofp\libg.a(lib_a-stdio.o)
                0x100092ac                __swrite
 .text.__sseek  0x100092ec       0x2c c:/progra~1/raspbe~1/picosd~1.1/gcc-ar~1/bin/../lib/gcc/arm-none-eabi/10.3.1/../../../../arm-none-eabi/lib/thumb/v6-m/nofp\libg.a(lib_a-stdio.o)
                0x100092ec                __sseek
 .text.__sclose
                0x10009318        0xc c:/progra~1/raspbe~1/picosd~1.1/gcc-ar~1/bin/../lib/gcc/arm-none-eabi/10.3.1/../../../../arm-none-eabi/lib/thumb/v6-m/nofp\libg.a(lib_a-stdio.o)
                0x10009318                __sclose
 .text.strlen   0x10009324       0x5c c:/progra~1/raspbe~1/picosd~1.1/gcc-ar~1/bin/../lib/gcc/arm-none-eabi/10.3.1/../../../../arm-none-eabi/lib/thumb/v6-m/nofp\libg.a(lib_a-strlen-stub.o)
                0x10009324                strlen
 .text._write_r
                0x10009380       0x28 c:/progra~1/raspbe~1/picosd~1.1/gcc-ar~1/bin/../lib/gcc/arm-none-eabi/10.3.1/../../../../arm-none-eabi/lib/thumb/v6-m/nofp\libg.a(lib_a-writer.o)
                0x10009380                _write_r
 .text._close_r
                0x100093a8       0x24 c:/progra~1/raspbe~1/picosd~1.1/gcc-ar~1/bin/../lib/gcc/arm-none-eabi/10.3.1/../../../../arm-none-eabi/lib/thumb/v6-m/nofp\libg.a(lib_a-closer.o)
                0x100093a8                _close_r
 .text._fclose_r
                0x100093cc       0xdc c:/progra~1/raspbe~1/picosd~1.1/gcc-ar~1/bin/../lib/gcc/arm-none-eabi/10.3.1/../../../../arm-none-eabi/lib/thumb/v6-m/nofp\libg.a(lib_a-fclose.o)
                0x100093cc                _fclose_r
 .text._lseek_r
                0x100094a8       0x28 c:/progra~1/raspbe~1/picosd~1.1/gcc-ar~1/bin/../lib/gcc/arm-none-eabi/10.3.1/../../../../arm-none-eabi/lib/thumb/v6-m/nofp\libg.a(lib_a-lseekr.o)
                0x100094a8                _lseek_r
 .text._read_r  0x100094d0       0x28 c:/progra~1/raspbe~1/picosd~1.1/gcc-ar~1/bin/../lib/gcc/arm-none-eabi/10.3.1/../../../../arm-none-eabi/lib/thumb/v6-m/nofp\libg.a(lib_a-readr.o)
                0x100094d0                _read_r
 *(.fini)
 .fini          0x100094f8        0x4 c:/progra~1/raspbe~1/picosd~1.1/gcc-ar~1/bin/../lib/gcc/arm-none-eabi/10.3.1/thumb/v6-m/nofp/crti.o
                0x100094f8                _fini
 *fill*         0x100094fc        0x4 
 .fini.__stub   0x10009500       0xe0 linker stubs
 *crtbegin.o(.ctors)
 *crtbegin?.o(.ctors)
 *(EXCLUDE_FILE(*crtend.o *crtend?.o) .ctors)
 *(SORT_BY_NAME(.ctors.*))
 *(.ctors)
 *crtbegin.o(.dtors)
 *crtbegin?.o(.dtors)
 *(EXCLUDE_FILE(*crtend.o *crtend?.o) .dtors)
 *(SORT_BY_NAME(.dtors.*))
 *(.dtors)
 *(.eh_frame*)
 .eh_frame      0x100095e0        0x0 c:/progra~1/raspbe~1/picosd~1.1/gcc-ar~1/bin/../lib/gcc/arm-none-eabi/10.3.1/thumb/v6-m/nofp/crtbegin.o
                0x100095e0                . = ALIGN (0x4)

.glue_7         0x100095e0        0x0
 .glue_7        0x100095e0        0x0 linker stubs

.glue_7t        0x100095e0        0x0
 .glue_7t       0x100095e0        0x0 linker stubs

.vfp11_veneer   0x100095e0        0x0
 .vfp11_veneer  0x100095e0        0x0 linker stubs

.v4_bx          0x100095e0        0x0
 .v4_bx         0x100095e0        0x0 linker stubs

.iplt           0x100095e0        0x0
 .iplt          0x100095e0        0x0 c:/progra~1/raspbe~1/picosd~1.1/gcc-ar~1/bin/../lib/gcc/arm-none-eabi/10.3.1/thumb/v6-m/nofp/crtbegin.o

.rodata         0x100095e0     0x36d0
 *(EXCLUDE_FILE(*libm.a: *libc.a:*lib_a-mem*.o *libgcc.a:) .rodata*)
 .rodata.get_perpendicular_distance.str1.4
                0x100095e0       0x93 src/CMakeFiles/main.dir/test_obstacle_width_advanced.c.obj
 *fill*         0x10009673        0x1 
 .rodata.calculate_horizontal_distance.str1.4
                0x10009674       0x45 src/CMakeFiles/main.dir/test_obstacle_width_advanced.c.obj
 *fill*         0x100096b9        0x3 
 .rodata.sweep_left_to_find_edge.str1.4
                0x100096bc      0x280 src/CMakeFiles/main.dir/test_obstacle_width_advanced.c.obj
 .rodata.sweep_right_to_find_edge.str1.4
                0x1000993c       0x81 src/CMakeFiles/main.dir/test_obstacle_width_advanced.c.obj
 *fill*         0x100099bd        0x3 
 .rodata.print_measurement_results.str1.4
                0x100099c0      0xc00 src/CMakeFiles/main.dir/test_obstacle_width_advanced.c.obj
 .rodata.main.str1.4
                0x1000a5c0      0x57a src/CMakeFiles/main.dir/test_obstacle_width_advanced.c.obj
                                0x57e (size before relaxing)
 *fill*         0x1000ab3a        0x2 
 .rodata.spin_lock_claim_unused.str1.4
                0x1000ab3c       0x1b src/CMakeFiles/main.dir/C_/Program_Files/Raspberry_Pi/Pico_SDK_v1.5.1/pico-sdk/src/rp2_common/hardware_sync/sync.c.obj
 *fill*         0x1000ab57        0x1 
 .rodata.make_branch.str1.4
                0x1000ab58       0x89 src/CMakeFiles/main.dir/C_/Program_Files/Raspberry_Pi/Pico_SDK_v1.5.1/pico-sdk/src/rp2_common/hardware_irq/irq.c.obj
 *fill*         0x1000abe1        0x3 
 .rodata.insert_branch_and_link.str1.4
                0x1000abe4       0x10 src/CMakeFiles/main.dir/C_/Program_Files/Raspberry_Pi/Pico_SDK_v1.5.1/pico-sdk/src/rp2_common/hardware_irq/irq.c.obj
 .rodata.irq_set_exclusive_handler.str1.4
                0x1000abf4       0x36 src/CMakeFiles/main.dir/C_/Program_Files/Raspberry_Pi/Pico_SDK_v1.5.1/pico-sdk/src/rp2_common/hardware_irq/irq.c.obj
 *fill*         0x1000ac2a        0x2 
 .rodata.irq_add_shared_handler.str1.4
                0x1000ac2c       0xd9 src/CMakeFiles/main.dir/C_/Program_Files/Raspberry_Pi/Pico_SDK_v1.5.1/pico-sdk/src/rp2_common/hardware_irq/irq.c.obj
 *fill*         0x1000ad05        0x3 
 .rodata.irq_remove_handler.str1.4
                0x1000ad08       0x3a src/CMakeFiles/main.dir/C_/Program_Files/Raspberry_Pi/Pico_SDK_v1.5.1/pico-sdk/src/rp2_common/hardware_irq/irq.c.obj
 *fill*         0x1000ad42        0x2 
 .rodata.irq_add_tail_to_free_list.str1.4
                0x1000ad44       0x3a src/CMakeFiles/main.dir/C_/Program_Files/Raspberry_Pi/Pico_SDK_v1.5.1/pico-sdk/src/rp2_common/hardware_irq/irq.c.obj
 *fill*         0x1000ad7e        0x2 
 .rodata.user_irq_claim_unused.str1.4
                0x1000ad80       0x1b src/CMakeFiles/main.dir/C_/Program_Files/Raspberry_Pi/Pico_SDK_v1.5.1/pico-sdk/src/rp2_common/hardware_irq/irq.c.obj
 *fill*         0x1000ad9b        0x1 
 .rodata.__func__.0
                0x1000ad9c       0x1a src/CMakeFiles/main.dir/C_/Program_Files/Raspberry_Pi/Pico_SDK_v1.5.1/pico-sdk/src/rp2_common/hardware_irq/irq.c.obj
 *fill*         0x1000adb6        0x2 
 .rodata.__func__.1
                0x1000adb8       0x17 src/CMakeFiles/main.dir/C_/Program_Files/Raspberry_Pi/Pico_SDK_v1.5.1/pico-sdk/src/rp2_common/hardware_irq/irq.c.obj
 *fill*         0x1000adcf        0x1 
 .rodata.__func__.2
                0x1000add0       0x13 src/CMakeFiles/main.dir/C_/Program_Files/Raspberry_Pi/Pico_SDK_v1.5.1/pico-sdk/src/rp2_common/hardware_irq/irq.c.obj
 *fill*         0x1000ade3        0x1 
 .rodata.__func__.3
                0x1000ade4        0xc src/CMakeFiles/main.dir/C_/Program_Files/Raspberry_Pi/Pico_SDK_v1.5.1/pico-sdk/src/rp2_common/hardware_irq/irq.c.obj
 .rodata.__func__.4
                0x1000adf0        0xf src/CMakeFiles/main.dir/C_/Program_Files/Raspberry_Pi/Pico_SDK_v1.5.1/pico-sdk/src/rp2_common/hardware_irq/irq.c.obj
 *fill*         0x1000adff        0x1 
 .rodata.__func__.5
                0x1000ae00       0x17 src/CMakeFiles/main.dir/C_/Program_Files/Raspberry_Pi/Pico_SDK_v1.5.1/pico-sdk/src/rp2_common/hardware_irq/irq.c.obj
 *fill*         0x1000ae17        0x1 
 .rodata.__func__.6
                0x1000ae18       0x1a src/CMakeFiles/main.dir/C_/Program_Files/Raspberry_Pi/Pico_SDK_v1.5.1/pico-sdk/src/rp2_common/hardware_irq/irq.c.obj
 *fill*         0x1000ae32        0x2 
 .rodata.str1.4
                0x1000ae34      0x125 src/CMakeFiles/main.dir/C_/Program_Files/Raspberry_Pi/Pico_SDK_v1.5.1/pico-sdk/src/common/pico_sync/mutex.c.obj
 *fill*         0x1000af59        0x3 
 .rodata.__func__.1
                0x1000af5c        0xb src/CMakeFiles/main.dir/C_/Program_Files/Raspberry_Pi/Pico_SDK_v1.5.1/pico-sdk/src/common/pico_sync/mutex.c.obj
 *fill*         0x1000af67        0x1 
 .rodata.__func__.3
                0x1000af68       0x18 src/CMakeFiles/main.dir/C_/Program_Files/Raspberry_Pi/Pico_SDK_v1.5.1/pico-sdk/src/common/pico_sync/mutex.c.obj
 .rodata.__func__.4
                0x1000af80       0x15 src/CMakeFiles/main.dir/C_/Program_Files/Raspberry_Pi/Pico_SDK_v1.5.1/pico-sdk/src/common/pico_sync/mutex.c.obj
 *fill*         0x1000af95        0x3 
 .rodata.repeating_timer_callback.str1.4
                0x1000af98       0x67 src/CMakeFiles/main.dir/C_/Program_Files/Raspberry_Pi/Pico_SDK_v1.5.1/pico-sdk/src/common/pico_time/time.c.obj
 *fill*         0x1000afff        0x1 
 .rodata.timer_pool_entry_comparator.str1.4
                0x1000b000       0x22 src/CMakeFiles/main.dir/C_/Program_Files/Raspberry_Pi/Pico_SDK_v1.5.1/pico-sdk/src/common/pico_time/time.c.obj
 *fill*         0x1000b022        0x2 
 .rodata.ph_add_child_node.str1.4
                0x1000b024       0xb2 src/CMakeFiles/main.dir/C_/Program_Files/Raspberry_Pi/Pico_SDK_v1.5.1/pico-sdk/src/common/pico_time/time.c.obj
 *fill*         0x1000b0d6        0x2 
 .rodata.add_alarm_under_lock.str1.4
                0x1000b0d8       0x28 src/CMakeFiles/main.dir/C_/Program_Files/Raspberry_Pi/Pico_SDK_v1.5.1/pico-sdk/src/common/pico_time/time.c.obj
                                 0x2b (size before relaxing)
 .rodata.alarm_pool_alarm_callback.str1.4
                0x1000b100       0x98 src/CMakeFiles/main.dir/C_/Program_Files/Raspberry_Pi/Pico_SDK_v1.5.1/pico-sdk/src/common/pico_time/time.c.obj
                                0x118 (size before relaxing)
 .rodata.alarm_pool_get_default.str1.4
                0x1000b198       0x21 src/CMakeFiles/main.dir/C_/Program_Files/Raspberry_Pi/Pico_SDK_v1.5.1/pico-sdk/src/common/pico_time/time.c.obj
 *fill*         0x1000b1b9        0x3 
 .rodata.alarm_pool_cancel_alarm.str1.4
                0x1000b1bc       0x27 src/CMakeFiles/main.dir/C_/Program_Files/Raspberry_Pi/Pico_SDK_v1.5.1/pico-sdk/src/common/pico_time/time.c.obj
 *fill*         0x1000b1e3        0x1 
 .rodata.sleep_until.str1.4
                0x1000b1e4       0x4d src/CMakeFiles/main.dir/C_/Program_Files/Raspberry_Pi/Pico_SDK_v1.5.1/pico-sdk/src/common/pico_time/time.c.obj
 *fill*         0x1000b231        0x3 
 .rodata.__func__.1
                0x1000b234       0x18 src/CMakeFiles/main.dir/C_/Program_Files/Raspberry_Pi/Pico_SDK_v1.5.1/pico-sdk/src/common/pico_time/time.c.obj
 .rodata.__func__.10
                0x1000b24c       0x15 src/CMakeFiles/main.dir/C_/Program_Files/Raspberry_Pi/Pico_SDK_v1.5.1/pico-sdk/src/common/pico_time/time.c.obj
 *fill*         0x1000b261        0x3 
 .rodata.__func__.11
                0x1000b264       0x1a src/CMakeFiles/main.dir/C_/Program_Files/Raspberry_Pi/Pico_SDK_v1.5.1/pico-sdk/src/common/pico_time/time.c.obj
 *fill*         0x1000b27e        0x2 
 .rodata.__func__.12
                0x1000b280        0xa src/CMakeFiles/main.dir/C_/Program_Files/Raspberry_Pi/Pico_SDK_v1.5.1/pico-sdk/src/common/pico_time/time.c.obj
 *fill*         0x1000b28a        0x2 
 .rodata.__func__.3
                0x1000b28c       0x17 src/CMakeFiles/main.dir/C_/Program_Files/Raspberry_Pi/Pico_SDK_v1.5.1/pico-sdk/src/common/pico_time/time.c.obj
 *fill*         0x1000b2a3        0x1 
 .rodata.__func__.4
                0x1000b2a4       0x12 src/CMakeFiles/main.dir/C_/Program_Files/Raspberry_Pi/Pico_SDK_v1.5.1/pico-sdk/src/common/pico_time/time.c.obj
 *fill*         0x1000b2b6        0x2 
 .rodata.__func__.5
                0x1000b2b8        0xd src/CMakeFiles/main.dir/C_/Program_Files/Raspberry_Pi/Pico_SDK_v1.5.1/pico-sdk/src/common/pico_time/time.c.obj