Archive member included to satisfy reference by file (symbol)

ultrasonic/libultrasonic_lib.a(ultrasonic.c.obj)
                              src/CMakeFiles/main.dir/testing_clearpath.c.obj (ultrasonic_init)
servo/libservo_lib.a(servo.c.obj)
                              src/CMakeFiles/main.dir/testing_clearpath.c.obj (servo_init)
c:/progra~1/raspbe~1/picosd~1.1/gcc-ar~1/bin/../lib/gcc/arm-none-eabi/10.3.1/thumb/v6-m/nofp\libgcc.a(_dvmd_tls.o)
                              src/CMakeFiles/main.dir/C_/Program_Files/Raspberry_Pi/Pico_SDK_v1.5.1/pico-sdk/src/rp2_common/pico_divider/divider.S.obj (__aeabi_idiv0)
c:/progra~1/raspbe~1/picosd~1.1/gcc-ar~1/bin/../lib/gcc/arm-none-eabi/10.3.1/../../../../arm-none-eabi/lib/thumb/v6-m/nofp\libg.a(lib_a-atoi.o)
                              src/CMakeFiles/main.dir/C_/Program_Files/Raspberry_Pi/Pico_SDK_v1.5.1/pico-sdk/lib/lwip/src/core/netif.c.obj (atoi)
c:/progra~1/raspbe~1/picosd~1.1/gcc-ar~1/bin/../lib/gcc/arm-none-eabi/10.3.1/../../../../arm-none-eabi/lib/thumb/v6-m/nofp\libg.a(lib_a-calloc.o)
                              src/CMakeFiles/main.dir/C_/Program_Files/Raspberry_Pi/Pico_SDK_v1.5.1/pico-sdk/src/rp2_common/pico_malloc/pico_malloc.c.obj (calloc)
c:/progra~1/raspbe~1/picosd~1.1/gcc-ar~1/bin/../lib/gcc/arm-none-eabi/10.3.1/../../../../arm-none-eabi/lib/thumb/v6-m/nofp\libg.a(lib_a-callocr.o)
                              c:/progra~1/raspbe~1/picosd~1.1/gcc-ar~1/bin/../lib/gcc/arm-none-eabi/10.3.1/../../../../arm-none-eabi/lib/thumb/v6-m/nofp\libg.a(lib_a-calloc.o) (_calloc_r)
c:/progra~1/raspbe~1/picosd~1.1/gcc-ar~1/bin/../lib/gcc/arm-none-eabi/10.3.1/../../../../arm-none-eabi/lib/thumb/v6-m/nofp\libg.a(lib_a-ctype_.o)
                              src/CMakeFiles/main.dir/C_/Program_Files/Raspberry_Pi/Pico_SDK_v1.5.1/pico-sdk/lib/lwip/src/core/dns.c.obj (_ctype_)
c:/progra~1/raspbe~1/picosd~1.1/gcc-ar~1/bin/../lib/gcc/arm-none-eabi/10.3.1/../../../../arm-none-eabi/lib/thumb/v6-m/nofp\libg.a(lib_a-errno.o)
                              c:/progra~1/raspbe~1/picosd~1.1/gcc-ar~1/bin/../lib/gcc/arm-none-eabi/10.3.1/../../../../arm-none-eabi/lib/thumb/v6-m/nofp\libg.a(lib_a-callocr.o) (__errno)
c:/progra~1/raspbe~1/picosd~1.1/gcc-ar~1/bin/../lib/gcc/arm-none-eabi/10.3.1/../../../../arm-none-eabi/lib/thumb/v6-m/nofp\libg.a(lib_a-fflush.o)
                              src/CMakeFiles/main.dir/testing_clearpath.c.obj (fflush)
c:/progra~1/raspbe~1/picosd~1.1/gcc-ar~1/bin/../lib/gcc/arm-none-eabi/10.3.1/../../../../arm-none-eabi/lib/thumb/v6-m/nofp\libg.a(lib_a-findfp.o)
                              c:/progra~1/raspbe~1/picosd~1.1/gcc-ar~1/bin/../lib/gcc/arm-none-eabi/10.3.1/../../../../arm-none-eabi/lib/thumb/v6-m/nofp\libg.a(lib_a-fflush.o) (__sinit)
c:/progra~1/raspbe~1/picosd~1.1/gcc-ar~1/bin/../lib/gcc/arm-none-eabi/10.3.1/../../../../arm-none-eabi/lib/thumb/v6-m/nofp\libg.a(lib_a-freer.o)
                              c:/progra~1/raspbe~1/picosd~1.1/gcc-ar~1/bin/../lib/gcc/arm-none-eabi/10.3.1/../../../../arm-none-eabi/lib/thumb/v6-m/nofp\libg.a(lib_a-fflush.o) (_free_r)
c:/progra~1/raspbe~1/picosd~1.1/gcc-ar~1/bin/../lib/gcc/arm-none-eabi/10.3.1/../../../../arm-none-eabi/lib/thumb/v6-m/nofp\libg.a(lib_a-fwalk.o)
                              c:/progra~1/raspbe~1/picosd~1.1/gcc-ar~1/bin/../lib/gcc/arm-none-eabi/10.3.1/../../../../arm-none-eabi/lib/thumb/v6-m/nofp\libg.a(lib_a-findfp.o) (_fwalk)
c:/progra~1/raspbe~1/picosd~1.1/gcc-ar~1/bin/../lib/gcc/arm-none-eabi/10.3.1/../../../../arm-none-eabi/lib/thumb/v6-m/nofp\libg.a(lib_a-impure.o)
                              c:/progra~1/raspbe~1/picosd~1.1/gcc-ar~1/bin/../lib/gcc/arm-none-eabi/10.3.1/../../../../arm-none-eabi/lib/thumb/v6-m/nofp\libg.a(lib_a-fflush.o) (_global_impure_ptr)
c:/progra~1/raspbe~1/picosd~1.1/gcc-ar~1/bin/../lib/gcc/arm-none-eabi/10.3.1/../../../../arm-none-eabi/lib/thumb/v6-m/nofp\libg.a(lib_a-init.o)
                              c:/progra~1/raspbe~1/picosd~1.1/gcc-ar~1/bin/../lib/gcc/arm-none-eabi/10.3.1/../../../../arm-none-eabi/lib/thumb/v6-m/nofp/crt0.o (__libc_init_array)
c:/progra~1/raspbe~1/picosd~1.1/gcc-ar~1/bin/../lib/gcc/arm-none-eabi/10.3.1/../../../../arm-none-eabi/lib/thumb/v6-m/nofp\libg.a(lib_a-lock.o)
                              c:/progra~1/raspbe~1/picosd~1.1/gcc-ar~1/bin/../lib/gcc/arm-none-eabi/10.3.1/../../../../arm-none-eabi/lib/thumb/v6-m/nofp\libg.a(lib_a-findfp.o) (__retarget_lock_init_recursive)
c:/progra~1/raspbe~1/picosd~1.1/gcc-ar~1/bin/../lib/gcc/arm-none-eabi/10.3.1/../../../../arm-none-eabi/lib/thumb/v6-m/nofp\libg.a(lib_a-malloc.o)
                              src/CMakeFiles/main.dir/C_/Program_Files/Raspberry_Pi/Pico_SDK_v1.5.1/pico-sdk/src/rp2_common/pico_malloc/pico_malloc.c.obj (malloc)
c:/progra~1/raspbe~1/picosd~1.1/gcc-ar~1/bin/../lib/gcc/arm-none-eabi/10.3.1/../../../../arm-none-eabi/lib/thumb/v6-m/nofp\libg.a(lib_a-mallocr.o)
[...]
Memory Configuration

Name             Origin             Length             Attributes
FLASH            0x10000000         0x00200000         xr
RAM              0x20000000         0x00040000         xrw
SCRATCH_X        0x20040000         0x00001000         xrw
SCRATCH_Y        0x20041000         0x00001000         xrw
*default*        0x00000000         0xffffffff

Linker script and memory map

LOAD c:/progra~1/raspbe~1/picosd~1.1/gcc-ar~1/bin/../lib/gcc/arm-none-eabi/10.3.1/thumb/v6-m/nofp/crti.o
LOAD c:/progra~1/raspbe~1/picosd~1.1/gcc-ar~1/bin/../lib/gcc/arm-none-eabi/10.3.1/thumb/v6-m/nofp/crtbegin.o
LOAD c:/progra~1/raspbe~1/picosd~1.1/gcc-ar~1/bin/../lib/gcc/arm-none-eabi/10.3.1/../../../../arm-none-eabi/lib/thumb/v6-m/nofp/crt0.o

.flash_begin    0x10000000        0x0
                0x10000000                __flash_binary_start = .

.boot2          0x10000000      0x100
                0x10000000                __boot2_start__ = .
 *(.boot2)
 .boot2         0x10000000      0x100 C:\Users\caiwe\AppData\Local\Temp\ccg8CGw2.o
                0x10000100                __boot2_end__ = .
                0x00000001                ASSERT (((__boot2_end__ - __boot2_start__) == 0x100), ERROR: Pico second stage bootloader must be 256 bytes in size)

.text           0x10000100     0x9208
                0x10000100                __logical_binary_start = .
 *(.vectors)
 .vectors       0x10000100       0xd4 src/CMakeFiles/main.dir/C_/Program_Files/Raspberry_Pi/Pico_SDK_v1.5.1/pico-sdk/src/rp2_common/pico_standard_link/crt0.S.obj
                0x10000100                __VECTOR_TABLE
                0x10000100                __vectors
                0x100001c0                isr_invalid
                0x100001c0                __default_isrs_start
                0x100001c2                isr_nmi
                0x100001c4                isr_hardfault
                0x100001c6                isr_svcall
                0x100001c8                isr_pendsv
                0x100001ca                isr_systick
                0x100001cc                isr_irq23
                0x100001cc                isr_irq18
                0x100001cc                isr_irq11
                0x100001cc                isr_irq28
                0x100001cc                isr_irq19
                0x100001cc                isr_irq0
                0x100001cc                isr_irq6
                0x100001cc                isr_irq5
                0x100001cc                isr_irq12
                0x100001cc                isr_irq22
                0x100001cc                isr_irq31
                0x100001cc                isr_irq17
                0x100001cc                isr_irq27
                0x100001cc                isr_irq30
                0x100001cc                isr_irq2
                0x100001cc                isr_irq10
                0x100001cc                isr_irq8
                0x100001cc                isr_irq24
                0x100001cc                isr_irq1
                0x100001cc                isr_irq7
                0x100001cc                isr_irq21
                0x100001cc                isr_irq20
                0x100001cc                isr_irq15
                0x100001cc                isr_irq25
                0x100001cc                isr_irq13
                0x100001cc                __unhandled_user_irq
                0x100001cc                isr_irq4
                0x100001cc                isr_irq16
                0x100001cc                isr_irq29
                0x100001cc                isr_irq26
                0x100001cc                __default_isrs_end
                0x100001cc                isr_irq3
                0x100001cc                isr_irq14
                0x100001cc                isr_irq9
                0x100001d2                unhandled_user_irq_num_in_r0
 *(.binary_info_header)
 .binary_info_header
                0x100001d4       0x14 src/CMakeFiles/main.dir/C_/Program_Files/Raspberry_Pi/Pico_SDK_v1.5.1/pico-sdk/src/rp2_common/pico_standard_link/crt0.S.obj
                0x100001e8                __binary_info_header_end = .
 *(.reset)
 .reset         0x100001e8       0xa0 src/CMakeFiles/main.dir/C_/Program_Files/Raspberry_Pi/Pico_SDK_v1.5.1/pico-sdk/src/rp2_common/pico_standard_link/crt0.S.obj
                0x100001e8                _entry_point
 .reset         0x10000288       0x30 src/CMakeFiles/main.dir/C_/Program_Files/Raspberry_Pi/Pico_SDK_v1.5.1/pico-sdk/src/rp2_common/pico_standard_link/binary_info.c.obj
 *(.init)
 .init          0x100002b8        0x4 c:/progra~1/raspbe~1/picosd~1.1/gcc-ar~1/bin/../lib/gcc/arm-none-eabi/10.3.1/thumb/v6-m/nofp/crti.o
                0x100002b8                _init
 *(EXCLUDE_FILE(*libm.a: *libc.a:*lib_a-mem*.o *libgcc.a:) .text*)
 .text          0x100002bc       0x48 c:/progra~1/raspbe~1/picosd~1.1/gcc-ar~1/bin/../lib/gcc/arm-none-eabi/10.3.1/thumb/v6-m/nofp/crtbegin.o
 .text.calculate_width_component
                0x10000304       0x5c src/CMakeFiles/main.dir/testing_clearpath.c.obj
                0x10000304                calculate_width_component
 .text.calculate_clearing_angle
                0x10000360       0xb0 src/CMakeFiles/main.dir/testing_clearpath.c.obj
                0x10000360                calculate_clearing_angle
 .text.take_consistent_samples
                0x10000410       0xf8 src/CMakeFiles/main.dir/testing_clearpath.c.obj
                0x10000410                take_consistent_samples
 .text.scan_left_side
                0x10000508      0x138 src/CMakeFiles/main.dir/testing_clearpath.c.obj
                0x10000508                scan_left_side
 .text.scan_right_side
                0x10000640      0x13c src/CMakeFiles/main.dir/testing_clearpath.c.obj
                0x10000640                scan_right_side
 .text.determine_clear_path
                0x1000077c       0xb0 src/CMakeFiles/main.dir/testing_clearpath.c.obj
                0x1000077c                determine_clear_path
 .text.print_detection_results
                0x1000082c       0xb0 src/CMakeFiles/main.dir/testing_clearpath.c.obj
                0x1000082c                print_detection_results
 .text.main     0x100008dc      0x244 src/CMakeFiles/main.dir/testing_clearpath.c.obj
                0x100008dc                main
 .text.gpio_set_function
                0x10000b20       0x30 src/CMakeFiles/main.dir/C_/Program_Files/Raspberry_Pi/Pico_SDK_v1.5.1/pico-sdk/src/rp2_common/hardware_gpio/gpio.c.obj
                0x10000b20                gpio_set_function
 .text.gpio_init
                0x10000b50       0x16 src/CMakeFiles/main.dir/C_/Program_Files/Raspberry_Pi/Pico_SDK_v1.5.1/pico-sdk/src/rp2_common/hardware_gpio/gpio.c.obj
                0x10000b50                gpio_init
 *fill*         0x10000b66        0x2 
 .text.running_on_fpga
                0x10000b68       0x14 src/CMakeFiles/main.dir/C_/Program_Files/Raspberry_Pi/Pico_SDK_v1.5.1/pico-sdk/src/rp2_common/pico_platform/platform.c.obj
                0x10000b68                running_on_fpga
 .text.hw_claim_lock
                0x10000b7c       0x18 src/CMakeFiles/main.dir/C_/Program_Files/Raspberry_Pi/Pico_SDK_v1.5.1/pico-sdk/src/rp2_common/hardware_claim/claim.c.obj
                0x10000b7c                hw_claim_lock
 .text.hw_claim_unlock
                0x10000b94       0x14 src/CMakeFiles/main.dir/C_/Program_Files/Raspberry_Pi/Pico_SDK_v1.5.1/pico-sdk/src/rp2_common/hardware_claim/claim.c.obj
                0x10000b94                hw_claim_unlock
 .text.hw_claim_or_assert
                0x10000ba8       0x32 src/CMakeFiles/main.dir/C_/Program_Files/Raspberry_Pi/Pico_SDK_v1.5.1/pico-sdk/src/rp2_common/hardware_claim/claim.c.obj
                0x10000ba8                hw_claim_or_assert
 .text.hw_claim_unused_from_range
                0x10000bda       0x50 src/CMakeFiles/main.dir/C_/Program_Files/Raspberry_Pi/Pico_SDK_v1.5.1/pico-sdk/src/rp2_common/hardware_claim/claim.c.obj
                0x10000bda                hw_claim_unused_from_range
 *fill*         0x10000c2a        0x2 
 .text.spin_locks_reset
                0x10000c2c       0x20 src/CMakeFiles/main.dir/C_/Program_Files/Raspberry_Pi/Pico_SDK_v1.5.1/pico-sdk/src/rp2_common/hardware_sync/sync.c.obj
                0x10000c2c                spin_locks_reset
 .text.next_striped_spin_lock_num
                0x10000c4c       0x1c src/CMakeFiles/main.dir/C_/Program_Files/Raspberry_Pi/Pico_SDK_v1.5.1/pico-sdk/src/rp2_common/hardware_sync/sync.c.obj
                0x10000c4c                next_striped_spin_lock_num
 .text.spin_lock_claim_unused
                0x10000c68       0x20 src/CMakeFiles/main.dir/C_/Program_Files/Raspberry_Pi/Pico_SDK_v1.5.1/pico-sdk/src/rp2_common/hardware_sync/sync.c.obj
                0x10000c68                spin_lock_claim_unused
 .text.set_raw_irq_handler_and_unlock
                0x10000c88       0x28 src/CMakeFiles/main.dir/C_/Program_Files/Raspberry_Pi/Pico_SDK_v1.5.1/pico-sdk/src/rp2_common/hardware_irq/irq.c.obj
 .text.make_branch
                0x10000cb0       0x48 src/CMakeFiles/main.dir/C_/Program_Files/Raspberry_Pi/Pico_SDK_v1.5.1/pico-sdk/src/rp2_common/hardware_irq/irq.c.obj
 .text.insert_branch_and_link
                0x10000cf8       0x40 src/CMakeFiles/main.dir/C_/Program_Files/Raspberry_Pi/Pico_SDK_v1.5.1/pico-sdk/src/rp2_common/hardware_irq/irq.c.obj
 .text.irq_is_enabled
                0x10000d38       0x18 src/CMakeFiles/main.dir/C_/Program_Files/Raspberry_Pi/Pico_SDK_v1.5.1/pico-sdk/src/rp2_common/hardware_irq/irq.c.obj
                0x10000d38                irq_is_enabled
 .text.irq_set_mask_enabled
                0x10000d50       0x20 src/CMakeFiles/main.dir/C_/Program_Files/Raspberry_Pi/Pico_SDK_v1.5.1/pico-sdk/src/rp2_common/hardware_irq/irq.c.obj
                0x10000d50                irq_set_mask_enabled
 .text.irq_set_enabled
                0x10000d70        0xe src/CMakeFiles/main.dir/C_/Program_Files/Raspberry_Pi/Pico_SDK_v1.5.1/pico-sdk/src/rp2_common/hardware_irq/irq.c.obj
                0x10000d70                irq_set_enabled
 *fill*         0x10000d7e        0x2 
 .text.irq_set_pending
                0x10000d80       0x10 src/CMakeFiles/main.dir/C_/Program_Files/Raspberry_Pi/Pico_SDK_v1.5.1/pico-sdk/src/rp2_common/hardware_irq/irq.c.obj
                0x10000d80                irq_set_pending
 .text.irq_get_vtable_handler
                0x10000d90       0x10 src/CMakeFiles/main.dir/C_/Program_Files/Raspberry_Pi/Pico_SDK_v1.5.1/pico-sdk/src/rp2_common/hardware_irq/irq.c.obj
                0x10000d90                irq_get_vtable_handler
 .text.irq_has_shared_handler
                0x10000da0       0x24 src/CMakeFiles/main.dir/C_/Program_Files/Raspberry_Pi/Pico_SDK_v1.5.1/pico-sdk/src/rp2_common/hardware_irq/irq.c.obj
                0x10000da0                irq_has_shared_handler
 .text.irq_set_exclusive_handler
                0x10000dc4       0x54 src/CMakeFiles/main.dir/C_/Program_Files/Raspberry_Pi/Pico_SDK_v1.5.1/pico-sdk/src/rp2_common/hardware_irq/irq.c.obj
                0x10000dc4                irq_set_exclusive_handler
 .text.irq_add_shared_handler
                0x10000e18      0x234 src/CMakeFiles/main.dir/C_/Program_Files/Raspberry_Pi/Pico_SDK_v1.5.1/pico-sdk/src/rp2_common/hardware_irq/irq.c.obj
                0x10000e18                irq_add_shared_handler
 .text.irq_remove_handler
                0x1000104c      0x1ac src/CMakeFiles/main.dir/C_/Program_Files/Raspberry_Pi/Pico_SDK_v1.5.1/pico-sdk/src/rp2_common/hardware_irq/irq.c.obj
                0x1000104c                irq_remove_handler
 .text.irq_add_tail_to_free_list
                0x100011f8       0xf0 src/CMakeFiles/main.dir/C_/Program_Files/Raspberry_Pi/Pico_SDK_v1.5.1/pico-sdk/src/rp2_common/hardware_irq/irq.c.obj
                0x100011f8                irq_add_tail_to_free_list
 .text.irq_init_priorities
                0x100012e8       0x1c src/CMakeFiles/main.dir/C_/Program_Files/Raspberry_Pi/Pico_SDK_v1.5.1/pico-sdk/src/rp2_common/hardware_irq/irq.c.obj
                0x100012e8                irq_init_priorities
 .text.user_irq_claim_unused
                0x10001304       0x28 src/CMakeFiles/main.dir/C_/Program_Files/Raspberry_Pi/Pico_SDK_v1.5.1/pico-sdk/src/rp2_common/hardware_irq/irq.c.obj
                0x10001304                user_irq_claim_unused
 .text.lock_init
                0x1000132c       0x10 src/CMakeFiles/main.dir/C_/Program_Files/Raspberry_Pi/Pico_SDK_v1.5.1/pico-sdk/src/common/pico_sync/lock_core.c.obj
                0x1000132c                lock_init
 .text.mutex_init
                0x1000133c       0x1c src/CMakeFiles/main.dir/C_/Program_Files/Raspberry_Pi/Pico_SDK_v1.5.1/pico-sdk/src/common/pico_sync/mutex.c.obj
                0x1000133c                mutex_init
 .text.recursive_mutex_init
                0x10001358       0x20 src/CMakeFiles/main.dir/C_/Program_Files/Raspberry_Pi/Pico_SDK_v1.5.1/pico-sdk/src/common/pico_sync/mutex.c.obj
                0x10001358                recursive_mutex_init
 .text.critical_section_init_with_lock_num
                0x10001378       0x14 src/CMakeFiles/main.dir/C_/Program_Files/Raspberry_Pi/Pico_SDK_v1.5.1/pico-sdk/src/common/pico_sync/critical_section.c.obj
                0x10001378                critical_section_init_with_lock_num
 .text.critical_section_init
                0x1000138c       0x14 src/CMakeFiles/main.dir/C_/Program_Files/Raspberry_Pi/Pico_SDK_v1.5.1/pico-sdk/src/common/pico_sync/critical_section.c.obj
                0x1000138c                critical_section_init
 .text.alarm_pool_post_alloc_init
                0x100013a0       0x40 src/CMakeFiles/main.dir/C_/Program_Files/Raspberry_Pi/Pico_SDK_v1.5.1/pico-sdk/src/common/pico_time/time.c.obj
 .text.sleep_until_callback
                0x100013e0       0x28 src/CMakeFiles/main.dir/C_/Program_Files/Raspberry_Pi/Pico_SDK_v1.5.1/pico-sdk/src/common/pico_time/time.c.obj
 .text.timer_pool_entry_comparator
                0x10001408       0x7c src/CMakeFiles/main.dir/C_/Program_Files/Raspberry_Pi/Pico_SDK_v1.5.1/pico-sdk/src/common/pico_time/time.c.obj
                0x10001408                timer_pool_entry_comparator
 .text.ph_add_child_node
                0x10001484       0xa4 src/CMakeFiles/main.dir/C_/Program_Files/Raspberry_Pi/Pico_SDK_v1.5.1/pico-sdk/src/common/pico_time/time.c.obj
 .text.ph_merge_nodes
                0x10001528       0x3e src/CMakeFiles/main.dir/C_/Program_Files/Raspberry_Pi/Pico_SDK_v1.5.1/pico-sdk/src/common/pico_time/time.c.obj
 *fill*         0x10001566        0x2 
 .text.add_alarm_under_lock
                0x10001568      0x174 src/CMakeFiles/main.dir/C_/Program_Files/Raspberry_Pi/Pico_SDK_v1.5.1/pico-sdk/src/common/pico_time/time.c.obj
 .text.alarm_pool_alarm_callback
                0x100016dc      0x33c src/CMakeFiles/main.dir/C_/Program_Files/Raspberry_Pi/Pico_SDK_v1.5.1/pico-sdk/src/common/pico_time/time.c.obj
 .text.alarm_pool_init_default
                0x10001a18       0x40 src/CMakeFiles/main.dir/C_/Program_Files/Raspberry_Pi/Pico_SDK_v1.5.1/pico-sdk/src/common/pico_time/time.c.obj
                0x10001a18                alarm_pool_init_default
 .text.alarm_pool_get_default
                0x10001a58       0x2c src/CMakeFiles/main.dir/C_/Program_Files/Raspberry_Pi/Pico_SDK_v1.5.1/pico-sdk/src/common/pico_time/time.c.obj
                0x10001a58                alarm_pool_get_default
 .text.alarm_pool_add_alarm_at
                0x10001a84      0x168 src/CMakeFiles/main.dir/C_/Program_Files/Raspberry_Pi/Pico_SDK_v1.5.1/pico-sdk/src/common/pico_time/time.c.obj
                0x10001a84                alarm_pool_add_alarm_at
 .text.alarm_pool_cancel_alarm
                0x10001bec       0xf8 src/CMakeFiles/main.dir/C_/Program_Files/Raspberry_Pi/Pico_SDK_v1.5.1/pico-sdk/src/common/pico_time/time.c.obj
                0x10001bec                alarm_pool_cancel_alarm
 .text.alarm_pool_core_num
                0x10001ce4        0x4 src/CMakeFiles/main.dir/C_/Program_Files/Raspberry_Pi/Pico_SDK_v1.5.1/pico-sdk/src/common/pico_time/time.c.obj
                0x10001ce4                alarm_pool_core_num
 .text.sleep_until
                0x10001ce8       0xf0 src/CMakeFiles/main.dir/C_/Program_Files/Raspberry_Pi/Pico_SDK_v1.5.1/pico-sdk/src/common/pico_time/time.c.obj
                0x10001ce8                sleep_until
 .text.sleep_us
                0x10001dd8       0x58 src/CMakeFiles/main.dir/C_/Program_Files/Raspberry_Pi/Pico_SDK_v1.5.1/pico-sdk/src/common/pico_time/time.c.obj
                0x10001dd8                sleep_us
 .text.sleep_ms
                0x10001e30       0x14 src/CMakeFiles/main.dir/C_/Program_Files/Raspberry_Pi/Pico_SDK_v1.5.1/pico-sdk/src/common/pico_time/time.c.obj
                0x10001e30                sleep_ms
 .text.best_effort_wfe_or_timeout
                0x10001e44       0xac src/CMakeFiles/main.dir/C_/Program_Files/Raspberry_Pi/Pico_SDK_v1.5.1/pico-sdk/src/common/pico_time/time.c.obj
                0x10001e44                best_effort_wfe_or_timeout
 .text.hardware_alarm_irq_handler
                0x10001ef0       0x90 src/CMakeFiles/main.dir/C_/Program_Files/Raspberry_Pi/Pico_SDK_v1.5.1/pico-sdk/src/rp2_common/hardware_timer/timer.c.obj
 .text.hardware_alarm_claim
                0x10001f80       0x18 src/CMakeFiles/main.dir/C_/Program_Files/Raspberry_Pi/Pico_SDK_v1.5.1/pico-sdk/src/rp2_common/hardware_timer/timer.c.obj
                0x10001f80                hardware_alarm_claim
 .text.time_us_64
                0x10001f98       0x18 src/CMakeFiles/main.dir/C_/Program_Files/Raspberry_Pi/Pico_SDK_v1.5.1/pico-sdk/src/rp2_common/hardware_timer/timer.c.obj
                0x10001f98                time_us_64
 .text.busy_wait_until
                0x10001fb0       0x28 src/CMakeFiles/main.dir/C_/Program_Files/Raspberry_Pi/Pico_SDK_v1.5.1/pico-sdk/src/rp2_common/hardware_timer/timer.c.obj
                0x10001fb0                busy_wait_until
 .text.busy_wait_us
                0x10001fd8       0x48 src/CMakeFiles/main.dir/C_/Program_Files/Raspberry_Pi/Pico_SDK_v1.5.1/pico-sdk/src/rp2_common/hardware_timer/timer.c.obj
                0x10001fd8                busy_wait_us
 .text.hardware_alarm_set_callback
                0x10002020       0x90 src/CMakeFiles/main.dir/C_/Program_Files/Raspberry_Pi/Pico_SDK_v1.5.1/pico-sdk/src/rp2_common/hardware_timer/timer.c.obj
                0x10002020                hardware_alarm_set_callback
 .text.hardware_alarm_set_target
                0x100020b0       0xe8 src/CMakeFiles/main.dir/C_/Program_Files/Raspberry_Pi/Pico_SDK_v1.5.1/pico-sdk/src/rp2_common/hardware_timer/timer.c.obj
                0x100020b0                hardware_alarm_set_target
 .text.hardware_alarm_cancel
                0x10002198       0x40 src/CMakeFiles/main.dir/C_/Program_Files/Raspberry_Pi/Pico_SDK_v1.5.1/pico-sdk/src/rp2_common/hardware_timer/timer.c.obj
                0x10002198                hardware_alarm_cancel
 .text.ph_add_child_node
                0x100021d8       0xa4 src/CMakeFiles/main.dir/C_/Program_Files/Raspberry_Pi/Pico_SDK_v1.5.1/pico-sdk/src/common/pico_util/pheap.c.obj
 .text.ph_merge_nodes
                0x1000227c       0x3e src/CMakeFiles/main.dir/C_/Program_Files/Raspberry_Pi/Pico_SDK_v1.5.1/pico-sdk/src/common/pico_util/pheap.c.obj
 *fill*         0x100022ba        0x2 
 .text.ph_clear
                0x100022bc       0x70 src/CMakeFiles/main.dir/C_/Program_Files/Raspberry_Pi/Pico_SDK_v1.5.1/pico-sdk/src/common/pico_util/pheap.c.obj
                0x100022bc                ph_clear
 .text.ph_post_alloc_init
                0x1000232c        0xe src/CMakeFiles/main.dir/C_/Program_Files/Raspberry_Pi/Pico_SDK_v1.5.1/pico-sdk/src/common/pico_util/pheap.c.obj
                0x1000232c                ph_post_alloc_init
 *fill*         0x1000233a        0x2 
 .text.ph_merge_two_pass
                0x1000233c       0xa8 src/CMakeFiles/main.dir/C_/Program_Files/Raspberry_Pi/Pico_SDK_v1.5.1/pico-sdk/src/common/pico_util/pheap.c.obj
                0x1000233c                ph_merge_two_pass
 .text.ph_remove_any_head
                0x100023e4      0x128 src/CMakeFiles/main.dir/C_/Program_Files/Raspberry_Pi/Pico_SDK_v1.5.1/pico-sdk/src/common/pico_util/pheap.c.obj
 .text.ph_remove_head
                0x1000250c       0x14 src/CMakeFiles/main.dir/C_/Program_Files/Raspberry_Pi/Pico_SDK_v1.5.1/pico-sdk/src/common/pico_util/pheap.c.obj
                0x1000250c                ph_remove_head
 .text.ph_remove_and_free_node
                0x10002520       0xf8 src/CMakeFiles/main.dir/C_/Program_Files/Raspberry_Pi/Pico_SDK_v1.5.1/pico-sdk/src/common/pico_util/pheap.c.obj
                0x10002520                ph_remove_and_free_node
 .text.uart_disable_before_lcr_write
                0x10002618       0x48 src/CMakeFiles/main.dir/C_/Program_Files/Raspberry_Pi/Pico_SDK_v1.5.1/pico-sdk/src/rp2_common/hardware_uart/uart.c.obj
 .text.uart_write_lcr_bits_masked
                0x10002660       0x22 src/CMakeFiles/main.dir/C_/Program_Files/Raspberry_Pi/Pico_SDK_v1.5.1/pico-sdk/src/rp2_common/hardware_uart/uart.c.obj
 *fill*         0x10002682        0x2 
 .text.uart_set_baudrate
                0x10002684       0x5c src/CMakeFiles/main.dir/C_/Program_Files/Raspberry_Pi/Pico_SDK_v1.5.1/pico-sdk/src/rp2_common/hardware_uart/uart.c.obj
                0x10002684                uart_set_baudrate
 .text.uart_set_format
                0x100026e0       0x2c src/CMakeFiles/main.dir/C_/Program_Files/Raspberry_Pi/Pico_SDK_v1.5.1/pico-sdk/src/rp2_common/hardware_uart/uart.c.obj
                0x100026e0                uart_set_format
 .text.uart_set_translate_crlf
                0x1000270c       0x28 src/CMakeFiles/main.dir/C_/Program_Files/Raspberry_Pi/Pico_SDK_v1.5.1/pico-sdk/src/rp2_common/hardware_uart/uart.c.obj
                0x1000270c                uart_set_translate_crlf
 .text.uart_init
                0x10002734       0x80 src/CMakeFiles/main.dir/C_/Program_Files/Raspberry_Pi/Pico_SDK_v1.5.1/pico-sdk/src/rp2_common/hardware_uart/uart.c.obj
                0x10002734                uart_init
 .text.clock_configure
                0x100027b4      0x108 src/CMakeFiles/main.dir/C_/Program_Files/Raspberry_Pi/Pico_SDK_v1.5.1/pico-sdk/src/rp2_common/hardware_clocks/clocks.c.obj
                0x100027b4                clock_configure
 .text.clocks_init
                0x100028bc      0x100 src/CMakeFiles/main.dir/C_/Program_Files/Raspberry_Pi/Pico_SDK_v1.5.1/pico-sdk/src/rp2_common/hardware_clocks/clocks.c.obj
                0x100028bc                clocks_init
 .text.clock_get_hz
                0x100029bc        0xc src/CMakeFiles/main.dir/C_/Program_Files/Raspberry_Pi/Pico_SDK_v1.5.1/pico-sdk/src/rp2_common/hardware_clocks/clocks.c.obj
                0x100029bc                clock_get_hz
 .text.pll_init
                0x100029c8      0x120 src/CMakeFiles/main.dir/C_/Program_Files/Raspberry_Pi/Pico_SDK_v1.5.1/pico-sdk/src/rp2_common/hardware_pll/pll.c.obj
                0x100029c8                pll_init
 .text.watchdog_start_tick
                0x10002ae8       0x10 src/CMakeFiles/main.dir/C_/Program_Files/Raspberry_Pi/Pico_SDK_v1.5.1/pico-sdk/src/rp2_common/hardware_watchdog/watchdog.c.obj
                0x10002ae8                watchdog_start_tick
 .text.watchdog_update
                0x10002af8       0x14 src/CMakeFiles/main.dir/C_/Program_Files/Raspberry_Pi/Pico_SDK_v1.5.1/pico-sdk/src/rp2_common/hardware_watchdog/watchdog.c.obj
                0x10002af8                watchdog_update
 .text._watchdog_enable
                0x10002b0c       0x78 src/CMakeFiles/main.dir/C_/Program_Files/Raspberry_Pi/Pico_SDK_v1.5.1/pico-sdk/src/rp2_common/hardware_watchdog/watchdog.c.obj
                0x10002b0c                _watchdog_enable
 .text.watchdog_reboot
                0x10002b84       0x48 src/CMakeFiles/main.dir/C_/Program_Files/Raspberry_Pi/Pico_SDK_v1.5.1/pico-sdk/src/rp2_common/hardware_watchdog/watchdog.c.obj
                0x10002b84                watchdog_reboot
 .text.xosc_init
                0x10002bcc       0x28 src/CMakeFiles/main.dir/C_/Program_Files/Raspberry_Pi/Pico_SDK_v1.5.1/pico-sdk/src/rp2_common/hardware_xosc/xosc.c.obj
                0x10002bcc                xosc_init
 .text._exit    0x10002bf4        0x4 src/CMakeFiles/main.dir/C_/Program_Files/Raspberry_Pi/Pico_SDK_v1.5.1/pico-sdk/src/rp2_common/pico_runtime/runtime.c.obj
                0x10002bf4                _exit
 .text._sbrk    0x10002bf8       0x38 src/CMakeFiles/main.dir/C_/Program_Files/Raspberry_Pi/Pico_SDK_v1.5.1/pico-sdk/src/rp2_common/pico_runtime/runtime.c.obj
                0x10002bf8                _sbrk
 .text.exit     0x10002c30        0x6 src/CMakeFiles/main.dir/C_/Program_Files/Raspberry_Pi/Pico_SDK_v1.5.1/pico-sdk/src/rp2_common/pico_runtime/runtime.c.obj
                0x10002c30                exit
 *fill*         0x10002c36        0x2 
 .text.__assert_func
                0x10002c38       0x3c src/CMakeFiles/main.dir/C_/Program_Files/Raspberry_Pi/Pico_SDK_v1.5.1/pico-sdk/src/rp2_common/pico_runtime/runtime.c.obj
                0x10002c38                __assert_func
 .text.runtime_init
                0x10002c74       0xf8 src/CMakeFiles/main.dir/C_/Program_Files/Raspberry_Pi/Pico_SDK_v1.5.1/pico-sdk/src/rp2_common/pico_runtime/runtime.c.obj
                0x10002c74                runtime_init
 .text.panic    0x10002d6c       0x30 src/CMakeFiles/main.dir/C_/Program_Files/Raspberry_Pi/Pico_SDK_v1.5.1/pico-sdk/src/rp2_common/pico_runtime/runtime.c.obj
                0x10002d6c                panic
 .text._out_null
                0x10002d9c        0x2 src/CMakeFiles/main.dir/C_/Program_Files/Raspberry_Pi/Pico_SDK_v1.5.1/pico-sdk/src/rp2_common/pico_printf/printf.c.obj
 .text._out_fct
                0x10002d9e        0xe src/CMakeFiles/main.dir/C_/Program_Files/Raspberry_Pi/Pico_SDK_v1.5.1/pico-sdk/src/rp2_common/pico_printf/printf.c.obj
 .text._atoi    0x10002dac       0x24 src/CMakeFiles/main.dir/C_/Program_Files/Raspberry_Pi/Pico_SDK_v1.5.1/pico-sdk/src/rp2_common/pico_printf/printf.c.obj
 .text._out_rev
                0x10002dd0       0xae src/CMakeFiles/main.dir/C_/Program_Files/Raspberry_Pi/Pico_SDK_v1.5.1/pico-sdk/src/rp2_common/pico_printf/printf.c.obj
 .text._ntoa_format
                0x10002e7e      0x112 src/CMakeFiles/main.dir/C_/Program_Files/Raspberry_Pi/Pico_SDK_v1.5.1/pico-sdk/src/rp2_common/pico_printf/printf.c.obj
 .text._ntoa_long
                0x10002f90       0xbc src/CMakeFiles/main.dir/C_/Program_Files/Raspberry_Pi/Pico_SDK_v1.5.1/pico-sdk/src/rp2_common/pico_printf/printf.c.obj
 .text._ntoa_long_long
                0x1000304c       0xe2 src/CMakeFiles/main.dir/C_/Program_Files/Raspberry_Pi/Pico_SDK_v1.5.1/pico-sdk/src/rp2_common/pico_printf/printf.c.obj
 *fill*         0x1000312e        0x2 
 .text._etoa    0x10003130      0x414 src/CMakeFiles/main.dir/C_/Program_Files/Raspberry_Pi/Pico_SDK_v1.5.1/pico-sdk/src/rp2_common/pico_printf/printf.c.obj
 .text._ftoa    0x10003544      0x354 src/CMakeFiles/main.dir/C_/Program_Files/Raspberry_Pi/Pico_SDK_v1.5.1/pico-sdk/src/rp2_common/pico_printf/printf.c.obj
 .text._vsnprintf
                0x10003898      0x624 src/CMakeFiles/main.dir/C_/Program_Files/Raspberry_Pi/Pico_SDK_v1.5.1/pico-sdk/src/rp2_common/pico_printf/printf.c.obj
 .text.vfctprintf
                0x10003ebc       0x20 src/CMakeFiles/main.dir/C_/Program_Files/Raspberry_Pi/Pico_SDK_v1.5.1/pico-sdk/src/rp2_common/pico_printf/printf.c.obj
                0x10003ebc                vfctprintf
 .text          0x10003edc       0x10 src/CMakeFiles/main.dir/C_/Program_Files/Raspberry_Pi/Pico_SDK_v1.5.1/pico-sdk/src/rp2_common/pico_bit_ops/bit_ops_aeabi.S.obj
 .text.rom_func_lookup
                0x10003eec       0x10 src/CMakeFiles/main.dir/C_/Program_Files/Raspberry_Pi/Pico_SDK_v1.5.1/pico-sdk/src/rp2_common/pico_bootrom/bootrom.c.obj
                0x10003eec                rom_func_lookup
 .text.rom_data_lookup
                0x10003efc       0x10 src/CMakeFiles/main.dir/C_/Program_Files/Raspberry_Pi/Pico_SDK_v1.5.1/pico-sdk/src/rp2_common/pico_bootrom/bootrom.c.obj
                0x10003efc                rom_data_lookup
 .text.rom_funcs_lookup
                0x10003f0c       0x36 src/CMakeFiles/main.dir/C_/Program_Files/Raspberry_Pi/Pico_SDK_v1.5.1/pico-sdk/src/rp2_common/pico_bootrom/bootrom.c.obj
                0x10003f0c                rom_funcs_lookup
 *fill*         0x10003f42        0x2 
 .text.__wrap___aeabi_idiv
                0x10003f44       0x50 src/CMakeFiles/main.dir/C_/Program_Files/Raspberry_Pi/Pico_SDK_v1.5.1/pico-sdk/src/rp2_common/pico_divider/divider.S.obj
                0x10003f44                __wrap___aeabi_idivmod
                0x10003f44                divmod_s32s32
                0x10003f44                div_s32s32
                0x10003f44                __wrap___aeabi_idiv
                0x10003f4c                divmod_s32s32_unsafe
                0x10003f78                divmod_s32s32_savestate
 .text.__wrap___aeabi_uidiv
                0x10003f94       0x4c src/CMakeFiles/main.dir/C_/Program_Files/Raspberry_Pi/Pico_SDK_v1.5.1/pico-sdk/src/rp2_common/pico_divider/divider.S.obj
                0x10003f94                __wrap___aeabi_uidiv
                0x10003f94                __wrap___aeabi_uidivmod
                0x10003f94                div_u32u32
                0x10003f94                divmod_u32u32
                0x10003f9c                divmod_u32u32_unsafe
                0x10003fc4                divmod_u32u32_savestate
 .text.__wrap___aeabi_ldiv
                0x10003fe0      0x424 src/CMakeFiles/main.dir/C_/Program_Files/Raspberry_Pi/Pico_SDK_v1.5.1/pico-sdk/src/rp2_common/pico_divider/divider.S.obj
                0x10003fe0                div_s64s64
                0x10003fe0                divmod_s64s64
                0x10003fe0                __wrap___aeabi_ldivmod
                0x10004010                divmod_u64u64
                0x10004010                div_u64u64
                0x10004010                __wrap___aeabi_uldivmod
                0x10004020                divmod_u64u64_savestate
                0x10004040                divmod_s64s64_unsafe
                0x100040c8                divmod_u64u64_unsafe
 .text.__wrap___aeabi_darithmetic
                0x10004404       0x60 src/CMakeFiles/main.dir/C_/Program_Files/Raspberry_Pi/Pico_SDK_v1.5.1/pico-sdk/src/rp2_common/pico_double/double_aeabi.S.obj
                0x10004404                __wrap___aeabi_drsub
                0x1000440a                __wrap___aeabi_dsub
                0x10004414                __wrap___aeabi_dadd
                0x1000441e                __wrap___aeabi_ddiv
                0x10004452                __wrap___aeabi_dmul
 .text.__wrap___aeabi_cdcmple
                0x10004464       0x6c src/CMakeFiles/main.dir/C_/Program_Files/Raspberry_Pi/Pico_SDK_v1.5.1/pico-sdk/src/rp2_common/pico_double/double_aeabi.S.obj
                0x10004464                __wrap___aeabi_cdrcmple
                0x10004474                __wrap___aeabi_cdcmpeq
                0x10004474                __wrap___aeabi_cdcmple
 .text.__wrap___aeabi_dcmplt
                0x100044d0        0xc src/CMakeFiles/main.dir/C_/Program_Files/Raspberry_Pi/Pico_SDK_v1.5.1/pico-sdk/src/rp2_common/pico_double/double_aeabi.S.obj
                0x100044d0                __wrap___aeabi_dcmplt
 .text.__wrap___aeabi_dcmple
                0x100044dc       0x10 src/CMakeFiles/main.dir/C_/Program_Files/Raspberry_Pi/Pico_SDK_v1.5.1/pico-sdk/src/rp2_common/pico_double/double_aeabi.S.obj
                0x100044dc                __wrap___aeabi_dcmple
 .text.__wrap___aeabi_dcmpge
                0x100044ec       0x10 src/CMakeFiles/main.dir/C_/Program_Files/Raspberry_Pi/Pico_SDK_v1.5.1/pico-sdk/src/rp2_common/pico_double/double_aeabi.S.obj
                0x100044ec                __wrap___aeabi_dcmpge
 .text.__wrap___aeabi_dcmpgt
                0x100044fc        0xa src/CMakeFiles/main.dir/C_/Program_Files/Raspberry_Pi/Pico_SDK_v1.5.1/pico-sdk/src/rp2_common/pico_double/double_aeabi.S.obj
                0x100044fc                __wrap___aeabi_dcmpgt
 .text.__wrap___aeabi_dcmpun
                0x10004506       0x1c src/CMakeFiles/main.dir/C_/Program_Files/Raspberry_Pi/Pico_SDK_v1.5.1/pico-sdk/src/rp2_common/pico_double/double_aeabi.S.obj
                0x10004506                __wrap___aeabi_dcmpun
 *fill*         0x10004522        0x2 
 .text.__wrap___aeabi_i2d
                0x10004524       0x38 src/CMakeFiles/main.dir/C_/Program_Files/Raspberry_Pi/Pico_SDK_v1.5.1/pico-sdk/src/rp2_common/pico_double/double_aeabi.S.obj
                0x10004524                __wrap___aeabi_ui2d
                0x1000452c                __wrap___aeabi_i2d
 .text.__wrap___aeabi_d2iz
                0x1000455c       0x48 src/CMakeFiles/main.dir/C_/Program_Files/Raspberry_Pi/Pico_SDK_v1.5.1/pico-sdk/src/rp2_common/pico_double/double_aeabi.S.obj
                0x1000455c                double2int_z
                0x1000455c                __wrap___aeabi_d2iz
 .text.__wrap___aeabi_d2uiz
                0x100045a4       0x10 src/CMakeFiles/main.dir/C_/Program_Files/Raspberry_Pi/Pico_SDK_v1.5.1/pico-sdk/src/rp2_common/pico_double/double_aeabi.S.obj
                0x100045a4                __wrap___aeabi_d2uiz
                0x100045a4                double2uint
 .text.__wrap___aeabi_d2f
                0x100045b4       0x10 src/CMakeFiles/main.dir/C_/Program_Files/Raspberry_Pi/Pico_SDK_v1.5.1/pico-sdk/src/rp2_common/pico_double/double_aeabi.S.obj
                0x100045b4                __wrap___aeabi_d2f
 .text.missing_double_func_shim
                0x100045c4        0xc src/CMakeFiles/main.dir/C_/Program_Files/Raspberry_Pi/Pico_SDK_v1.5.1/pico-sdk/src/rp2_common/pico_double/double_init_rom.c.obj
 .text.__aeabi_double_init
                0x100045d0       0xcc src/CMakeFiles/main.dir/C_/Program_Files/Raspberry_Pi/Pico_SDK_v1.5.1/pico-sdk/src/rp2_common/pico_double/double_init_rom.c.obj
                0x100045d0                __aeabi_double_init
 .text.double_table_shim_on_use_helper
                0x1000469c       0x34 src/CMakeFiles/main.dir/C_/Program_Files/Raspberry_Pi/Pico_SDK_v1.5.1/pico-sdk/src/rp2_common/pico_double/double_v1_rom_shim.S.obj
                0x1000469c                double_table_shim_on_use_helper
 .text.__aeabi_lmul
                0x100046d0       0x32 src/CMakeFiles/main.dir/C_/Program_Files/Raspberry_Pi/Pico_SDK_v1.5.1/pico-sdk/src/rp2_common/pico_int64_ops/pico_int64_ops_aeabi.S.obj
                0x100046d0                __wrap___aeabi_lmul
 *fill*         0x10004702        0x2 
 .text.__wrap___aeabi_farithmetic
                0x10004704       0x48 src/CMakeFiles/main.dir/C_/Program_Files/Raspberry_Pi/Pico_SDK_v1.5.1/pico-sdk/src/rp2_common/pico_float/float_aeabi.S.obj
                0x10004704                __wrap___aeabi_frsub
                0x1000470a                __wrap___aeabi_fsub
                0x10004710                __wrap___aeabi_fadd
                0x10004716                __wrap___aeabi_fdiv
                0x1000473e                __wrap___aeabi_fmul
 .text.__wrap___aeabi_cfcmple
                0x1000474c       0x50 src/CMakeFiles/main.dir/C_/Program_Files/Raspberry_Pi/Pico_SDK_v1.5.1/pico-sdk/src/rp2_common/pico_float/float_aeabi.S.obj
                0x1000474c                __wrap___aeabi_cfrcmple
                0x10004758                __wrap___aeabi_cfcmple
                0x10004758                __wrap___aeabi_cfcmpeq
 .text.__wrap___aeabi_fcmplt
                0x1000479c        0xc src/CMakeFiles/main.dir/C_/Program_Files/Raspberry_Pi/Pico_SDK_v1.5.1/pico-sdk/src/rp2_common/pico_float/float_aeabi.S.obj
                0x1000479c                __wrap___aeabi_fcmplt
 .text.__wrap___aeabi_fcmple
                0x100047a8       0x10 src/CMakeFiles/main.dir/C_/Program_Files/Raspberry_Pi/Pico_SDK_v1.5.1/pico-sdk/src/rp2_common/pico_float/float_aeabi.S.obj
                0x100047a8                __wrap___aeabi_fcmple
 .text.__wrap___aeabi_fcmpge
                0x100047b8       0x10 src/CMakeFiles/main.dir/C_/Program_Files/Raspberry_Pi/Pico_SDK_v1.5.1/pico-sdk/src/rp2_common/pico_float/float_aeabi.S.obj
                0x100047b8                __wrap___aeabi_fcmpge
 .text.__wrap___aeabi_fcmpgt
                0x100047c8        0xa src/CMakeFiles/main.dir/C_/Program_Files/Raspberry_Pi/Pico_SDK_v1.5.1/pico-sdk/src/rp2_common/pico_float/float_aeabi.S.obj
                0x100047c8                __wrap___aeabi_fcmpgt
 .text.__wrap___aeabi_ui2f
                0x100047d2        0xa src/CMakeFiles/main.dir/C_/Program_Files/Raspberry_Pi/Pico_SDK_v1.5.1/pico-sdk/src/rp2_common/pico_float/float_aeabi.S.obj
                0x100047d2                __wrap___aeabi_ui2f
 .text.__wrap___aeabi_i2f
                0x100047dc       0x44 src/CMakeFiles/main.dir/C_/Program_Files/Raspberry_Pi/Pico_SDK_v1.5.1/pico-sdk/src/rp2_common/pico_float/float_aeabi.S.obj
                0x100047dc                __wrap___aeabi_i2f
 .text.__wrap___aeabi_f2uiz
                0x10004820        0xc src/CMakeFiles/main.dir/C_/Program_Files/Raspberry_Pi/Pico_SDK_v1.5.1/pico-sdk/src/rp2_common/pico_float/float_aeabi.S.obj
                0x10004820                __wrap___aeabi_f2uiz
 .text.__wrap___aeabi_f2d
                0x1000482c        0xc src/CMakeFiles/main.dir/C_/Program_Files/Raspberry_Pi/Pico_SDK_v1.5.1/pico-sdk/src/rp2_common/pico_float/float_aeabi.S.obj
                0x1000482c                __wrap___aeabi_f2d
 .text.__wrap_sqrtf
                0x10004838        0xc src/CMakeFiles/main.dir/C_/Program_Files/Raspberry_Pi/Pico_SDK_v1.5.1/pico-sdk/src/rp2_common/pico_float/float_aeabi.S.obj
                0x10004838                __wrap_sqrtf
 .text.__wrap_atan2f
                0x10004844        0xc src/CMakeFiles/main.dir/C_/Program_Files/Raspberry_Pi/Pico_SDK_v1.5.1/pico-sdk/src/rp2_common/pico_float/float_aeabi.S.obj
                0x10004844                __wrap_atan2f
 .text.missing_float_func_shim
                0x10004850        0xc src/CMakeFiles/main.dir/C_/Program_Files/Raspberry_Pi/Pico_SDK_v1.5.1/pico-sdk/src/rp2_common/pico_float/float_init_rom.c.obj
 .text.__aeabi_float_init
                0x1000485c       0x88 src/CMakeFiles/main.dir/C_/Program_Files/Raspberry_Pi/Pico_SDK_v1.5.1/pico-sdk/src/rp2_common/pico_float/float_init_rom.c.obj
                0x1000485c                __aeabi_float_init
 .text.__wrap_acosf
                0x100048e4       0x40 src/CMakeFiles/main.dir/C_/Program_Files/Raspberry_Pi/Pico_SDK_v1.5.1/pico-sdk/src/rp2_common/pico_float/float_math.c.obj
                0x100048e4                __wrap_acosf
 .text          0x10004924       0x10 src/CMakeFiles/main.dir/C_/Program_Files/Raspberry_Pi/Pico_SDK_v1.5.1/pico-sdk/src/rp2_common/pico_mem_ops/mem_ops_aeabi.S.obj
                0x10004924                __aeabi_mem_init
 .text.memset   0x10004934        0xc src/CMakeFiles/main.dir/C_/Program_Files/Raspberry_Pi/Pico_SDK_v1.5.1/pico-sdk/src/rp2_common/pico_mem_ops/mem_ops_aeabi.S.obj
                0x10004934                __wrap_memset
 .text.memcpy   0x10004940        0xc src/CMakeFiles/main.dir/C_/Program_Files/Raspberry_Pi/Pico_SDK_v1.5.1/pico-sdk/src/rp2_common/pico_mem_ops/mem_ops_aeabi.S.obj
                0x10004940                __wrap_memcpy
                0x10004940                __wrap___aeabi_memcpy
 .text.stdio_out_chars_no_crlf
                0x1000494c        0xe src/CMakeFiles/main.dir/C_/Program_Files/Raspberry_Pi/Pico_SDK_v1.5.1/pico-sdk/src/rp2_common/pico_stdio/stdio.c.obj
 *fill*         0x1000495a        0x2 
 .text.stdio_out_chars_crlf
                0x1000495c       0x80 src/CMakeFiles/main.dir/C_/Program_Files/Raspberry_Pi/Pico_SDK_v1.5.1/pico-sdk/src/rp2_common/pico_stdio/stdio.c.obj
 .text.stdio_stack_buffer_flush
                0x100049dc       0x44 src/CMakeFiles/main.dir/C_/Program_Files/Raspberry_Pi/Pico_SDK_v1.5.1/pico-sdk/src/rp2_common/pico_stdio/stdio.c.obj
 .text.stdio_buffered_printer
                0x10004a20       0x20 src/CMakeFiles/main.dir/C_/Program_Files/Raspberry_Pi/Pico_SDK_v1.5.1/pico-sdk/src/rp2_common/pico_stdio/stdio.c.obj
 .text.stdio_get_until
                0x10004a40       0x80 src/CMakeFiles/main.dir/C_/Program_Files/Raspberry_Pi/Pico_SDK_v1.5.1/pico-sdk/src/rp2_common/pico_stdio/stdio.c.obj
 .text.stdout_serialize_begin
                0x10004ac0       0x5c src/CMakeFiles/main.dir/C_/Program_Files/Raspberry_Pi/Pico_SDK_v1.5.1/pico-sdk/src/rp2_common/pico_stdio/stdio.c.obj
                0x10004ac0                stdout_serialize_begin
 .text.stdout_serialize_end
                0x10004b1c       0x10 src/CMakeFiles/main.dir/C_/Program_Files/Raspberry_Pi/Pico_SDK_v1.5.1/pico-sdk/src/rp2_common/pico_stdio/stdio.c.obj
                0x10004b1c                stdout_serialize_end
 .text.stdio_put_string
                0x10004b2c       0x98 src/CMakeFiles/main.dir/C_/Program_Files/Raspberry_Pi/Pico_SDK_v1.5.1/pico-sdk/src/rp2_common/pico_stdio/stdio.c.obj
 .text.__wrap_putchar
                0x10004bc4       0x1c src/CMakeFiles/main.dir/C_/Program_Files/Raspberry_Pi/Pico_SDK_v1.5.1/pico-sdk/src/rp2_common/pico_stdio/stdio.c.obj
                0x10004bc4                __wrap_putchar
 .text._read    0x10004be0       0x24 src/CMakeFiles/main.dir/C_/Program_Files/Raspberry_Pi/Pico_SDK_v1.5.1/pico-sdk/src/rp2_common/pico_stdio/stdio.c.obj
                0x10004be0                _read
 .text._write   0x10004c04       0x22 src/CMakeFiles/main.dir/C_/Program_Files/Raspberry_Pi/Pico_SDK_v1.5.1/pico-sdk/src/rp2_common/pico_stdio/stdio.c.obj
                0x10004c04                _write
 .text._close   0x10004c26        0x6 src/CMakeFiles/main.dir/C_/Program_Files/Raspberry_Pi/Pico_SDK_v1.5.1/pico-sdk/src/rp2_common/pico_stdio/stdio.c.obj
                0x10004c26                _close
 .text._lseek   0x10004c2c        0x6 src/CMakeFiles/main.dir/C_/Program_Files/Raspberry_Pi/Pico_SDK_v1.5.1/pico-sdk/src/rp2_common/pico_stdio/stdio.c.obj
                0x10004c2c                _lseek
 *fill*         0x10004c32        0x2 
 .text.stdio_set_driver_enabled
                0x10004c34       0x2c src/CMakeFiles/main.dir/C_/Program_Files/Raspberry_Pi/Pico_SDK_v1.5.1/pico-sdk/src/rp2_common/pico_stdio/stdio.c.obj
                0x10004c34                stdio_set_driver_enabled
 .text.stdio_flush
                0x10004c60       0x20 src/CMakeFiles/main.dir/C_/Program_Files/Raspberry_Pi/Pico_SDK_v1.5.1/pico-sdk/src/rp2_common/pico_stdio/stdio.c.obj
                0x10004c60                stdio_flush
 .text.__wrap_puts
                0x10004c80       0x1e src/CMakeFiles/main.dir/C_/Program_Files/Raspberry_Pi/Pico_SDK_v1.5.1/pico-sdk/src/rp2_common/pico_stdio/stdio.c.obj
                0x10004c80                __wrap_puts
 *fill*         0x10004c9e        0x2 
 .text.__wrap_vprintf
                0x10004ca0       0x40 src/CMakeFiles/main.dir/C_/Program_Files/Raspberry_Pi/Pico_SDK_v1.5.1/pico-sdk/src/rp2_common/pico_stdio/stdio.c.obj
                0x10004ca0                __wrap_vprintf
 .text.__wrap_printf
                0x10004ce0       0x18 src/CMakeFiles/main.dir/C_/Program_Files/Raspberry_Pi/Pico_SDK_v1.5.1/pico-sdk/src/rp2_common/pico_stdio/stdio.c.obj
                0x10004ce0                __wrap_printf
 .text.stdio_init_all
                0x10004cf8        0xe src/CMakeFiles/main.dir/C_/Program_Files/Raspberry_Pi/Pico_SDK_v1.5.1/pico-sdk/src/rp2_common/pico_stdio/stdio.c.obj
                0x10004cf8                stdio_init_all
 *fill*         0x10004d06        0x2 
 .text.stdio_uart_out_chars
                0x10004d08       0x74 src/CMakeFiles/main.dir/C_/Program_Files/Raspberry_Pi/Pico_SDK_v1.5.1/pico-sdk/src/rp2_common/pico_stdio_uart/stdio_uart.c.obj
 .text.stdio_uart_in_chars
                0x10004d7c       0x80 src/CMakeFiles/main.dir/C_/Program_Files/Raspberry_Pi/Pico_SDK_v1.5.1/pico-sdk/src/rp2_common/pico_stdio_uart/stdio_uart.c.obj
                0x10004d7c                stdio_uart_in_chars
 .text.on_uart_rx
                0x10004dfc       0x28 src/CMakeFiles/main.dir/C_/Program_Files/Raspberry_Pi/Pico_SDK_v1.5.1/pico-sdk/src/rp2_common/pico_stdio_uart/stdio_uart.c.obj
 .text.stdio_uart_set_chars_available_callback
                0x10004e24       0x8c src/CMakeFiles/main.dir/C_/Program_Files/Raspberry_Pi/Pico_SDK_v1.5.1/pico-sdk/src/rp2_common/pico_stdio_uart/stdio_uart.c.obj
 .text.stdio_uart_init_full
                0x10004eb0       0x44 src/CMakeFiles/main.dir/C_/Program_Files/Raspberry_Pi/Pico_SDK_v1.5.1/pico-sdk/src/rp2_common/pico_stdio_uart/stdio_uart.c.obj
                0x10004eb0                stdio_uart_init_full
 .text.stdio_uart_init
                0x10004ef4       0x28 src/CMakeFiles/main.dir/C_/Program_Files/Raspberry_Pi/Pico_SDK_v1.5.1/pico-sdk/src/rp2_common/pico_stdio_uart/stdio_uart.c.obj
                0x10004ef4                stdio_uart_init
 .text.resetd_init
                0x10004f1c        0x2 src/CMakeFiles/main.dir/C_/Program_Files/Raspberry_Pi/Pico_SDK_v1.5.1/pico-sdk/src/rp2_common/pico_stdio_usb/reset_interface.c.obj
 *fill*         0x10004f1e        0x2 
 .text.resetd_reset
                0x10004f20        0xc src/CMakeFiles/main.dir/C_/Program_Files/Raspberry_Pi/Pico_SDK_v1.5.1/pico-sdk/src/rp2_common/pico_stdio_usb/reset_interface.c.obj
 .text.resetd_open
                0x10004f2c       0x34 src/CMakeFiles/main.dir/C_/Program_Files/Raspberry_Pi/Pico_SDK_v1.5.1/pico-sdk/src/rp2_common/pico_stdio_usb/reset_interface.c.obj
 .text.resetd_xfer_cb
                0x10004f60        0x4 src/CMakeFiles/main.dir/C_/Program_Files/Raspberry_Pi/Pico_SDK_v1.5.1/pico-sdk/src/rp2_common/pico_stdio_usb/reset_interface.c.obj
 .text.reset_usb_boot
                0x10004f64       0x18 src/CMakeFiles/main.dir/C_/Program_Files/Raspberry_Pi/Pico_SDK_v1.5.1/pico-sdk/src/rp2_common/pico_stdio_usb/reset_interface.c.obj
 .text.resetd_control_xfer_cb
                0x10004f7c       0x5c src/CMakeFiles/main.dir/C_/Program_Files/Raspberry_Pi/Pico_SDK_v1.5.1/pico-sdk/src/rp2_common/pico_stdio_usb/reset_interface.c.obj
 .text.usbd_app_driver_get_cb
                0x10004fd8        0xc src/CMakeFiles/main.dir/C_/Program_Files/Raspberry_Pi/Pico_SDK_v1.5.1/pico-sdk/src/rp2_common/pico_stdio_usb/reset_interface.c.obj
                0x10004fd8                usbd_app_driver_get_cb
 .text.tud_cdc_line_coding_cb
                0x10004fe4       0x28 src/CMakeFiles/main.dir/C_/Program_Files/Raspberry_Pi/Pico_SDK_v1.5.1/pico-sdk/src/rp2_common/pico_stdio_usb/reset_interface.c.obj
                0x10004fe4                tud_cdc_line_coding_cb
 .text.stdio_usb_set_chars_available_callback
                0x1000500c       0x14 src/CMakeFiles/main.dir/C_/Program_Files/Raspberry_Pi/Pico_SDK_v1.5.1/pico-sdk/src/rp2_common/pico_stdio_usb/stdio_usb.c.obj
                0x1000500c                stdio_usb_set_chars_available_callback
 .text.usb_irq  0x10005020       0x10 src/CMakeFiles/main.dir/C_/Program_Files/Raspberry_Pi/Pico_SDK_v1.5.1/pico-sdk/src/rp2_common/pico_stdio_usb/stdio_usb.c.obj
 .text.timer_task
                0x10005030       0x5c src/CMakeFiles/main.dir/C_/Program_Files/Raspberry_Pi/Pico_SDK_v1.5.1/pico-sdk/src/rp2_common/pico_stdio_usb/stdio_usb.c.obj
 .text.low_priority_worker_irq
                0x1000508c       0xdc src/CMakeFiles/main.dir/C_/Program_Files/Raspberry_Pi/Pico_SDK_v1.5.1/pico-sdk/src/rp2_common/pico_stdio_usb/stdio_usb.c.obj
 .text.tud_cdc_rx_cb
                0x10005168       0x20 src/CMakeFiles/main.dir/C_/Program_Files/Raspberry_Pi/Pico_SDK_v1.5.1/pico-sdk/src/rp2_common/pico_stdio_usb/stdio_usb.c.obj
                0x10005168                tud_cdc_rx_cb
 .text.stdio_usb_init
                0x10005188      0x11c src/CMakeFiles/main.dir/C_/Program_Files/Raspberry_Pi/Pico_SDK_v1.5.1/pico-sdk/src/rp2_common/pico_stdio_usb/stdio_usb.c.obj
                0x10005188                stdio_usb_init
 .text.stdio_usb_connected
                0x100052a4        0xa src/CMakeFiles/main.dir/C_/Program_Files/Raspberry_Pi/Pico_SDK_v1.5.1/pico-sdk/src/rp2_common/pico_stdio_usb/stdio_usb.c.obj
                0x100052a4                stdio_usb_connected
 *fill*         0x100052ae        0x2 
 .text.stdio_usb_in_chars
                0x100052b0       0xc4 src/CMakeFiles/main.dir/C_/Program_Files/Raspberry_Pi/Pico_SDK_v1.5.1/pico-sdk/src/rp2_common/pico_stdio_usb/stdio_usb.c.obj
                0x100052b0                stdio_usb_in_chars
 .text.stdio_usb_out_chars
                0x10005374      0x114 src/CMakeFiles/main.dir/C_/Program_Files/Raspberry_Pi/Pico_SDK_v1.5.1/pico-sdk/src/rp2_common/pico_stdio_usb/stdio_usb.c.obj
 .text.tud_descriptor_device_cb
                0x10005488        0x8 src/CMakeFiles/main.dir/C_/Program_Files/Raspberry_Pi/Pico_SDK_v1.5.1/pico-sdk/src/rp2_common/pico_stdio_usb/stdio_usb_descriptors.c.obj
                0x10005488                tud_descriptor_device_cb
 .text.tud_descriptor_configuration_cb
                0x10005490        0x8 src/CMakeFiles/main.dir/C_/Program_Files/Raspberry_Pi/Pico_SDK_v1.5.1/pico-sdk/src/rp2_common/pico_stdio_usb/stdio_usb_descriptors.c.obj
                0x10005490                tud_descriptor_configuration_cb
 .text.tud_descriptor_string_cb
                0x10005498       0x6c src/CMakeFiles/main.dir/C_/Program_Files/Raspberry_Pi/Pico_SDK_v1.5.1/pico-sdk/src/rp2_common/pico_stdio_usb/stdio_usb_descriptors.c.obj
                0x10005498                tud_descriptor_string_cb
 .text._retrieve_unique_id_on_boot
                0x10005504       0x10 src/CMakeFiles/main.dir/C_/Program_Files/Raspberry_Pi/Pico_SDK_v1.5.1/pico-sdk/src/rp2_common/pico_unique_id/unique_id.c.obj
 .text.pico_get_unique_board_id_string
                0x10005514       0x60 src/CMakeFiles/main.dir/C_/Program_Files/Raspberry_Pi/Pico_SDK_v1.5.1/pico-sdk/src/rp2_common/pico_unique_id/unique_id.c.obj
                0x10005514                pico_get_unique_board_id_string
 .text.flash_get_unique_id
                0x10005574       0x46 src/CMakeFiles/main.dir/C_/Program_Files/Raspberry_Pi/Pico_SDK_v1.5.1/pico-sdk/src/rp2_common/hardware_flash/flash.c.obj
                0x10005574                flash_get_unique_id
 *fill*         0x100055ba        0x2 
 .text.hw_endpoint_get_by_addr
                0x100055bc       0x18 src/CMakeFiles/main.dir/C_/Program_Files/Raspberry_Pi/Pico_SDK_v1.5.1/pico-sdk/lib/tinyusb/src/portable/raspberrypi/rp2040/dcd_rp2040.c.obj
 .text._hw_endpoint_alloc
                0x100055d4       0x70 src/CMakeFiles/main.dir/C_/Program_Files/Raspberry_Pi/Pico_SDK_v1.5.1/pico-sdk/lib/tinyusb/src/portable/raspberrypi/rp2040/dcd_rp2040.c.obj
 .text.hw_endpoint_init
                0x10005644       0x88 src/CMakeFiles/main.dir/C_/Program_Files/Raspberry_Pi/Pico_SDK_v1.5.1/pico-sdk/lib/tinyusb/src/portable/raspberrypi/rp2040/dcd_rp2040.c.obj
 .text.hw_endpoint_xfer
                0x100056cc       0x14 src/CMakeFiles/main.dir/C_/Program_Files/Raspberry_Pi/Pico_SDK_v1.5.1/pico-sdk/lib/tinyusb/src/portable/raspberrypi/rp2040/dcd_rp2040.c.obj
 .text.dcd_int_enable
                0x100056e0       0x2c src/CMakeFiles/main.dir/C_/Program_Files/Raspberry_Pi/Pico_SDK_v1.5.1/pico-sdk/lib/tinyusb/src/portable/raspberrypi/rp2040/dcd_rp2040.c.obj
                0x100056e0                dcd_int_enable
 .text.dcd_set_address
                0x1000570c       0x2c src/CMakeFiles/main.dir/C_/Program_Files/Raspberry_Pi/Pico_SDK_v1.5.1/pico-sdk/lib/tinyusb/src/portable/raspberrypi/rp2040/dcd_rp2040.c.obj
                0x1000570c                dcd_set_address
 .text.dcd_connect
                0x10005738       0x10 src/CMakeFiles/main.dir/C_/Program_Files/Raspberry_Pi/Pico_SDK_v1.5.1/pico-sdk/lib/tinyusb/src/portable/raspberrypi/rp2040/dcd_rp2040.c.obj
                0x10005738                dcd_connect
 .text.dcd_init
                0x10005748       0x80 src/CMakeFiles/main.dir/C_/Program_Files/Raspberry_Pi/Pico_SDK_v1.5.1/pico-sdk/lib/tinyusb/src/portable/raspberrypi/rp2040/dcd_rp2040.c.obj
                0x10005748                dcd_init
 .text.dcd_edpt0_status_complete
                0x100057c8       0x1c src/CMakeFiles/main.dir/C_/Program_Files/Raspberry_Pi/Pico_SDK_v1.5.1/pico-sdk/lib/tinyusb/src/portable/raspberrypi/rp2040/dcd_rp2040.c.obj
                0x100057c8                dcd_edpt0_status_complete
 .text.dcd_edpt_open
                0x100057e4       0x40 src/CMakeFiles/main.dir/C_/Program_Files/Raspberry_Pi/Pico_SDK_v1.5.1/pico-sdk/lib/tinyusb/src/portable/raspberrypi/rp2040/dcd_rp2040.c.obj
                0x100057e4                dcd_edpt_open
 .text.dcd_edpt_close_all
                0x10005824        0x8 src/CMakeFiles/main.dir/C_/Program_Files/Raspberry_Pi/Pico_SDK_v1.5.1/pico-sdk/lib/tinyusb/src/portable/raspberrypi/rp2040/dcd_rp2040.c.obj
                0x10005824                dcd_edpt_close_all
 .text.dcd_edpt_xfer
                0x1000582c       0x34 src/CMakeFiles/main.dir/C_/Program_Files/Raspberry_Pi/Pico_SDK_v1.5.1/pico-sdk/lib/tinyusb/src/portable/raspberrypi/rp2040/dcd_rp2040.c.obj
                0x1000582c                dcd_edpt_xfer
 .text.dcd_edpt_stall
                0x10005860       0x2c src/CMakeFiles/main.dir/C_/Program_Files/Raspberry_Pi/Pico_SDK_v1.5.1/pico-sdk/lib/tinyusb/src/portable/raspberrypi/rp2040/dcd_rp2040.c.obj
                0x10005860                dcd_edpt_stall
 .text.dcd_edpt_clear_stall
                0x1000588c       0x20 src/CMakeFiles/main.dir/C_/Program_Files/Raspberry_Pi/Pico_SDK_v1.5.1/pico-sdk/lib/tinyusb/src/portable/raspberrypi/rp2040/dcd_rp2040.c.obj
                0x1000588c                dcd_edpt_clear_stall
 .text.rp2040_usb_init
                0x100058ac       0x4c src/CMakeFiles/main.dir/C_/Program_Files/Raspberry_Pi/Pico_SDK_v1.5.1/pico-sdk/lib/tinyusb/src/portable/raspberrypi/rp2040/rp2040_usb.c.obj
                0x100058ac                rp2040_usb_init
 .text.hw_endpoint_xfer_start
                0x100058f8       0x50 src/CMakeFiles/main.dir/C_/Program_Files/Raspberry_Pi/Pico_SDK_v1.5.1/pico-sdk/lib/tinyusb/src/portable/raspberrypi/rp2040/rp2040_usb.c.obj
                0x100058f8                hw_endpoint_xfer_start
 .text.configuration_reset
                0x10005948       0x84 src/CMakeFiles/main.dir/C_/Program_Files/Raspberry_Pi/Pico_SDK_v1.5.1/pico-sdk/lib/tinyusb/src/device/usbd.c.obj
 .text.usbd_reset
                0x100059cc        0xc src/CMakeFiles/main.dir/C_/Program_Files/Raspberry_Pi/Pico_SDK_v1.5.1/pico-sdk/lib/tinyusb/src/device/usbd.c.obj
 .text.invoke_class_control
                0x100059d8       0x1a src/CMakeFiles/main.dir/C_/Program_Files/Raspberry_Pi/Pico_SDK_v1.5.1/pico-sdk/lib/tinyusb/src/device/usbd.c.obj
 *fill*         0x100059f2        0x2 
 .text.process_set_config
                0x100059f4      0x178 src/CMakeFiles/main.dir/C_/Program_Files/Raspberry_Pi/Pico_SDK_v1.5.1/pico-sdk/lib/tinyusb/src/device/usbd.c.obj
 .text.process_get_descriptor
                0x10005b6c       0xdc src/CMakeFiles/main.dir/C_/Program_Files/Raspberry_Pi/Pico_SDK_v1.5.1/pico-sdk/lib/tinyusb/src/device/usbd.c.obj
 .text.tud_mounted
                0x10005c48       0x10 src/CMakeFiles/main.dir/C_/Program_Files/Raspberry_Pi/Pico_SDK_v1.5.1/pico-sdk/lib/tinyusb/src/device/usbd.c.obj
                0x10005c48                tud_mounted
 .text.tud_suspended
                0x10005c58       0x10 src/CMakeFiles/main.dir/C_/Program_Files/Raspberry_Pi/Pico_SDK_v1.5.1/pico-sdk/lib/tinyusb/src/device/usbd.c.obj
                0x10005c58                tud_suspended
 .text.tud_inited
                0x10005c68       0x14 src/CMakeFiles/main.dir/C_/Program_Files/Raspberry_Pi/Pico_SDK_v1.5.1/pico-sdk/lib/tinyusb/src/device/usbd.c.obj
                0x10005c68                tud_inited
 .text.tud_init
                0x10005c7c       0xcc src/CMakeFiles/main.dir/C_/Program_Files/Raspberry_Pi/Pico_SDK_v1.5.1/pico-sdk/lib/tinyusb/src/device/usbd.c.obj
                0x10005c7c                tud_init
 .text.usbd_defer_func
                0x10005d48       0x2a src/CMakeFiles/main.dir/C_/Program_Files/Raspberry_Pi/Pico_SDK_v1.5.1/pico-sdk/lib/tinyusb/src/device/usbd.c.obj
                0x10005d48                usbd_defer_func
 *fill*         0x10005d72        0x2 
 .text.usbd_edpt_open
                0x10005d74       0x34 src/CMakeFiles/main.dir/C_/Program_Files/Raspberry_Pi/Pico_SDK_v1.5.1/pico-sdk/lib/tinyusb/src/device/usbd.c.obj
                0x10005d74                usbd_edpt_open
 .text.usbd_open_edpt_pair
                0x10005da8       0x62 src/CMakeFiles/main.dir/C_/Program_Files/Raspberry_Pi/Pico_SDK_v1.5.1/pico-sdk/lib/tinyusb/src/device/usbd.c.obj
                0x10005da8                usbd_open_edpt_pair
 *fill*         0x10005e0a        0x2 
 .text.usbd_edpt_claim
                0x10005e0c       0x28 src/CMakeFiles/main.dir/C_/Program_Files/Raspberry_Pi/Pico_SDK_v1.5.1/pico-sdk/lib/tinyusb/src/device/usbd.c.obj
                0x10005e0c                usbd_edpt_claim
 .text.usbd_edpt_release
                0x10005e34       0x28 src/CMakeFiles/main.dir/C_/Program_Files/Raspberry_Pi/Pico_SDK_v1.5.1/pico-sdk/lib/tinyusb/src/device/usbd.c.obj
                0x10005e34                usbd_edpt_release
 .text.usbd_edpt_xfer
                0x10005e5c       0x78 src/CMakeFiles/main.dir/C_/Program_Files/Raspberry_Pi/Pico_SDK_v1.5.1/pico-sdk/lib/tinyusb/src/device/usbd.c.obj
                0x10005e5c                usbd_edpt_xfer
 .text.usbd_edpt_stall
                0x10005ed4       0x48 src/CMakeFiles/main.dir/C_/Program_Files/Raspberry_Pi/Pico_SDK_v1.5.1/pico-sdk/lib/tinyusb/src/device/usbd.c.obj
                0x10005ed4                usbd_edpt_stall
 .text.usbd_edpt_clear_stall
                0x10005f1c       0x48 src/CMakeFiles/main.dir/C_/Program_Files/Raspberry_Pi/Pico_SDK_v1.5.1/pico-sdk/lib/tinyusb/src/device/usbd.c.obj
                0x10005f1c                usbd_edpt_clear_stall
 .text.usbd_edpt_stalled
                0x10005f64       0x1c src/CMakeFiles/main.dir/C_/Program_Files/Raspberry_Pi/Pico_SDK_v1.5.1/pico-sdk/lib/tinyusb/src/device/usbd.c.obj
                0x10005f64                usbd_edpt_stalled
 .text.process_control_request
                0x10005f80      0x37c src/CMakeFiles/main.dir/C_/Program_Files/Raspberry_Pi/Pico_SDK_v1.5.1/pico-sdk/lib/tinyusb/src/device/usbd.c.obj
 .text.tud_task_ext
                0x100062fc      0x1b8 src/CMakeFiles/main.dir/C_/Program_Files/Raspberry_Pi/Pico_SDK_v1.5.1/pico-sdk/lib/tinyusb/src/device/usbd.c.obj
                0x100062fc                tud_task_ext
 .text._data_stage_xact
                0x100064b4       0x58 src/CMakeFiles/main.dir/C_/Program_Files/Raspberry_Pi/Pico_SDK_v1.5.1/pico-sdk/lib/tinyusb/src/device/usbd_control.c.obj
 .text.tud_control_status
                0x1000650c       0x38 src/CMakeFiles/main.dir/C_/Program_Files/Raspberry_Pi/Pico_SDK_v1.5.1/pico-sdk/lib/tinyusb/src/device/usbd_control.c.obj
                0x1000650c                tud_control_status
 .text.tud_control_xfer
                0x10006544       0x74 src/CMakeFiles/main.dir/C_/Program_Files/Raspberry_Pi/Pico_SDK_v1.5.1/pico-sdk/lib/tinyusb/src/device/usbd_control.c.obj
                0x10006544                tud_control_xfer
 .text.usbd_control_reset
                0x100065b8       0x14 src/CMakeFiles/main.dir/C_/Program_Files/Raspberry_Pi/Pico_SDK_v1.5.1/pico-sdk/lib/tinyusb/src/device/usbd_control.c.obj
                0x100065b8                usbd_control_reset
 .text.usbd_control_set_complete_callback
                0x100065cc        0xc src/CMakeFiles/main.dir/C_/Program_Files/Raspberry_Pi/Pico_SDK_v1.5.1/pico-sdk/lib/tinyusb/src/device/usbd_control.c.obj
                0x100065cc                usbd_control_set_complete_callback
 .text.usbd_control_set_request
                0x100065d8       0x1c src/CMakeFiles/main.dir/C_/Program_Files/Raspberry_Pi/Pico_SDK_v1.5.1/pico-sdk/lib/tinyusb/src/device/usbd_control.c.obj
                0x100065d8                usbd_control_set_request
 .text.usbd_control_xfer_cb
                0x100065f4       0xcc src/CMakeFiles/main.dir/C_/Program_Files/Raspberry_Pi/Pico_SDK_v1.5.1/pico-sdk/lib/tinyusb/src/device/usbd_control.c.obj
                0x100065f4                usbd_control_xfer_cb
 .text._prep_out_transaction
                0x100066c0       0x4a src/CMakeFiles/main.dir/C_/Program_Files/Raspberry_Pi/Pico_SDK_v1.5.1/pico-sdk/lib/tinyusb/src/class/cdc/cdc_device.c.obj
 *fill*         0x1000670a        0x2 
 .text.tud_cdc_n_connected
                0x1000670c       0x44 src/CMakeFiles/main.dir/C_/Program_Files/Raspberry_Pi/Pico_SDK_v1.5.1/pico-sdk/lib/tinyusb/src/class/cdc/cdc_device.c.obj
                0x1000670c                tud_cdc_n_connected
 .text.tud_cdc_n_available
                0x10006750       0x18 src/CMakeFiles/main.dir/C_/Program_Files/Raspberry_Pi/Pico_SDK_v1.5.1/pico-sdk/lib/tinyusb/src/class/cdc/cdc_device.c.obj
                0x10006750                tud_cdc_n_available
 .text.tud_cdc_n_read
                0x10006768       0x28 src/CMakeFiles/main.dir/C_/Program_Files/Raspberry_Pi/Pico_SDK_v1.5.1/pico-sdk/lib/tinyusb/src/class/cdc/cdc_device.c.obj
                0x10006768                tud_cdc_n_read
 .text.tud_cdc_n_write_flush
                0x10006790       0xb8 src/CMakeFiles/main.dir/C_/Program_Files/Raspberry_Pi/Pico_SDK_v1.5.1/pico-sdk/lib/tinyusb/src/class/cdc/cdc_device.c.obj
                0x10006790                tud_cdc_n_write_flush
 .text.tud_cdc_n_write
                0x10006848       0x38 src/CMakeFiles/main.dir/C_/Program_Files/Raspberry_Pi/Pico_SDK_v1.5.1/pico-sdk/lib/tinyusb/src/class/cdc/cdc_device.c.obj
                0x10006848                tud_cdc_n_write
 .text.tud_cdc_n_write_available
                0x10006880       0x1c src/CMakeFiles/main.dir/C_/Program_Files/Raspberry_Pi/Pico_SDK_v1.5.1/pico-sdk/lib/tinyusb/src/class/cdc/cdc_device.c.obj
                0x10006880                tud_cdc_n_write_available
 .text.cdcd_init
                0x1000689c       0xbc src/CMakeFiles/main.dir/C_/Program_Files/Raspberry_Pi/Pico_SDK_v1.5.1/pico-sdk/lib/tinyusb/src/class/cdc/cdc_device.c.obj
                0x1000689c                cdcd_init
 .text.cdcd_reset
                0x10006958       0x44 src/CMakeFiles/main.dir/C_/Program_Files/Raspberry_Pi/Pico_SDK_v1.5.1/pico-sdk/lib/tinyusb/src/class/cdc/cdc_device.c.obj
                0x10006958                cdcd_reset
 .text.cdcd_open
                0x1000699c       0xcc src/CMakeFiles/main.dir/C_/Program_Files/Raspberry_Pi/Pico_SDK_v1.5.1/pico-sdk/lib/tinyusb/src/class/cdc/cdc_device.c.obj
                0x1000699c                cdcd_open
 .text.cdcd_control_xfer_cb
                0x10006a68      0x134 src/CMakeFiles/main.dir/C_/Program_Files/Raspberry_Pi/Pico_SDK_v1.5.1/pico-sdk/lib/tinyusb/src/class/cdc/cdc_device.c.obj
                0x10006a68                cdcd_control_xfer_cb
 .text.cdcd_xfer_cb
                0x10006b9c      0x130 src/CMakeFiles/main.dir/C_/Program_Files/Raspberry_Pi/Pico_SDK_v1.5.1/pico-sdk/lib/tinyusb/src/class/cdc/cdc_device.c.obj
                0x10006b9c                cdcd_xfer_cb
 .text.tusb_init
                0x10006ccc        0xa src/CMakeFiles/main.dir/C_/Program_Files/Raspberry_Pi/Pico_SDK_v1.5.1/pico-sdk/lib/tinyusb/src/tusb.c.obj
                0x10006ccc                tusb_init
 .text.tusb_inited
                0x10006cd6        0xe src/CMakeFiles/main.dir/C_/Program_Files/Raspberry_Pi/Pico_SDK_v1.5.1/pico-sdk/lib/tinyusb/src/tusb.c.obj
                0x10006cd6                tusb_inited
 .text.tu_edpt_claim
                0x10006ce4       0x50 src/CMakeFiles/main.dir/C_/Program_Files/Raspberry_Pi/Pico_SDK_v1.5.1/pico-sdk/lib/tinyusb/src/tusb.c.obj
                0x10006ce4                tu_edpt_claim
 .text.tu_edpt_release
                0x10006d34       0x3c src/CMakeFiles/main.dir/C_/Program_Files/Raspberry_Pi/Pico_SDK_v1.5.1/pico-sdk/lib/tinyusb/src/tusb.c.obj
                0x10006d34                tu_edpt_release
 .text.tu_edpt_validate
                0x10006d70       0x78 src/CMakeFiles/main.dir/C_/Program_Files/Raspberry_Pi/Pico_SDK_v1.5.1/pico-sdk/lib/tinyusb/src/tusb.c.obj
                0x10006d70                tu_edpt_validate
 .text.tu_edpt_bind_driver
                0x10006de8       0x26 src/CMakeFiles/main.dir/C_/Program_Files/Raspberry_Pi/Pico_SDK_v1.5.1/pico-sdk/lib/tinyusb/src/tusb.c.obj
                0x10006de8                tu_edpt_bind_driver
 .text.advance_index
                0x10006e0e       0x1a src/CMakeFiles/main.dir/C_/Program_Files/Raspberry_Pi/Pico_SDK_v1.5.1/pico-sdk/lib/tinyusb/src/common/tusb_fifo.c.obj
 .text._tu_fifo_peek
                0x10006e28       0x56 src/CMakeFiles/main.dir/C_/Program_Files/Raspberry_Pi/Pico_SDK_v1.5.1/pico-sdk/lib/tinyusb/src/common/tusb_fifo.c.obj
 .text._ff_pull_const_addr
                0x10006e7e       0x4c src/CMakeFiles/main.dir/C_/Program_Files/Raspberry_Pi/Pico_SDK_v1.5.1/pico-sdk/lib/tinyusb/src/common/tusb_fifo.c.obj
 .text._ff_pull_n
                0x10006eca      0x110 src/CMakeFiles/main.dir/C_/Program_Files/Raspberry_Pi/Pico_SDK_v1.5.1/pico-sdk/lib/tinyusb/src/common/tusb_fifo.c.obj
 .text._tu_fifo_peek_n
                0x10006fda       0x6a src/CMakeFiles/main.dir/C_/Program_Files/Raspberry_Pi/Pico_SDK_v1.5.1/pico-sdk/lib/tinyusb/src/common/tusb_fifo.c.obj
 .text._tu_fifo_read_n
                0x10007044       0x4e src/CMakeFiles/main.dir/C_/Program_Files/Raspberry_Pi/Pico_SDK_v1.5.1/pico-sdk/lib/tinyusb/src/common/tusb_fifo.c.obj
 .text._ff_push_const_addr
                0x10007092       0x40 src/CMakeFiles/main.dir/C_/Program_Files/Raspberry_Pi/Pico_SDK_v1.5.1/pico-sdk/lib/tinyusb/src/common/tusb_fifo.c.obj
 .text._ff_push_n
                0x100070d2      0x10c src/CMakeFiles/main.dir/C_/Program_Files/Raspberry_Pi/Pico_SDK_v1.5.1/pico-sdk/lib/tinyusb/src/common/tusb_fifo.c.obj
 .text._tu_fifo_write_n
                0x100071de       0xf0 src/CMakeFiles/main.dir/C_/Program_Files/Raspberry_Pi/Pico_SDK_v1.5.1/pico-sdk/lib/tinyusb/src/common/tusb_fifo.c.obj
 .text.tu_fifo_config
                0x100072ce       0x7c src/CMakeFiles/main.dir/C_/Program_Files/Raspberry_Pi/Pico_SDK_v1.5.1/pico-sdk/lib/tinyusb/src/common/tusb_fifo.c.obj
                0x100072ce                tu_fifo_config
 .text.tu_fifo_count
                0x1000734a       0x2a src/CMakeFiles/main.dir/C_/Program_Files/Raspberry_Pi/Pico_SDK_v1.5.1/pico-sdk/lib/tinyusb/src/common/tusb_fifo.c.obj
                0x1000734a                tu_fifo_count
 .text.tu_fifo_empty
                0x10007374       0x10 src/CMakeFiles/main.dir/C_/Program_Files/Raspberry_Pi/Pico_SDK_v1.5.1/pico-sdk/lib/tinyusb/src/common/tusb_fifo.c.obj
                0x10007374                tu_fifo_empty
 .text.tu_fifo_full
                0x10007384       0x28 src/CMakeFiles/main.dir/C_/Program_Files/Raspberry_Pi/Pico_SDK_v1.5.1/pico-sdk/lib/tinyusb/src/common/tusb_fifo.c.obj
                0x10007384                tu_fifo_full
 .text.tu_fifo_remaining
                0x100073ac       0x2c src/CMakeFiles/main.dir/C_/Program_Files/Raspberry_Pi/Pico_SDK_v1.5.1/pico-sdk/lib/tinyusb/src/common/tusb_fifo.c.obj
                0x100073ac                tu_fifo_remaining
 .text.tu_fifo_read
                0x100073d8       0x42 src/CMakeFiles/main.dir/C_/Program_Files/Raspberry_Pi/Pico_SDK_v1.5.1/pico-sdk/lib/tinyusb/src/common/tusb_fifo.c.obj
                0x100073d8                tu_fifo_read
 .text.tu_fifo_read_n
                0x1000741a        0xa src/CMakeFiles/main.dir/C_/Program_Files/Raspberry_Pi/Pico_SDK_v1.5.1/pico-sdk/lib/tinyusb/src/common/tusb_fifo.c.obj
                0x1000741a                tu_fifo_read_n
 .text.tu_fifo_write
                0x10007424       0x64 src/CMakeFiles/main.dir/C_/Program_Files/Raspberry_Pi/Pico_SDK_v1.5.1/pico-sdk/lib/tinyusb/src/common/tusb_fifo.c.obj
                0x10007424                tu_fifo_write
 .text.tu_fifo_write_n
                0x10007488        0xa src/CMakeFiles/main.dir/C_/Program_Files/Raspberry_Pi/Pico_SDK_v1.5.1/pico-sdk/lib/tinyusb/src/common/tusb_fifo.c.obj
                0x10007488                tu_fifo_write_n
 .text.tu_fifo_clear
                0x10007492       0x3e src/CMakeFiles/main.dir/C_/Program_Files/Raspberry_Pi/Pico_SDK_v1.5.1/pico-sdk/lib/tinyusb/src/common/tusb_fifo.c.obj
                0x10007492                tu_fifo_clear
 .text.tu_fifo_set_overwritable
                0x100074d0       0x46 src/CMakeFiles/main.dir/C_/Program_Files/Raspberry_Pi/Pico_SDK_v1.5.1/pico-sdk/lib/tinyusb/src/common/tusb_fifo.c.obj
                0x100074d0                tu_fifo_set_overwritable
 *fill*         0x10007516        0x2 
 .text.prvGetTicksToWaitBefore
                0x10007518       0x58 src/CMakeFiles/main.dir/__/FreeRTOS-Kernel-main/portable/ThirdParty/GCC/RP2040/port.c.obj
 .text.vPortYield
                0x10007570       0x18 src/CMakeFiles/main.dir/__/FreeRTOS-Kernel-main/portable/ThirdParty/GCC/RP2040/port.c.obj
                0x10007570                vPortYield
 .text.vPortEnterCritical
                0x10007588       0x18 src/CMakeFiles/main.dir/__/FreeRTOS-Kernel-main/portable/ThirdParty/GCC/RP2040/port.c.obj
                0x10007588                vPortEnterCritical
 .text.vPortExitCritical
                0x100075a0       0x38 src/CMakeFiles/main.dir/__/FreeRTOS-Kernel-main/portable/ThirdParty/GCC/RP2040/port.c.obj
                0x100075a0                vPortExitCritical
 .text.ulSetInterruptMaskFromISR
                0x100075d8        0x8 src/CMakeFiles/main.dir/__/FreeRTOS-Kernel-main/portable/ThirdParty/GCC/RP2040/port.c.obj
                0x100075d8                ulSetInterruptMaskFromISR
 .text.vClearInterruptMaskFromISR
                0x100075e0        0x6 src/CMakeFiles/main.dir/__/FreeRTOS-Kernel-main/portable/ThirdParty/GCC/RP2040/port.c.obj
                0x100075e0                vClearInterruptMaskFromISR
 *fill*         0x100075e6        0x2 
 .text.ulPortLockGetCurrentOwnerId
                0x100075e8       0x2c src/CMakeFiles/main.dir/__/FreeRTOS-Kernel-main/portable/ThirdParty/GCC/RP2040/port.c.obj
                0x100075e8                ulPortLockGetCurrentOwnerId
 .text.vPortLockInternalSpinUnlockWithWait
                0x10007614       0xa8 src/CMakeFiles/main.dir/__/FreeRTOS-Kernel-main/portable/ThirdParty/GCC/RP2040/port.c.obj
                0x10007614                vPortLockInternalSpinUnlockWithWait
 .text.vPortLockInternalSpinUnlockWithNotify
                0x100076bc       0xd4 src/CMakeFiles/main.dir/__/FreeRTOS-Kernel-main/portable/ThirdParty/GCC/RP2040/port.c.obj
                0x100076bc                vPortLockInternalSpinUnlockWithNotify
 .text.xPortLockInternalSpinUnlockWithBestEffortWaitOrTimeout
                0x10007790      0x104 src/CMakeFiles/main.dir/__/FreeRTOS-Kernel-main/portable/ThirdParty/GCC/RP2040/port.c.obj
                0x10007790                xPortLockInternalSpinUnlockWithBestEffortWaitOrTimeout
 .text.prvRuntimeInitializer
                0x10007894       0x28 src/CMakeFiles/main.dir/__/FreeRTOS-Kernel-main/portable/ThirdParty/GCC/RP2040/port.c.obj
 .text.prvTestWaitCondition
                0x100078bc       0x1e src/CMakeFiles/main.dir/__/FreeRTOS-Kernel-main/event_groups.c.obj
 .text.xEventGroupCreate
                0x100078da       0x18 src/CMakeFiles/main.dir/__/FreeRTOS-Kernel-main/event_groups.c.obj
                0x100078da                xEventGroupCreate
 *fill*         0x100078f2        0x2 
 .text.xEventGroupWaitBits
                0x100078f4      0x124 src/CMakeFiles/main.dir/__/FreeRTOS-Kernel-main/event_groups.c.obj
                0x100078f4                xEventGroupWaitBits
 .text.xEventGroupSetBits
                0x10007a18       0x98 src/CMakeFiles/main.dir/__/FreeRTOS-Kernel-main/event_groups.c.obj
                0x10007a18                xEventGroupSetBits
 .text.vEventGroupSetBitsCallback
                0x10007ab0        0x8 src/CMakeFiles/main.dir/__/FreeRTOS-Kernel-main/event_groups.c.obj
                0x10007ab0                vEventGroupSetBitsCallback
 .text.xEventGroupSetBitsFromISR
                0x10007ab8       0x14 src/CMakeFiles/main.dir/__/FreeRTOS-Kernel-main/event_groups.c.obj
                0x10007ab8                xEventGroupSetBitsFromISR
 .text.vListInitialise
                0x10007acc       0x16 src/CMakeFiles/main.dir/__/FreeRTOS-Kernel-main/list.c.obj
                0x10007acc                vListInitialise
 .text.vListInsert
                0x10007ae2       0x2e src/CMakeFiles/main.dir/__/FreeRTOS-Kernel-main/list.c.obj
                0x10007ae2                vListInsert
 .text.uxListRemove
                0x10007b10       0x24 src/CMakeFiles/main.dir/__/FreeRTOS-Kernel-main/list.c.obj
                0x10007b10                uxListRemove
 .text.prvCopyDataToQueue
                0x10007b34       0x82 src/CMakeFiles/main.dir/__/FreeRTOS-Kernel-main/queue.c.obj
 *fill*         0x10007bb6        0x2 
 .text.prvNotifyQueueSetContainer
                0x10007bb8       0xa4 src/CMakeFiles/main.dir/__/FreeRTOS-Kernel-main/queue.c.obj
 .text.xQueueGenericSendFromISR
                0x10007c5c      0x128 src/CMakeFiles/main.dir/__/FreeRTOS-Kernel-main/queue.c.obj
                0x10007c5c                xQueueGenericSendFromISR
 .text.prvResetNextTaskUnblockTime
                0x10007d84       0x2c src/CMakeFiles/main.dir/__/FreeRTOS-Kernel-main/tasks.c.obj
 .text.prvAddCurrentTaskToDelayedList
                0x10007db0       0xa8 src/CMakeFiles/main.dir/__/FreeRTOS-Kernel-main/tasks.c.obj
 .text.vTaskSuspendAll
                0x10007e58       0x10 src/CMakeFiles/main.dir/__/FreeRTOS-Kernel-main/tasks.c.obj
                0x10007e58                vTaskSuspendAll
 .text.uxTaskGetNumberOfTasks
                0x10007e68        0xc src/CMakeFiles/main.dir/__/FreeRTOS-Kernel-main/tasks.c.obj
                0x10007e68                uxTaskGetNumberOfTasks
 .text.xTaskIncrementTick
                0x10007e74      0x17c src/CMakeFiles/main.dir/__/FreeRTOS-Kernel-main/tasks.c.obj
                0x10007e74                xTaskIncrementTick
 .text.xTaskResumeAll
                0x10007ff0      0x160 src/CMakeFiles/main.dir/__/FreeRTOS-Kernel-main/tasks.c.obj
                0x10007ff0                xTaskResumeAll
 .text.vTaskPlaceOnUnorderedEventList
                0x10008150       0x80 src/CMakeFiles/main.dir/__/FreeRTOS-Kernel-main/tasks.c.obj
                0x10008150                vTaskPlaceOnUnorderedEventList
 .text.xTaskRemoveFromEventList
                0x100081d0      0x100 src/CMakeFiles/main.dir/__/FreeRTOS-Kernel-main/tasks.c.obj
                0x100081d0                xTaskRemoveFromEventList
 .text.vTaskRemoveFromUnorderedEventList
                0x100082d0       0xf8 src/CMakeFiles/main.dir/__/FreeRTOS-Kernel-main/tasks.c.obj
                0x100082d0                vTaskRemoveFromUnorderedEventList
 .text.xTaskGetCurrentTaskHandle
                0x100083c8        0xc src/CMakeFiles/main.dir/__/FreeRTOS-Kernel-main/tasks.c.obj
                0x100083c8                xTaskGetCurrentTaskHandle
 .text.xTaskGetSchedulerState
                0x100083d4       0x24 src/CMakeFiles/main.dir/__/FreeRTOS-Kernel-main/tasks.c.obj
                0x100083d4                xTaskGetSchedulerState
 .text.xTaskPriorityDisinherit
                0x100083f8       0xc0 src/CMakeFiles/main.dir/__/FreeRTOS-Kernel-main/tasks.c.obj
                0x100083f8                xTaskPriorityDisinherit
 .text.uxTaskResetEventItemValue
                0x100084b8       0x18 src/CMakeFiles/main.dir/__/FreeRTOS-Kernel-main/tasks.c.obj
                0x100084b8                uxTaskResetEventItemValue
 .text.xTimerPendFunctionCallFromISR
                0x100084d0       0x28 src/CMakeFiles/main.dir/__/FreeRTOS-Kernel-main/timers.c.obj
                0x100084d0                xTimerPendFunctionCallFromISR
 .text.prvHeapInit
                0x100084f8       0x58 src/CMakeFiles/main.dir/__/FreeRTOS-Kernel-main/portable/MemMang/heap_4.c.obj
 .text.pvPortMalloc
                0x10008550      0x188 src/CMakeFiles/main.dir/__/FreeRTOS-Kernel-main/portable/MemMang/heap_4.c.obj
                0x10008550                pvPortMalloc
 .text.ultrasonic_init
                0x100086d8       0x2c ultrasonic/libultrasonic_lib.a(ultrasonic.c.obj)
                0x100086d8                ultrasonic_init
 .text.ultrasonic_get_distance_cm
                0x10008704       0xdc ultrasonic/libultrasonic_lib.a(ultrasonic.c.obj)
                0x10008704                ultrasonic_get_distance_cm
 .text.servo_init
                0x100087e0       0x9c servo/libservo_lib.a(servo.c.obj)
                0x100087e0                servo_init
 .text.servo_set_angle
                0x1000887c       0xc0 servo/libservo_lib.a(servo.c.obj)
                0x1000887c                servo_set_angle
 .text.__sflush_r
                0x1000893c      0x140 c:/progra~1/raspbe~1/picosd~1.1/gcc-ar~1/bin/../lib/gcc/arm-none-eabi/10.3.1/../../../../arm-none-eabi/lib/thumb/v6-m/nofp\libg.a(lib_a-fflush.o)
                0x1000893c                __sflush_r
 .text._fflush_r
                0x10008a7c       0x6c c:/progra~1/raspbe~1/picosd~1.1/gcc-ar~1/bin/../lib/gcc/arm-none-eabi/10.3.1/../../../../arm-none-eabi/lib/thumb/v6-m/nofp\libg.a(lib_a-fflush.o)
                0x10008a7c                _fflush_r
 .text.fflush   0x10008ae8       0x78 c:/progra~1/raspbe~1/picosd~1.1/gcc-ar~1/bin/../lib/gcc/arm-none-eabi/10.3.1/../../../../arm-none-eabi/lib/thumb/v6-m/nofp\libg.a(lib_a-fflush.o)
                0x10008ae8                fflush
 .text._cleanup_r
                0x10008b60       0x10 c:/progra~1/raspbe~1/picosd~1.1/gcc-ar~1/bin/../lib/gcc/arm-none-eabi/10.3.1/../../../../arm-none-eabi/lib/thumb/v6-m/nofp\libg.a(lib_a-findfp.o)
                0x10008b60                _cleanup_r
 .text.__sinit  0x10008b70      0x120 c:/progra~1/raspbe~1/picosd~1.1/gcc-ar~1/bin/../lib/gcc/arm-none-eabi/10.3.1/../../../../arm-none-eabi/lib/thumb/v6-m/nofp\libg.a(lib_a-findfp.o)
                0x10008b70                __sinit
 .text.__sfp_lock_acquire
                0x10008c90       0x10 c:/progra~1/raspbe~1/picosd~1.1/gcc-ar~1/bin/../lib/gcc/arm-none-eabi/10.3.1/../../../../arm-none-eabi/lib/thumb/v6-m/nofp\libg.a(lib_a-findfp.o)
                0x10008c90                __sfp_lock_acquire
 .text.__sfp_lock_release
                0x10008ca0       0x10 c:/progra~1/raspbe~1/picosd~1.1/gcc-ar~1/bin/../lib/gcc/arm-none-eabi/10.3.1/../../../../arm-none-eabi/lib/thumb/v6-m/nofp\libg.a(lib_a-findfp.o)
                0x10008ca0                __sfp_lock_release
 .text._malloc_trim_r
                0x10008cb0       0x9c c:/progra~1/raspbe~1/picosd~1.1/gcc-ar~1/bin/../lib/gcc/arm-none-eabi/10.3.1/../../../../arm-none-eabi/lib/thumb/v6-m/nofp\libg.a(lib_a-freer.o)
                0x10008cb0                _malloc_trim_r
 .text._free_r  0x10008d4c      0x1c4 c:/progra~1/raspbe~1/picosd~1.1/gcc-ar~1/bin/../lib/gcc/arm-none-eabi/10.3.1/../../../../arm-none-eabi/lib/thumb/v6-m/nofp\libg.a(lib_a-freer.o)
                0x10008d4c                _free_r
 .text._fwalk_reent
                0x10008f10       0x48 c:/progra~1/raspbe~1/picosd~1.1/gcc-ar~1/bin/../lib/gcc/arm-none-eabi/10.3.1/../../../../arm-none-eabi/lib/thumb/v6-m/nofp\libg.a(lib_a-fwalk.o)
                0x10008f10                _fwalk_reent
 .text.__retarget_lock_init_recursive
                0x10008f58        0x4 c:/progra~1/raspbe~1/picosd~1.1/gcc-ar~1/bin/../lib/gcc/arm-none-eabi/10.3.1/../../../../arm-none-eabi/lib/thumb/v6-m/nofp\libg.a(lib_a-lock.o)
                0x10008f58                __retarget_lock_init_recursive
 .text.__retarget_lock_close_recursive
                0x10008f5c        0x4 c:/progra~1/raspbe~1/picosd~1.1/gcc-ar~1/bin/../lib/gcc/arm-none-eabi/10.3.1/../../../../arm-none-eabi/lib/thumb/v6-m/nofp\libg.a(lib_a-lock.o)
                0x10008f5c                __retarget_lock_close_recursive
 .text.__retarget_lock_acquire_recursive
                0x10008f60        0x4 c:/progra~1/raspbe~1/picosd~1.1/gcc-ar~1/bin/../lib/gcc/arm-none-eabi/10.3.1/../../../../arm-none-eabi/lib/thumb/v6-m/nofp\libg.a(lib_a-lock.o)
                0x10008f60                __retarget_lock_acquire_recursive
 .text.__retarget_lock_release_recursive
                0x10008f64        0x4 c:/progra~1/raspbe~1/picosd~1.1/gcc-ar~1/bin/../lib/gcc/arm-none-eabi/10.3.1/../../../../arm-none-eabi/lib/thumb/v6-m/nofp\libg.a(lib_a-lock.o)
                0x10008f64                __retarget_lock_release_recursive
 .text.__malloc_lock
                0x10008f68       0x10 c:/progra~1/raspbe~1/picosd~1.1/gcc-ar~1/bin/../lib/gcc/arm-none-eabi/10.3.1/../../../../arm-none-eabi/lib/thumb/v6-m/nofp\libg.a(lib_a-mlock.o)
                0x10008f68                __malloc_lock
 .text.__malloc_unlock
                0x10008f78       0x10 c:/progra~1/raspbe~1/picosd~1.1/gcc-ar~1/bin/../lib/gcc/arm-none-eabi/10.3.1/../../../../arm-none-eabi/lib/thumb/v6-m/nofp\libg.a(lib_a-mlock.o)
                0x10008f78                __malloc_unlock
 .text._sbrk_r  0x10008f88       0x24 c:/progra~1/raspbe~1/picosd~1.1/gcc-ar~1/bin/../lib/gcc/arm-none-eabi/10.3.1/../../../../arm-none-eabi/lib/thumb/v6-m/nofp\libg.a(lib_a-sbrkr.o)
                0x10008f88                _sbrk_r
 .text.__sread  0x10008fac       0x28 c:/progra~1/raspbe~1/picosd~1.1/gcc-ar~1/bin/../lib/gcc/arm-none-eabi/10.3.1/../../../../arm-none-eabi/lib/thumb/v6-m/nofp\libg.a(lib_a-stdio.o)
                0x10008fac                __sread
 .text.__swrite
                0x10008fd4       0x40 c:/progra~1/raspbe~1/picosd~1.1/gcc-ar~1/bin/../lib/gcc/arm-none-eabi/10.3.1/../../../../arm-none-eabi/lib/thumb/v6-m/nofp\libg.a(lib_a-stdio.o)
                0x10008fd4                __swrite
 .text.__sseek  0x10009014       0x2c c:/progra~1/raspbe~1/picosd~1.1/gcc-ar~1/bin/../lib/gcc/arm-none-eabi/10.3.1/../../../../arm-none-eabi/lib/thumb/v6-m/nofp\libg.a(lib_a-stdio.o)
                0x10009014                __sseek
 .text.__sclose
                0x10009040        0xc c:/progra~1/raspbe~1/picosd~1.1/gcc-ar~1/bin/../lib/gcc/arm-none-eabi/10.3.1/../../../../arm-none-eabi/lib/thumb/v6-m/nofp\libg.a(lib_a-stdio.o)
                0x10009040                __sclose
 .text.strlen   0x1000904c       0x5c c:/progra~1/raspbe~1/picosd~1.1/gcc-ar~1/bin/../lib/gcc/arm-none-eabi/10.3.1/../../../../arm-none-eabi/lib/thumb/v6-m/nofp\libg.a(lib_a-strlen-stub.o)
                0x1000904c                strlen
 .text._write_r
                0x100090a8       0x28 c:/progra~1/raspbe~1/picosd~1.1/gcc-ar~1/bin/../lib/gcc/arm-none-eabi/10.3.1/../../../../arm-none-eabi/lib/thumb/v6-m/nofp\libg.a(lib_a-writer.o)
                0x100090a8                _write_r
 .text._close_r
                0x100090d0       0x24 c:/progra~1/raspbe~1/picosd~1.1/gcc-ar~1/bin/../lib/gcc/arm-none-eabi/10.3.1/../../../../arm-none-eabi/lib/thumb/v6-m/nofp\libg.a(lib_a-closer.o)
                0x100090d0                _close_r
 .text._fclose_r
                0x100090f4       0xdc c:/progra~1/raspbe~1/picosd~1.1/gcc-ar~1/bin/../lib/gcc/arm-none-eabi/10.3.1/../../../../arm-none-eabi/lib/thumb/v6-m/nofp\libg.a(lib_a-fclose.o)
                0x100090f4                _fclose_r
 .text._lseek_r
                0x100091d0       0x28 c:/progra~1/raspbe~1/picosd~1.1/gcc-ar~1/bin/../lib/gcc/arm-none-eabi/10.3.1/../../../../arm-none-eabi/lib/thumb/v6-m/nofp\libg.a(lib_a-lseekr.o)
                0x100091d0                _lseek_r
 .text._read_r  0x100091f8       0x28 c:/progra~1/raspbe~1/picosd~1.1/gcc-ar~1/bin/../lib/gcc/arm-none-eabi/10.3.1/../../../../arm-none-eabi/lib/thumb/v6-m/nofp\libg.a(lib_a-readr.o)
                0x100091f8                _read_r
 *(.fini)
 .fini          0x10009220        0x4 c:/progra~1/raspbe~1/picosd~1.1/gcc-ar~1/bin/../lib/gcc/arm-none-eabi/10.3.1/thumb/v6-m/nofp/crti.o
                0x10009220                _fini
 *fill*         0x10009224        0x4 
 .fini.__stub   0x10009228       0xe0 linker stubs
 *crtbegin.o(.ctors)
 *crtbegin?.o(.ctors)
 *(EXCLUDE_FILE(*crtend.o *crtend?.o) .ctors)
 *(SORT_BY_NAME(.ctors.*))
 *(.ctors)
 *crtbegin.o(.dtors)
 *crtbegin?.o(.dtors)
 *(EXCLUDE_FILE(*crtend.o *crtend?.o) .dtors)
 *(SORT_BY_NAME(.dtors.*))
 *(.dtors)
 *(.eh_frame*)
 .eh_frame      0x10009308        0x0 c:/progra~1/raspbe~1/picosd~1.1/gcc-ar~1/bin/../lib/gcc/arm-none-eabi/10.3.1/thumb/v6-m/nofp/crtbegin.o
                0x10009308                . = ALIGN (0x4)

.glue_7         0x10009308        0x0
 .glue_7        0x10009308        0x0 linker stubs

.glue_7t        0x10009308        0x0
 .glue_7t       0x10009308        0x0 linker stubs

.vfp11_veneer   0x10009308        0x0
 .vfp11_veneer  0x10009308        0x0 linker stubs

.v4_bx          0x10009308        0x0
 .v4_bx         0x10009308        0x0 linker stubs

.iplt           0x10009308        0x0
 .iplt          0x10009308        0x0 c:/progra~1/raspbe~1/picosd~1.1/gcc-ar~1/bin/../lib/gcc/arm-none-eabi/10.3.1/thumb/v6-m/nofp/crtbegin.o

.rodata         0x10009308     0x3134
 *(EXCLUDE_FILE(*libm.a: *libc.a:*lib_a-mem*.o *libgcc.a:) .rodata*)
 .rodata.calculate_width_component.str1.4
                0x10009308       0x41 src/CMakeFiles/main.dir/testing_clearpath.c.obj
 *fill*         0x10009349        0x3 
 .rodata.calculate_clearing_angle.str1.4
                0x1000934c       0x4d src/CMakeFiles/main.dir/testing_clearpath.c.obj
 *fill*         0x10009399        0x3 
 .rodata.take_consistent_samples.str1.4
                0x1000939c       0x36 src/CMakeFiles/main.dir/testing_clearpath.c.obj
 *fill*         0x100093d2        0x2 
 .rodata.scan_left_side.str1.4
                0x100093d4      0x125 src/CMakeFiles/main.dir/testing_clearpath.c.obj
 *fill*         0x100094f9        0x3 
 .rodata.scan_right_side.str1.4
                0x100094fc      0x12a src/CMakeFiles/main.dir/testing_clearpath.c.obj
 *fill*         0x10009626        0x2 
 .rodata.determine_clear_path.str1.4
                0x10009628      0x4bf src/CMakeFiles/main.dir/testing_clearpath.c.obj
 *fill*         0x10009ae7        0x1 
 .rodata.print_detection_results.str1.4
                0x10009ae8      0x2e8 src/CMakeFiles/main.dir/testing_clearpath.c.obj
 .rodata.main.str1.4
                0x10009dd0      0x515 src/CMakeFiles/main.dir/testing_clearpath.c.obj
                                0x519 (size before relaxing)
 *fill*         0x1000a2e5        0x3 
 .rodata.spin_lock_claim_unused.str1.4
                0x1000a2e8       0x1b src/CMakeFiles/main.dir/C_/Program_Files/Raspberry_Pi/Pico_SDK_v1.5.1/pico-sdk/src/rp2_common/hardware_sync/sync.c.obj
 *fill*         0x1000a303        0x1 
 .rodata.make_branch.str1.4
                0x1000a304       0x89 src/CMakeFiles/main.dir/C_/Program_Files/Raspberry_Pi/Pico_SDK_v1.5.1/pico-sdk/src/rp2_common/hardware_irq/irq.c.obj
 *fill*         0x1000a38d        0x3 
 .rodata.insert_branch_and_link.str1.4
                0x1000a390       0x10 src/CMakeFiles/main.dir/C_/Program_Files/Raspberry_Pi/Pico_SDK_v1.5.1/pico-sdk/src/rp2_common/hardware_irq/irq.c.obj
 .rodata.irq_set_exclusive_handler.str1.4
                0x1000a3a0       0x36 src/CMakeFiles/main.dir/C_/Program_Files/Raspberry_Pi/Pico_SDK_v1.5.1/pico-sdk/src/rp2_common/hardware_irq/irq.c.obj
 *fill*         0x1000a3d6        0x2 
 .rodata.irq_add_shared_handler.str1.4
                0x1000a3d8       0xd9 src/CMakeFiles/main.dir/C_/Program_Files/Raspberry_Pi/Pico_SDK_v1.5.1/pico-sdk/src/rp2_common/hardware_irq/irq.c.obj
 *fill*         0x1000a4b1        0x3 
 .rodata.irq_remove_handler.str1.4
                0x1000a4b4       0x3a src/CMakeFiles/main.dir/C_/Program_Files/Raspberry_Pi/Pico_SDK_v1.5.1/pico-sdk/src/rp2_common/hardware_irq/irq.c.obj
 *fill*         0x1000a4ee        0x2 
 .rodata.irq_add_tail_to_free_list.str1.4
                0x1000a4f0       0x3a src/CMakeFiles/main.dir/C_/Program_Files/Raspberry_Pi/Pico_SDK_v1.5.1/pico-sdk/src/rp2_common/hardware_irq/irq.c.obj
 *fill*         0x1000a52a        0x2 
 .rodata.user_irq_claim_unused.str1.4
                0x1000a52c       0x1b src/CMakeFiles/main.dir/C_/Program_Files/Raspberry_Pi/Pico_SDK_v1.5.1/pico-sdk/src/rp2_common/hardware_irq/irq.c.obj
 *fill*         0x1000a547        0x1 
 .rodata.__func__.0
                0x1000a548       0x1a src/CMakeFiles/main.dir/C_/Program_Files/Raspberry_Pi/Pico_SDK_v1.5.1/pico-sdk/src/rp2_common/hardware_irq/irq.c.obj
 *fill*         0x1000a562        0x2 
 .rodata.__func__.1
                0x1000a564       0x17 src/CMakeFiles/main.dir/C_/Program_Files/Raspberry_Pi/Pico_SDK_v1.5.1/pico-sdk/src/rp2_common/hardware_irq/irq.c.obj
 *fill*         0x1000a57b        0x1 
 .rodata.__func__.2
                0x1000a57c       0x13 src/CMakeFiles/main.dir/C_/Program_Files/Raspberry_Pi/Pico_SDK_v1.5.1/pico-sdk/src/rp2_common/hardware_irq/irq.c.obj
 *fill*         0x1000a58f        0x1 
 .rodata.__func__.3
                0x1000a590        0xc src/CMakeFiles/main.dir/C_/Program_Files/Raspberry_Pi/Pico_SDK_v1.5.1/pico-sdk/src/rp2_common/hardware_irq/irq.c.obj
 .rodata.__func__.4
                0x1000a59c        0xf src/CMakeFiles/main.dir/C_/Program_Files/Raspberry_Pi/Pico_SDK_v1.5.1/pico-sdk/src/rp2_common/hardware_irq/irq.c.obj
 *fill*         0x1000a5ab        0x1 
 .rodata.__func__.5
                0x1000a5ac       0x17 src/CMakeFiles/main.dir/C_/Program_Files/Raspberry_Pi/Pico_SDK_v1.5.1/pico-sdk/src/rp2_common/hardware_irq/irq.c.obj
 *fill*         0x1000a5c3        0x1 
 .rodata.__func__.6
                0x1000a5c4       0x1a src/CMakeFiles/main.dir/C_/Program_Files/Raspberry_Pi/Pico_SDK_v1.5.1/pico-sdk/src/rp2_common/hardware_irq/irq.c.obj
 *fill*         0x1000a5de        0x2 
 .rodata.str1.4
                0x1000a5e0      0x125 src/CMakeFiles/main.dir/C_/Program_Files/Raspberry_Pi/Pico_SDK_v1.5.1/pico-sdk/src/common/pico_sync/mutex.c.obj
 *fill*         0x1000a705        0x3 
 .rodata.__func__.1
                0x1000a708        0xb src/CMakeFiles/main.dir/C_/Program_Files/Raspberry_Pi/Pico_SDK_v1.5.1/pico-sdk/src/common/pico_sync/mutex.c.obj
 *fill*         0x1000a713        0x1 
 .rodata.__func__.3
                0x1000a714       0x18 src/CMakeFiles/main.dir/C_/Program_Files/Raspberry_Pi/Pico_SDK_v1.5.1/pico-sdk/src/common/pico_sync/mutex.c.obj
 .rodata.__func__.4
                0x1000a72c       0x15 src/CMakeFiles/main.dir/C_/Program_Files/Raspberry_Pi/Pico_SDK_v1.5.1/pico-sdk/src/common/pico_sync/mutex.c.obj
 *fill*         0x1000a741        0x3 
 .rodata.repeating_timer_callback.str1.4
                0x1000a744       0x67 src/CMakeFiles/main.dir/C_/Program_Files/Raspberry_Pi/Pico_SDK_v1.5.1/pico-sdk/src/common/pico_time/time.c.obj
 *fill*         0x1000a7ab        0x1 
 .rodata.timer_pool_entry_comparator.str1.4
                0x1000a7ac       0x22 src/CMakeFiles/main.dir/C_/Program_Files/Raspberry_Pi/Pico_SDK_v1.5.1/pico-sdk/src/common/pico_time/time.c.obj
 *fill*         0x1000a7ce        0x2 
 .rodata.ph_add_child_node.str1.4
                0x1000a7d0       0xb2 src/CMakeFiles/main.dir/C_/Program_Files/Raspberry_Pi/Pico_SDK_v1.5.1/pico-sdk/src/common/pico_time/time.c.obj
 *fill*         0x1000a882        0x2 
 .rodata.add_alarm_under_lock.str1.4
                0x1000a884       0x28 src/CMakeFiles/main.dir/C_/Program_Files/Raspberry_Pi/Pico_SDK_v1.5.1/pico-sdk/src/common/pico_time/time.c.obj
                                 0x2b (size before relaxing)
 .rodata.alarm_pool_alarm_callback.str1.4
                0x1000a8ac       0x98 src/CMakeFiles/main.dir/C_/Program_Files/Raspberry_Pi/Pico_SDK_v1.5.1/pico-sdk/src/common/pico_time/time.c.obj
                                0x118 (size before relaxing)
 .rodata.alarm_pool_get_default.str1.4
                0x1000a944       0x21 src/CMakeFiles/main.dir/C_/Program_Files/Raspberry_Pi/Pico_SDK_v1.5.1/pico-sdk/src/common/pico_time/time.c.obj
 *fill*         0x1000a965        0x3 
 .rodata.alarm_pool_cancel_alarm.str1.4
                0x1000a968       0x27 src/CMakeFiles/main.dir/C_/Program_Files/Raspberry_Pi/Pico_SDK_v1.5.1/pico-sdk/src/common/pico_time/time.c.obj
 *fill*         0x1000a98f        0x1 
 .rodata.sleep_until.str1.4
                0x1000a990       0x4d src/CMakeFiles/main.dir/C_/Program_Files/Raspberry_Pi/Pico_SDK_v1.5.1/pico-sdk/src/common/pico_time/time.c.obj
 *fill*         0x1000a9dd        0x3 
 .rodata.__func__.1
                0x1000a9e0       0x18 src/CMakeFiles/main.dir/C_/Program_Files/Raspberry_Pi/Pico_SDK_v1.5.1/pico-sdk/src/common/pico_time/time.c.obj
 .rodata.__func__.10
                0x1000a9f8       0x15 src/CMakeFiles/main.dir/C_/Program_Files/Raspberry_Pi/Pico_SDK_v1.5.1/pico-sdk/src/common/pico_time/time.c.obj
 *fill*         0x1000aa0d        0x3 
 .rodata.__func__.11
                0x1000aa10       0x1a src/CMakeFiles/main.dir/C_/Program_Files/Raspberry_Pi/Pico_SDK_v1.5.1/pico-sdk/src/common/pico_time/time.c.obj
 *fill*         0x1000aa2a        0x2 
 .rodata.__func__.12
                0x1000aa2c        0xa src/CMakeFiles/main.dir/C_/Program_Files/Raspberry_Pi/Pico_SDK_v1.5.1/pico-sdk/src/common/pico_time/time.c.obj
 *fill*         0x1000aa36        0x2 
 .rodata.__func__.3
                0x1000aa38       0x17 src/CMakeFiles/main.dir/C_/Program_Files/Raspberry_Pi/Pico_SDK_v1.5.1/pico-sdk/src/common/pico_time/time.c.obj
 *fill*         0x1000aa4f        0x1 
 .rodata.__func__.4
                0x1000aa50       0x12 src/CMakeFiles/main.dir/C_/Program_Files/Raspberry_Pi/Pico_SDK_v1.5.1/pico-sdk/src/common/pico_time/time.c.obj
 *fill*         0x1000aa62        0x2 
 .rodata.__func__.5
                0x1000aa64        0xd src/CMakeFiles/main.dir/C_/Program_Files/Raspberry_Pi/Pico_SDK_v1.5.1/pico-sdk/src/common/pico_time/time.c.obj
 *fill*         0x1000aa71        0x3 
 .rodata.__func__.6
                0x1000aa74       0x12 src/CMakeFiles/main.dir/C_/Program_Files/Raspberry_Pi/Pico_SDK_v1.5.1/pico-sdk/src/common/pico_time/time.c.obj
 *fill*         0x1000aa86        0x2 
 .rodata.__func__.7
                0x1000aa88        0xf src/CMakeFiles/main.dir/C_/Program_Files/Raspberry_Pi/Pico_SDK_v1.5.1/pico-sdk/src/common/pico_time/time.c.obj
 *fill*         0x1000aa97        0x1 
 .rodata.__func__.8
                0x1000aa98        0xc src/CMakeFiles/main.dir/C_/Program_Files/Raspberry_Pi/Pico_SDK_v1.5.1/pico-sdk/src/common/pico_time/time.c.obj
 .rodata.__func__.9